Initialized native services in: /home/ubuntu/.gradle/native
Initialized jansi services in: /home/ubuntu/.gradle/native
Found daemon DaemonInfo{pid=78474, address=[acf44c91-e025-44a0-a8c1-050e6966d4bc port:46475, addresses:[/127.0.0.1]], state=Idle, lastBusy=1776243499233, context=DefaultDaemonContext[uid=3bb0ce64-187e-4fe4-ad09-17499b841449,javaHome=/opt/.devin/vscode_bin/vscode-reh-server-linux-x64-122662-bf85ae538ec/vscode-reh-server-linux-x64/extensions/redhat.java-1.32.0-linux-x64/jre/17.0.11-linux-x86_64,daemonRegistryDir=/home/ubuntu/.gradle/daemon,pid=78474,idleTimeout=10800000,priority=NORMAL,daemonOpts=--add-opens,java.base/java.util=ALL-UNNAMED,--add-opens,java.base/java.lang=ALL-UNNAMED,--add-opens,java.base/java.lang.invoke=ALL-UNNAMED,--add-opens,java.base/java.util=ALL-UNNAMED,--add-opens,java.prefs/java.util.prefs=ALL-UNNAMED,--add-opens,java.prefs/java.util.prefs=ALL-UNNAMED,--add-opens,java.base/java.nio.charset=ALL-UNNAMED,--add-opens,java.base/java.net=ALL-UNNAMED,--add-opens,java.base/java.util.concurrent.atomic=ALL-UNNAMED,-XX:MaxMetaspaceSize=256m,-XX:+HeapDumpOnOutOfMemoryError,-Xms256m,-Xmx512m,-Dfile.encoding=UTF-8,-Duser.country=US,-Duser.language=en,-Duser.variant]} however its context does not match the desired criteria.
Java home is different.
Wanted: DefaultDaemonContext[uid=null,javaHome=/usr/lib/jvm/java-11-openjdk-amd64,daemonRegistryDir=/home/ubuntu/.gradle/daemon,pid=83830,idleTimeout=null,priority=NORMAL,daemonOpts=--add-opens,java.base/java.util=ALL-UNNAMED,--add-opens,java.base/java.lang=ALL-UNNAMED,--add-opens,java.base/java.lang.invoke=ALL-UNNAMED,--add-opens,java.base/java.util=ALL-UNNAMED,--add-opens,java.prefs/java.util.prefs=ALL-UNNAMED,--add-opens,java.prefs/java.util.prefs=ALL-UNNAMED,--add-opens,java.base/java.nio.charset=ALL-UNNAMED,--add-opens,java.base/java.net=ALL-UNNAMED,--add-opens,java.base/java.util.concurrent.atomic=ALL-UNNAMED,-XX:MaxMetaspaceSize=256m,-XX:+HeapDumpOnOutOfMemoryError,-Xms256m,-Xmx512m,-Dfile.encoding=UTF-8,-Duser.country,-Duser.language=en,-Duser.variant]
Actual: DefaultDaemonContext[uid=3bb0ce64-187e-4fe4-ad09-17499b841449,javaHome=/opt/.devin/vscode_bin/vscode-reh-server-linux-x64-122662-bf85ae538ec/vscode-reh-server-linux-x64/extensions/redhat.java-1.32.0-linux-x64/jre/17.0.11-linux-x86_64,daemonRegistryDir=/home/ubuntu/.gradle/daemon,pid=78474,idleTimeout=10800000,priority=NORMAL,daemonOpts=--add-opens,java.base/java.util=ALL-UNNAMED,--add-opens,java.base/java.lang=ALL-UNNAMED,--add-opens,java.base/java.lang.invoke=ALL-UNNAMED,--add-opens,java.base/java.util=ALL-UNNAMED,--add-opens,java.prefs/java.util.prefs=ALL-UNNAMED,--add-opens,java.prefs/java.util.prefs=ALL-UNNAMED,--add-opens,java.base/java.nio.charset=ALL-UNNAMED,--add-opens,java.base/java.net=ALL-UNNAMED,--add-opens,java.base/java.util.concurrent.atomic=ALL-UNNAMED,-XX:MaxMetaspaceSize=256m,-XX:+HeapDumpOnOutOfMemoryError,-Xms256m,-Xmx512m,-Dfile.encoding=UTF-8,-Duser.country=US,-Duser.language=en,-Duser.variant]

  Looking for a different daemon...
The client will now receive all logging from the daemon (pid: 81970). The daemon log file: /home/ubuntu/.gradle/daemon/7.4/daemon-81970.out.log
Starting 9th build in daemon [uptime: 3 mins 52.456 secs, performance: 97%, non-heap usage: 36% of 256 MiB]
Using 8 worker leases.
Now considering [/home/ubuntu/repos/spring-boot-realworld-example-app] as hierarchies to watch
Watching the file system is configured to be enabled if available
File system watching is active
Starting Build
Settings evaluated using settings file '/home/ubuntu/repos/spring-boot-realworld-example-app/settings.gradle'.
Projects loaded. Root project using build file '/home/ubuntu/repos/spring-boot-realworld-example-app/build.gradle'.
Included projects: [root project 'spring-boot-realworld-example-app']

> Configure project :
Evaluating root project 'spring-boot-realworld-example-app' using build file '/home/ubuntu/repos/spring-boot-realworld-example-app/build.gradle'.
Applying dependency management to configuration 'bootArchives' in project 'spring-boot-realworld-example-app'
Applying dependency management to configuration 'archives' in project 'spring-boot-realworld-example-app'
Applying dependency management to configuration 'default' in project 'spring-boot-realworld-example-app'
Applying dependency management to configuration 'implementation' in project 'spring-boot-realworld-example-app'
Applying dependency management to configuration 'compileOnly' in project 'spring-boot-realworld-example-app'
Applying dependency management to configuration 'compileClasspath' in project 'spring-boot-realworld-example-app'
Applying dependency management to configuration 'annotationProcessor' in project 'spring-boot-realworld-example-app'
Applying dependency management to configuration 'runtimeOnly' in project 'spring-boot-realworld-example-app'
Applying dependency management to configuration 'runtimeClasspath' in project 'spring-boot-realworld-example-app'
Applying dependency management to configuration 'testImplementation' in project 'spring-boot-realworld-example-app'
Applying dependency management to configuration 'testCompileOnly' in project 'spring-boot-realworld-example-app'
Applying dependency management to configuration 'testCompileClasspath' in project 'spring-boot-realworld-example-app'
Applying dependency management to configuration 'testAnnotationProcessor' in project 'spring-boot-realworld-example-app'
Applying dependency management to configuration 'testRuntimeOnly' in project 'spring-boot-realworld-example-app'
Applying dependency management to configuration 'testRuntimeClasspath' in project 'spring-boot-realworld-example-app'
Applying dependency management to configuration 'testResultsElementsForTest' in project 'spring-boot-realworld-example-app'
Applying dependency management to configuration 'apiElements' in project 'spring-boot-realworld-example-app'
Applying dependency management to configuration 'runtimeElements' in project 'spring-boot-realworld-example-app'
Applying dependency management to configuration 'mainSourceElements' in project 'spring-boot-realworld-example-app'
Applying dependency management to configuration 'developmentOnly' in project 'spring-boot-realworld-example-app'
Applying dependency management to configuration 'productionRuntimeClasspath' in project 'spring-boot-realworld-example-app'
All projects evaluated.
Selected primary task 'clean' from project :
Selected primary task 'test' from project :
Tasks to be executed: [task ':clean', task ':compileJava', task ':processResources', task ':classes', task ':compileTestJava', task ':processTestResources', task ':testClasses', task ':test']
Tasks that were excluded: []
:clean (Thread[Execution worker for ':',5,main]) started.

> Task :clean
Caching disabled for task ':clean' because:
  Build cache is disabled
Task ':clean' is not up-to-date because:
  Task has not declared any outputs despite executing actions.
Watching 2 directories to track changes
Watching 1 directories to track changes
Watching 0 directories to track changes
:clean (Thread[Execution worker for ':',5,main]) completed. Took 0.023 secs.
destroyer locations for task group 0 (Thread[Execution worker for ':',5,main]) started.
destroyer locations for task group 0 (Thread[Execution worker for ':',5,main]) completed. Took 0.0 secs.
:compileJava (Thread[Execution worker for ':',5,main]) started.

> Task :compileJava
Watching 22 directories to track changes
Watching 23 directories to track changes
Watching 24 directories to track changes
Watching 24 directories to track changes
Watching 24 directories to track changes
Watching 24 directories to track changes
Watching 24 directories to track changes
Resolving global dependency management for project 'spring-boot-realworld-example-app'
Excluding []
Excluding []
Caching disabled for task ':compileJava' because:
  Build cache is disabled
Task ':compileJava' is not up-to-date because:
  Output property 'destinationDirectory' file /home/ubuntu/repos/spring-boot-realworld-example-app/build/classes/java/main has been removed.
  Output property 'destinationDirectory' file /home/ubuntu/repos/spring-boot-realworld-example-app/build/classes/java/main/io has been removed.
  Output property 'destinationDirectory' file /home/ubuntu/repos/spring-boot-realworld-example-app/build/classes/java/main/io/spring has been removed.
Watching 24 directories to track changes
Watching 24 directories to track changes
Watching 24 directories to track changes
Watching 24 directories to track changes
The input changes require a full rebuild for incremental task ':compileJava'.
Full recompilation is required because no incremental change information is available. This is usually caused by clean builds or changing compiler arguments.
Compiling with toolchain '/usr/lib/jvm/java-11-openjdk-amd64'.
Compiling with JDK Java compiler API.
Class dependency analysis for incremental compilation took 0.007 secs.
Created classpath snapshot for incremental compilation in 0.039 secs.
Watching 46 directories to track changes
Watching 47 directories to track changes
Watching 48 directories to track changes
Watching 49 directories to track changes
:compileJava (Thread[Execution worker for ':',5,main]) completed. Took 1.529 secs.
:processResources (Thread[Execution worker for ':',5,main]) started.

> Task :processResources
Watching 53 directories to track changes
Watching 54 directories to track changes
Caching disabled for task ':processResources' because:
  Build cache is disabled
Task ':processResources' is not up-to-date because:
  Output property 'destinationDir' file /home/ubuntu/repos/spring-boot-realworld-example-app/build/resources/main has been removed.
  Output property 'destinationDir' file /home/ubuntu/repos/spring-boot-realworld-example-app/build/resources/main/application-test.properties has been removed.
  Output property 'destinationDir' file /home/ubuntu/repos/spring-boot-realworld-example-app/build/resources/main/application.properties has been removed.
Watching 53 directories to track changes
Watching 57 directories to track changes
:processResources (Thread[Execution worker for ':',5,main]) completed. Took 0.014 secs.
:classes (Thread[Execution worker for ':',5,main]) started.

> Task :classes
Skipping task ':classes' as it has no actions.
:classes (Thread[Execution worker for ':',5,main]) completed. Took 0.0 secs.
:compileTestJava (Thread[Execution worker for ':',5,main]) started.

> Task :compileTestJava
Watching 74 directories to track changes
Watching 75 directories to track changes
Watching 76 directories to track changes
Watching 77 directories to track changes
Watching 78 directories to track changes
Excluding [commons-logging:commons-logging]
Excluding []
Caching disabled for task ':compileTestJava' because:
  Build cache is disabled
Task ':compileTestJava' is not up-to-date because:
  No history is available.
Watching 77 directories to track changes
Watching 76 directories to track changes
Watching 75 directories to track changes
Watching 74 directories to track changes
The input changes require a full rebuild for incremental task ':compileTestJava'.
Full recompilation is required because no incremental change information is available. This is usually caused by clean builds or changing compiler arguments.
Compiling with toolchain '/usr/lib/jvm/java-11-openjdk-amd64'.
Compiling with JDK Java compiler API.
Class dependency analysis for incremental compilation took 0.041 secs.
Created classpath snapshot for incremental compilation in 2.802 secs.
Watching 91 directories to track changes
Watching 92 directories to track changes
Watching 93 directories to track changes
Watching 94 directories to track changes
:compileTestJava (Thread[Execution worker for ':',5,main]) completed. Took 4.957 secs.
:processTestResources (Thread[Execution worker for ':',5,main]) started.

> Task :processTestResources NO-SOURCE
Watching 95 directories to track changes
Skipping task ':processTestResources' as it has no source files and no previous output files.
:processTestResources (Thread[Execution worker for ':',5,main]) completed. Took 0.003 secs.
:testClasses (Thread[Execution worker for ':',5,main]) started.

> Task :testClasses
Skipping task ':testClasses' as it has no actions.
:testClasses (Thread[Execution worker for ':',5,main]) completed. Took 0.0 secs.
:test (Thread[Execution worker for ':' Thread 6,5,main]) started.
Gradle Test Executor 1 started executing tests.

> Task :test
Watching 96 directories to track changes
Watching 96 directories to track changes
Watching 97 directories to track changes
Excluding []
Caching disabled for task ':test' because:
  Build cache is disabled
Task ':test' is not up-to-date because:
  No history is available.
Watching 97 directories to track changes
Watching 96 directories to track changes
Starting process 'Gradle Test Executor 1'. Working directory: /home/ubuntu/repos/spring-boot-realworld-example-app Command: /usr/lib/jvm/java-11-openjdk-amd64/bin/java -Dorg.gradle.internal.worker.tmpdir=/home/ubuntu/repos/spring-boot-realworld-example-app/build/tmp/test/work -Dorg.gradle.native=false @/home/ubuntu/.gradle/.tmp/gradle-worker-classpath15649751912981617836txt -Xmx512m -Dfile.encoding=UTF-8 -Duser.country -Duser.language=en -Duser.variant -ea worker.org.gradle.process.internal.worker.GradleWorkerMain 'Gradle Test Executor 1'
Successfully started process 'Gradle Test Executor 1'

RealworldApplicationTests STANDARD_OUT
    09:04:13.411 [Test worker] DEBUG org.springframework.test.context.BootstrapUtils - Instantiating CacheAwareContextLoaderDelegate from class [org.springframework.test.context.cache.DefaultCacheAwareContextLoaderDelegate]
    09:04:13.423 [Test worker] DEBUG org.springframework.test.context.BootstrapUtils - Instantiating BootstrapContext using constructor [public org.springframework.test.context.support.DefaultBootstrapContext(java.lang.Class,org.springframework.test.context.CacheAwareContextLoaderDelegate)]
    09:04:13.463 [Test worker] DEBUG org.springframework.test.context.BootstrapUtils - Instantiating TestContextBootstrapper for test class [io.spring.RealworldApplicationTests] from class [org.springframework.boot.test.context.SpringBootTestContextBootstrapper]
    09:04:13.482 [Test worker] INFO org.springframework.boot.test.context.SpringBootTestContextBootstrapper - Neither @ContextConfiguration nor @ContextHierarchy found for test class [io.spring.RealworldApplicationTests], using SpringBootContextLoader
    09:04:13.486 [Test worker] DEBUG org.springframework.test.context.support.AbstractContextLoader - Did not detect default resource location for test class [io.spring.RealworldApplicationTests]: class path resource [io/spring/RealworldApplicationTests-context.xml] does not exist
    09:04:13.487 [Test worker] DEBUG org.springframework.test.context.support.AbstractContextLoader - Did not detect default resource location for test class [io.spring.RealworldApplicationTests]: class path resource [io/spring/RealworldApplicationTestsContext.groovy] does not exist
    09:04:13.487 [Test worker] INFO org.springframework.test.context.support.AbstractContextLoader - Could not detect default resource locations for test class [io.spring.RealworldApplicationTests]: no resource found for suffixes {-context.xml, Context.groovy}.
    09:04:13.488 [Test worker] INFO org.springframework.test.context.support.AnnotationConfigContextLoaderUtils - Could not detect default configuration classes for test class [io.spring.RealworldApplicationTests]: RealworldApplicationTests does not declare any static, non-private, non-final, nested classes annotated with @Configuration.
    09:04:13.561 [Test worker] DEBUG org.springframework.test.context.support.ActiveProfilesUtils - Could not find an 'annotation declaring class' for annotation type [org.springframework.test.context.ActiveProfiles] and class [io.spring.RealworldApplicationTests]
    09:04:13.644 [Test worker] DEBUG org.springframework.context.annotation.ClassPathScanningCandidateComponentProvider - Identified candidate component class: file [/home/ubuntu/repos/spring-boot-realworld-example-app/build/classes/java/main/io/spring/RealWorldApplication.class]
    09:04:13.645 [Test worker] INFO org.springframework.boot.test.context.SpringBootTestContextBootstrapper - Found @SpringBootConfiguration io.spring.RealWorldApplication for test class io.spring.RealworldApplicationTests
    09:04:13.813 [Test worker] DEBUG org.springframework.boot.test.context.SpringBootTestContextBootstrapper - @TestExecutionListeners is not present for class [io.spring.RealworldApplicationTests]: using defaults.
    09:04:13.815 [Test worker] INFO org.springframework.boot.test.context.SpringBootTestContextBootstrapper - Loaded default TestExecutionListener class names from location [META-INF/spring.factories]: [org.springframework.security.test.context.support.WithSecurityContextTestExecutionListener, org.springframework.security.test.context.support.ReactorContextTestExecutionListener, org.springframework.boot.test.autoconfigure.restdocs.RestDocsTestExecutionListener, org.springframework.boot.test.autoconfigure.web.client.MockRestServiceServerResetTestExecutionListener, org.springframework.boot.test.autoconfigure.web.servlet.MockMvcPrintOnlyOnFailureTestExecutionListener, org.springframework.boot.test.autoconfigure.web.servlet.WebDriverTestExecutionListener, org.springframework.boot.test.autoconfigure.webservices.client.MockWebServiceServerTestExecutionListener, org.springframework.boot.test.mock.mockito.MockitoTestExecutionListener, org.springframework.boot.test.mock.mockito.ResetMocksTestExecutionListener, org.springframework.test.context.web.ServletTestExecutionListener, org.springframework.test.context.support.DirtiesContextBeforeModesTestExecutionListener, org.springframework.test.context.event.ApplicationEventsTestExecutionListener, org.springframework.test.context.support.DependencyInjectionTestExecutionListener, org.springframework.test.context.support.DirtiesContextTestExecutionListener, org.springframework.test.context.transaction.TransactionalTestExecutionListener, org.springframework.test.context.jdbc.SqlScriptsTestExecutionListener, org.springframework.test.context.event.EventPublishingTestExecutionListener]
    09:04:13.845 [Test worker] INFO org.springframework.boot.test.context.SpringBootTestContextBootstrapper - Using TestExecutionListeners: [org.springframework.test.context.web.ServletTestExecutionListener@7cbee484, org.springframework.test.context.support.DirtiesContextBeforeModesTestExecutionListener@7f811d00, org.springframework.test.context.event.ApplicationEventsTestExecutionListener@62923ee6, org.springframework.boot.test.mock.mockito.MockitoTestExecutionListener@4089713, org.springframework.boot.test.autoconfigure.SpringBootDependencyInjectionTestExecutionListener@f19c9d2, org.springframework.test.context.support.DirtiesContextTestExecutionListener@7807ac2c, org.springframework.test.context.transaction.TransactionalTestExecutionListener@b91d8c4, org.springframework.test.context.jdbc.SqlScriptsTestExecutionListener@4b6166aa, org.springframework.security.test.context.support.WithSecurityContextTestExecutionListener@a77614d, org.springframework.test.context.event.EventPublishingTestExecutionListener@4fd4cae3, org.springframework.security.test.context.support.ReactorContextTestExecutionListener@4a067c25, org.springframework.boot.test.autoconfigure.restdocs.RestDocsTestExecutionListener@a1217f9, org.springframework.boot.test.autoconfigure.web.client.MockRestServiceServerResetTestExecutionListener@3bde62ff, org.springframework.boot.test.autoconfigure.web.servlet.MockMvcPrintOnlyOnFailureTestExecutionListener@523424b5, org.springframework.boot.test.autoconfigure.web.servlet.WebDriverTestExecutionListener@2baa8d82, org.springframework.boot.test.autoconfigure.webservices.client.MockWebServiceServerTestExecutionListener@319dead1, org.springframework.boot.test.mock.mockito.ResetMocksTestExecutionListener@791cbf87]
    09:04:13.854 [Test worker] DEBUG org.springframework.test.context.support.AbstractDirtiesContextTestExecutionListener - Before test class: context [DefaultTestContext@5990e6c5 testClass = RealworldApplicationTests, testInstance = [null], testMethod = [null], testException = [null], mergedContextConfiguration = [WebMergedContextConfiguration@56e07a08 testClass = RealworldApplicationTests, locations = '{}', classes = '{class io.spring.RealWorldApplication}', contextInitializerClasses = '[]', activeProfiles = '{}', propertySourceLocations = '{}', propertySourceProperties = '{org.springframework.boot.test.context.SpringBootTestContextBootstrapper=true}', contextCustomizers = set[org.springframework.boot.test.autoconfigure.actuate.metrics.MetricsExportContextCustomizerFactory$DisableMetricExportContextCustomizer@146587a2, org.springframework.boot.test.autoconfigure.properties.PropertyMappingContextCustomizer@0, org.springframework.boot.test.autoconfigure.web.servlet.WebDriverContextCustomizerFactory$Customizer@115667d, org.springframework.boot.test.context.filter.ExcludeFilterContextCustomizer@497486b3, org.springframework.boot.test.json.DuplicateJsonObjectContextCustomizerFactory$DuplicateJsonObjectContextCustomizer@6127a7e, org.springframework.boot.test.mock.mockito.MockitoContextCustomizer@0, org.springframework.boot.test.web.client.TestRestTemplateContextCustomizer@2d6764b2, org.springframework.boot.test.context.SpringBootTestArgs@1, org.springframework.boot.test.context.SpringBootTestWebEnvironment@672872e1], resourceBasePath = 'src/main/webapp', contextLoader = 'org.springframework.boot.test.context.SpringBootContextLoader', parent = [null]], attributes = map['org.springframework.test.context.web.ServletTestExecutionListener.activateListener' -> true]], class annotated with @DirtiesContext [false] with mode [null].

      .   ____          _            __ _ _
     /\\ / ___'_ __ _ _(_)_ __  __ _ \ \ \ \
    ( ( )\___ | '_ | '_| | '_ \/ _` | \ \ \ \
     \\/  ___)| |_)| | | | | || (_| |  ) ) ) )
      '  |____| .__|_| |_|_| |_\__, | / / / /
     =========|_|==============|___/=/_/_/_/
     :: Spring Boot ::                (v2.6.3)

    2026-04-15 09:04:14.248  INFO 83996 --- [    Test worker] io.spring.RealworldApplicationTests      : Starting RealworldApplicationTests using Java 11.0.30 on devin-box with PID 83996 (started by ubuntu in /home/ubuntu/repos/spring-boot-realworld-example-app)
    2026-04-15 09:04:14.249  INFO 83996 --- [    Test worker] io.spring.RealworldApplicationTests      : No active profile set, falling back to default profiles: default
    2026-04-15 09:04:17.028  INFO 83996 --- [    Test worker] .s.s.UserDetailsServiceAutoConfiguration : 

    Using generated security password: 9d65a0ce-bf6b-4a21-9d35-5b0c4d69120b

    2026-04-15 09:04:17.190  INFO 83996 --- [    Test worker] o.s.s.web.DefaultSecurityFilterChain     : Will secure any request with [org.springframework.security.web.context.request.async.WebAsyncManagerIntegrationFilter@1b3bec6c, org.springframework.security.web.context.SecurityContextPersistenceFilter@bf2aa32, org.springframework.security.web.header.HeaderWriterFilter@1152900, org.springframework.web.filter.CorsFilter@53f7a906, org.springframework.security.web.authentication.logout.LogoutFilter@3f3c8b60, io.spring.api.security.JwtTokenFilter@2154652c, org.springframework.security.web.savedrequest.RequestCacheAwareFilter@426710f0, org.springframework.security.web.servletapi.SecurityContextHolderAwareRequestFilter@2ba9f986, org.springframework.security.web.authentication.AnonymousAuthenticationFilter@8b670c0, org.springframework.security.web.session.SessionManagementFilter@b5c902, org.springframework.security.web.access.ExceptionTranslationFilter@1de7f898, org.springframework.security.web.access.intercept.FilterSecurityInterceptor@19bf47fc]
    2026-04-15 09:04:17.743  INFO 83996 --- [    Test worker] com.zaxxer.hikari.HikariDataSource       : HikariPool-1 - Starting...
    2026-04-15 09:04:17.813  INFO 83996 --- [    Test worker] com.zaxxer.hikari.HikariDataSource       : HikariPool-1 - Start completed.
    2026-04-15 09:04:17.823  INFO 83996 --- [    Test worker] o.f.c.internal.license.VersionPrinter    : Flyway Community Edition 8.0.5 by Redgate
    2026-04-15 09:04:17.823  INFO 83996 --- [    Test worker] o.f.c.i.database.base.BaseDatabaseType   : Database: jdbc:sqlite:dev.db (SQLite 3.36)
    2026-04-15 09:04:17.858  INFO 83996 --- [    Test worker] o.f.core.internal.command.DbValidate     : Successfully validated 1 migration (execution time 00:00.007s)
    2026-04-15 09:04:17.860  INFO 83996 --- [    Test worker] o.f.c.i.s.JdbcTableSchemaHistory         : Creating Schema History table "main"."flyway_schema_history" ...
    2026-04-15 09:04:17.874  INFO 83996 --- [    Test worker] o.f.core.internal.command.DbMigrate      : Current version of schema "main": << Empty Schema >>
    2026-04-15 09:04:17.880  INFO 83996 --- [    Test worker] o.f.core.internal.command.DbMigrate      : Migrating schema "main" to version "1 - create tables"
    2026-04-15 09:04:17.888  INFO 83996 --- [    Test worker] o.f.core.internal.command.DbMigrate      : Successfully applied 1 migration to schema "main", now at version v1 (execution time 00:00.013s)
    2026-04-15 09:04:18.007  INFO 83996 --- [    Test worker] io.spring.RealworldApplicationTests      : Started RealworldApplicationTests in 4.113 seconds (JVM running for 5.616)

ArticleApiTest STANDARD_OUT
    2026-04-15 09:04:18.295  INFO 83996 --- [    Test worker] .b.t.a.w.s.WebMvcTestContextBootstrapper : Neither @ContextConfiguration nor @ContextHierarchy found for test class [io.spring.api.ArticleApiTest], using SpringBootContextLoader
    2026-04-15 09:04:18.295  INFO 83996 --- [    Test worker] o.s.t.c.support.AbstractContextLoader    : Could not detect default resource locations for test class [io.spring.api.ArticleApiTest]: no resource found for suffixes {-context.xml, Context.groovy}.
    2026-04-15 09:04:18.296  INFO 83996 --- [    Test worker] t.c.s.AnnotationConfigContextLoaderUtils : Could not detect default configuration classes for test class [io.spring.api.ArticleApiTest]: ArticleApiTest does not declare any static, non-private, non-final, nested classes annotated with @Configuration.
    2026-04-15 09:04:18.316  INFO 83996 --- [    Test worker] .b.t.c.SpringBootTestContextBootstrapper : Found @SpringBootConfiguration io.spring.RealWorldApplication for test class io.spring.api.ArticleApiTest
    2026-04-15 09:04:18.317  INFO 83996 --- [    Test worker] .b.t.a.w.s.WebMvcTestContextBootstrapper : Loaded default TestExecutionListener class names from location [META-INF/spring.factories]: [org.springframework.security.test.context.support.WithSecurityContextTestExecutionListener, org.springframework.security.test.context.support.ReactorContextTestExecutionListener, org.springframework.boot.test.autoconfigure.restdocs.RestDocsTestExecutionListener, org.springframework.boot.test.autoconfigure.web.client.MockRestServiceServerResetTestExecutionListener, org.springframework.boot.test.autoconfigure.web.servlet.MockMvcPrintOnlyOnFailureTestExecutionListener, org.springframework.boot.test.autoconfigure.web.servlet.WebDriverTestExecutionListener, org.springframework.boot.test.autoconfigure.webservices.client.MockWebServiceServerTestExecutionListener, org.springframework.boot.test.mock.mockito.MockitoTestExecutionListener, org.springframework.boot.test.mock.mockito.ResetMocksTestExecutionListener, org.springframework.test.context.web.ServletTestExecutionListener, org.springframework.test.context.support.DirtiesContextBeforeModesTestExecutionListener, org.springframework.test.context.event.ApplicationEventsTestExecutionListener, org.springframework.test.context.support.DependencyInjectionTestExecutionListener, org.springframework.test.context.support.DirtiesContextTestExecutionListener, org.springframework.test.context.transaction.TransactionalTestExecutionListener, org.springframework.test.context.jdbc.SqlScriptsTestExecutionListener, org.springframework.test.context.event.EventPublishingTestExecutionListener]
    2026-04-15 09:04:18.318  INFO 83996 --- [    Test worker] .b.t.a.w.s.WebMvcTestContextBootstrapper : Using TestExecutionListeners: [org.springframework.test.context.web.ServletTestExecutionListener@3d3b4e09, org.springframework.test.context.support.DirtiesContextBeforeModesTestExecutionListener@5dc9d25a, org.springframework.test.context.event.ApplicationEventsTestExecutionListener@686fb58a, org.springframework.boot.test.mock.mockito.MockitoTestExecutionListener@2c4be45f, org.springframework.boot.test.autoconfigure.SpringBootDependencyInjectionTestExecutionListener@4be7acd9, org.springframework.test.context.support.DirtiesContextTestExecutionListener@58afecfd, org.springframework.test.context.transaction.TransactionalTestExecutionListener@4d79d187, org.springframework.test.context.jdbc.SqlScriptsTestExecutionListener@3e63bd6b, org.springframework.security.test.context.support.WithSecurityContextTestExecutionListener@48144f1a, org.springframework.test.context.event.EventPublishingTestExecutionListener@6f7b8ae1, org.springframework.security.test.context.support.ReactorContextTestExecutionListener@6c8d8b60, org.springframework.boot.test.autoconfigure.restdocs.RestDocsTestExecutionListener@4fa6fb7f, org.springframework.boot.test.autoconfigure.web.client.MockRestServiceServerResetTestExecutionListener@2520010e, org.springframework.boot.test.autoconfigure.web.servlet.MockMvcPrintOnlyOnFailureTestExecutionListener@163fbbc9, org.springframework.boot.test.autoconfigure.web.servlet.WebDriverTestExecutionListener@1669f4e5, org.springframework.boot.test.autoconfigure.webservices.client.MockWebServiceServerTestExecutionListener@6e6c8854, org.springframework.boot.test.mock.mockito.ResetMocksTestExecutionListener@4be1dce6]

      .   ____          _            __ _ _
     /\\ / ___'_ __ _ _(_)_ __  __ _ \ \ \ \
    ( ( )\___ | '_ | '_| | '_ \/ _` | \ \ \ \
     \\/  ___)| |_)| | | | | || (_| |  ) ) ) )
      '  |____| .__|_| |_|_| |_\__, | / / / /
     =========|_|==============|___/=/_/_/_/
     :: Spring Boot ::                (v2.6.3)

    2026-04-15 09:04:18.346  INFO 83996 --- [    Test worker] io.spring.api.ArticleApiTest             : Starting ArticleApiTest using Java 11.0.30 on devin-box with PID 83996 (started by ubuntu in /home/ubuntu/repos/spring-boot-realworld-example-app)
    2026-04-15 09:04:18.346  INFO 83996 --- [    Test worker] io.spring.api.ArticleApiTest             : No active profile set, falling back to default profiles: default
    2026-04-15 09:04:18.717  INFO 83996 --- [    Test worker] .s.s.UserDetailsServiceAutoConfiguration : 

    Using generated security password: 14b6d6d4-2a28-4694-ab0b-3dc05e8e0c30

    2026-04-15 09:04:18.768  INFO 83996 --- [    Test worker] o.s.s.web.DefaultSecurityFilterChain     : Will secure any request with [org.springframework.security.web.context.request.async.WebAsyncManagerIntegrationFilter@58690f5e, org.springframework.security.web.context.SecurityContextPersistenceFilter@29a50a11, org.springframework.security.web.header.HeaderWriterFilter@35277c6c, org.springframework.web.filter.CorsFilter@4b9d2cee, org.springframework.security.web.authentication.logout.LogoutFilter@337fb1a5, io.spring.api.security.JwtTokenFilter@1a390b8c, org.springframework.security.web.savedrequest.RequestCacheAwareFilter@74cff17c, org.springframework.security.web.servletapi.SecurityContextHolderAwareRequestFilter@7a053795, org.springframework.security.web.authentication.AnonymousAuthenticationFilter@337eeceb, org.springframework.security.web.session.SessionManagementFilter@7a364e1c, org.springframework.security.web.access.ExceptionTranslationFilter@23ffc910, org.springframework.security.web.access.intercept.FilterSecurityInterceptor@57bfca3a]
    2026-04-15 09:04:18.973  INFO 83996 --- [    Test worker] o.s.b.t.m.w.SpringBootMockServletContext : Initializing Spring TestDispatcherServlet ''
    2026-04-15 09:04:18.974  INFO 83996 --- [    Test worker] o.s.t.web.servlet.TestDispatcherServlet  : Initializing Servlet ''
    2026-04-15 09:04:18.975  INFO 83996 --- [    Test worker] o.s.t.web.servlet.TestDispatcherServlet  : Completed initialization in 1 ms
    2026-04-15 09:04:19.006  INFO 83996 --- [    Test worker] io.spring.api.ArticleApiTest             : Started ArticleApiTest in 0.684 seconds (JVM running for 6.614)

ArticleFavoriteApiTest STANDARD_OUT
    2026-04-15 09:04:20.648  INFO 83996 --- [    Test worker] .b.t.a.w.s.WebMvcTestContextBootstrapper : Neither @ContextConfiguration nor @ContextHierarchy found for test class [io.spring.api.ArticleFavoriteApiTest], using SpringBootContextLoader
    2026-04-15 09:04:20.649  INFO 83996 --- [    Test worker] o.s.t.c.support.AbstractContextLoader    : Could not detect default resource locations for test class [io.spring.api.ArticleFavoriteApiTest]: no resource found for suffixes {-context.xml, Context.groovy}.
    2026-04-15 09:04:20.650  INFO 83996 --- [    Test worker] t.c.s.AnnotationConfigContextLoaderUtils : Could not detect default configuration classes for test class [io.spring.api.ArticleFavoriteApiTest]: ArticleFavoriteApiTest does not declare any static, non-private, non-final, nested classes annotated with @Configuration.
    2026-04-15 09:04:20.652  INFO 83996 --- [    Test worker] .b.t.c.SpringBootTestContextBootstrapper : Found @SpringBootConfiguration io.spring.RealWorldApplication for test class io.spring.api.ArticleFavoriteApiTest
    2026-04-15 09:04:20.653  INFO 83996 --- [    Test worker] .b.t.a.w.s.WebMvcTestContextBootstrapper : Loaded default TestExecutionListener class names from location [META-INF/spring.factories]: [org.springframework.security.test.context.support.WithSecurityContextTestExecutionListener, org.springframework.security.test.context.support.ReactorContextTestExecutionListener, org.springframework.boot.test.autoconfigure.restdocs.RestDocsTestExecutionListener, org.springframework.boot.test.autoconfigure.web.client.MockRestServiceServerResetTestExecutionListener, org.springframework.boot.test.autoconfigure.web.servlet.MockMvcPrintOnlyOnFailureTestExecutionListener, org.springframework.boot.test.autoconfigure.web.servlet.WebDriverTestExecutionListener, org.springframework.boot.test.autoconfigure.webservices.client.MockWebServiceServerTestExecutionListener, org.springframework.boot.test.mock.mockito.MockitoTestExecutionListener, org.springframework.boot.test.mock.mockito.ResetMocksTestExecutionListener, org.springframework.test.context.web.ServletTestExecutionListener, org.springframework.test.context.support.DirtiesContextBeforeModesTestExecutionListener, org.springframework.test.context.event.ApplicationEventsTestExecutionListener, org.springframework.test.context.support.DependencyInjectionTestExecutionListener, org.springframework.test.context.support.DirtiesContextTestExecutionListener, org.springframework.test.context.transaction.TransactionalTestExecutionListener, org.springframework.test.context.jdbc.SqlScriptsTestExecutionListener, org.springframework.test.context.event.EventPublishingTestExecutionListener]
    2026-04-15 09:04:20.654  INFO 83996 --- [    Test worker] .b.t.a.w.s.WebMvcTestContextBootstrapper : Using TestExecutionListeners: [org.springframework.test.context.web.ServletTestExecutionListener@2e640411, org.springframework.test.context.support.DirtiesContextBeforeModesTestExecutionListener@5e609b42, org.springframework.test.context.event.ApplicationEventsTestExecutionListener@5fe19d0e, org.springframework.boot.test.mock.mockito.MockitoTestExecutionListener@24673720, org.springframework.boot.test.autoconfigure.SpringBootDependencyInjectionTestExecutionListener@2aadeb31, org.springframework.test.context.support.DirtiesContextTestExecutionListener@704ddfad, org.springframework.test.context.transaction.TransactionalTestExecutionListener@23973547, org.springframework.test.context.jdbc.SqlScriptsTestExecutionListener@3ed4c822, org.springframework.security.test.context.support.WithSecurityContextTestExecutionListener@7b6558aa, org.springframework.test.context.event.EventPublishingTestExecutionListener@65cb50dc, org.springframework.security.test.context.support.ReactorContextTestExecutionListener@7fec6c2f, org.springframework.boot.test.autoconfigure.restdocs.RestDocsTestExecutionListener@67e12e28, org.springframework.boot.test.autoconfigure.web.client.MockRestServiceServerResetTestExecutionListener@36109a76, org.springframework.boot.test.autoconfigure.web.servlet.MockMvcPrintOnlyOnFailureTestExecutionListener@96271d8, org.springframework.boot.test.autoconfigure.web.servlet.WebDriverTestExecutionListener@15f3f9cf, org.springframework.boot.test.autoconfigure.webservices.client.MockWebServiceServerTestExecutionListener@7b8d1537, org.springframework.boot.test.mock.mockito.ResetMocksTestExecutionListener@497cf31a]

      .   ____          _            __ _ _
     /\\ / ___'_ __ _ _(_)_ __  __ _ \ \ \ \
    ( ( )\___ | '_ | '_| | '_ \/ _` | \ \ \ \
     \\/  ___)| |_)| | | | | || (_| |  ) ) ) )
      '  |____| .__|_| |_|_| |_\__, | / / / /
     =========|_|==============|___/=/_/_/_/
     :: Spring Boot ::                (v2.6.3)

    2026-04-15 09:04:20.677  INFO 83996 --- [    Test worker] io.spring.api.ArticleFavoriteApiTest     : Starting ArticleFavoriteApiTest using Java 11.0.30 on devin-box with PID 83996 (started by ubuntu in /home/ubuntu/repos/spring-boot-realworld-example-app)
    2026-04-15 09:04:20.678  INFO 83996 --- [    Test worker] io.spring.api.ArticleFavoriteApiTest     : No active profile set, falling back to default profiles: default
    2026-04-15 09:04:20.967  INFO 83996 --- [    Test worker] .s.s.UserDetailsServiceAutoConfiguration : 

    Using generated security password: 88639f5e-493d-490c-a68d-42a3f34c5ed1

    2026-04-15 09:04:21.022  INFO 83996 --- [    Test worker] o.s.s.web.DefaultSecurityFilterChain     : Will secure any request with [org.springframework.security.web.context.request.async.WebAsyncManagerIntegrationFilter@8ba7408, org.springframework.security.web.context.SecurityContextPersistenceFilter@750448fb, org.springframework.security.web.header.HeaderWriterFilter@4708acc6, org.springframework.web.filter.CorsFilter@17616c07, org.springframework.security.web.authentication.logout.LogoutFilter@1c74251b, io.spring.api.security.JwtTokenFilter@58e46572, org.springframework.security.web.savedrequest.RequestCacheAwareFilter@724e82d9, org.springframework.security.web.servletapi.SecurityContextHolderAwareRequestFilter@70a26eca, org.springframework.security.web.authentication.AnonymousAuthenticationFilter@5eba0cc5, org.springframework.security.web.session.SessionManagementFilter@59cc46a4, org.springframework.security.web.access.ExceptionTranslationFilter@d41518b, org.springframework.security.web.access.intercept.FilterSecurityInterceptor@47483211]
    2026-04-15 09:04:21.224  INFO 83996 --- [    Test worker] o.s.b.t.m.w.SpringBootMockServletContext : Initializing Spring TestDispatcherServlet ''
    2026-04-15 09:04:21.225  INFO 83996 --- [    Test worker] o.s.t.web.servlet.TestDispatcherServlet  : Initializing Servlet ''
    2026-04-15 09:04:21.225  INFO 83996 --- [    Test worker] o.s.t.web.servlet.TestDispatcherServlet  : Completed initialization in 0 ms
    2026-04-15 09:04:21.236  INFO 83996 --- [    Test worker] io.spring.api.ArticleFavoriteApiTest     : Started ArticleFavoriteApiTest in 0.58 seconds (JVM running for 8.845)

ArticleFavoriteApiTest > should_unfavorite_an_article_success() STANDARD_OUT
    200
    Vary: Origin
    Vary: Access-Control-Request-Method
    Vary: Access-Control-Request-Headers
    Content-Type: application/json
    X-Content-Type-Options: nosniff
    X-XSS-Protection: 1; mode=block
    Cache-Control: no-cache, no-store, max-age=0, must-revalidate
    Pragma: no-cache
    Expires: 0
    X-Frame-Options: DENY

    {
        "article": {
            "id": "8e8bdf40-e801-4f69-ae18-d45e16da97c2",
            "slug": "title",
            "title": "title",
            "description": "desc",
            "body": "body",
            "favorited": true,
            "favoritesCount": 1,
            "createdAt": "2026-04-15T09:04:21.244Z",
            "updatedAt": "2026-04-15T09:04:21.244Z",
            "tagList": [
                "java"
            ],
            "author": {
                "username": "other",
                "bio": "",
                "image": "",
                "following": false
            }
        }
    }

ArticleFavoriteApiTest > should_favorite_an_article_success() STANDARD_OUT
    200
    Vary: Origin
    Vary: Access-Control-Request-Method
    Vary: Access-Control-Request-Headers
    Content-Type: application/json
    X-Content-Type-Options: nosniff
    X-XSS-Protection: 1; mode=block
    Cache-Control: no-cache, no-store, max-age=0, must-revalidate
    Pragma: no-cache
    Expires: 0
    X-Frame-Options: DENY

    {
        "article": {
            "id": "2a9549de-94c0-466c-b249-2fcda0fe3607",
            "slug": "title",
            "title": "title",
            "description": "desc",
            "body": "body",
            "favorited": true,
            "favoritesCount": 1,
            "createdAt": "2026-04-15T09:04:21.323Z",
            "updatedAt": "2026-04-15T09:04:21.323Z",
            "tagList": [
                "java"
            ],
            "author": {
                "username": "other",
                "bio": "",
                "image": "",
                "following": false
            }
        }
    }

ArticlesApiTest STANDARD_OUT
    2026-04-15 09:04:21.351  INFO 83996 --- [    Test worker] .b.t.a.w.s.WebMvcTestContextBootstrapper : Neither @ContextConfiguration nor @ContextHierarchy found for test class [io.spring.api.ArticlesApiTest], using SpringBootContextLoader
    2026-04-15 09:04:21.351  INFO 83996 --- [    Test worker] o.s.t.c.support.AbstractContextLoader    : Could not detect default resource locations for test class [io.spring.api.ArticlesApiTest]: no resource found for suffixes {-context.xml, Context.groovy}.
    2026-04-15 09:04:21.352  INFO 83996 --- [    Test worker] t.c.s.AnnotationConfigContextLoaderUtils : Could not detect default configuration classes for test class [io.spring.api.ArticlesApiTest]: ArticlesApiTest does not declare any static, non-private, non-final, nested classes annotated with @Configuration.
    2026-04-15 09:04:21.354  INFO 83996 --- [    Test worker] .b.t.c.SpringBootTestContextBootstrapper : Found @SpringBootConfiguration io.spring.RealWorldApplication for test class io.spring.api.ArticlesApiTest
    2026-04-15 09:04:21.355  INFO 83996 --- [    Test worker] .b.t.a.w.s.WebMvcTestContextBootstrapper : Loaded default TestExecutionListener class names from location [META-INF/spring.factories]: [org.springframework.security.test.context.support.WithSecurityContextTestExecutionListener, org.springframework.security.test.context.support.ReactorContextTestExecutionListener, org.springframework.boot.test.autoconfigure.restdocs.RestDocsTestExecutionListener, org.springframework.boot.test.autoconfigure.web.client.MockRestServiceServerResetTestExecutionListener, org.springframework.boot.test.autoconfigure.web.servlet.MockMvcPrintOnlyOnFailureTestExecutionListener, org.springframework.boot.test.autoconfigure.web.servlet.WebDriverTestExecutionListener, org.springframework.boot.test.autoconfigure.webservices.client.MockWebServiceServerTestExecutionListener, org.springframework.boot.test.mock.mockito.MockitoTestExecutionListener, org.springframework.boot.test.mock.mockito.ResetMocksTestExecutionListener, org.springframework.test.context.web.ServletTestExecutionListener, org.springframework.test.context.support.DirtiesContextBeforeModesTestExecutionListener, org.springframework.test.context.event.ApplicationEventsTestExecutionListener, org.springframework.test.context.support.DependencyInjectionTestExecutionListener, org.springframework.test.context.support.DirtiesContextTestExecutionListener, org.springframework.test.context.transaction.TransactionalTestExecutionListener, org.springframework.test.context.jdbc.SqlScriptsTestExecutionListener, org.springframework.test.context.event.EventPublishingTestExecutionListener]
    2026-04-15 09:04:21.356  INFO 83996 --- [    Test worker] .b.t.a.w.s.WebMvcTestContextBootstrapper : Using TestExecutionListeners: [org.springframework.test.context.web.ServletTestExecutionListener@68d1f4e2, org.springframework.test.context.support.DirtiesContextBeforeModesTestExecutionListener@72769bf5, org.springframework.test.context.event.ApplicationEventsTestExecutionListener@5a63de07, org.springframework.boot.test.mock.mockito.MockitoTestExecutionListener@7d364bce, org.springframework.boot.test.autoconfigure.SpringBootDependencyInjectionTestExecutionListener@1aa7d66e, org.springframework.test.context.support.DirtiesContextTestExecutionListener@5cc85ffc, org.springframework.test.context.transaction.TransactionalTestExecutionListener@189f2184, org.springframework.test.context.jdbc.SqlScriptsTestExecutionListener@57386162, org.springframework.security.test.context.support.WithSecurityContextTestExecutionListener@7388d94d, org.springframework.test.context.event.EventPublishingTestExecutionListener@6da14f7f, org.springframework.security.test.context.support.ReactorContextTestExecutionListener@c53c04e, org.springframework.boot.test.autoconfigure.restdocs.RestDocsTestExecutionListener@18f493d7, org.springframework.boot.test.autoconfigure.web.client.MockRestServiceServerResetTestExecutionListener@2d036335, org.springframework.boot.test.autoconfigure.web.servlet.MockMvcPrintOnlyOnFailureTestExecutionListener@4a3e1b5d, org.springframework.boot.test.autoconfigure.web.servlet.WebDriverTestExecutionListener@587df3e4, org.springframework.boot.test.autoconfigure.webservices.client.MockWebServiceServerTestExecutionListener@64abb917, org.springframework.boot.test.mock.mockito.ResetMocksTestExecutionListener@5207747c]

      .   ____          _            __ _ _
     /\\ / ___'_ __ _ _(_)_ __  __ _ \ \ \ \
    ( ( )\___ | '_ | '_| | '_ \/ _` | \ \ \ \
     \\/  ___)| |_)| | | | | || (_| |  ) ) ) )
      '  |____| .__|_| |_|_| |_\__, | / / / /
     =========|_|==============|___/=/_/_/_/
     :: Spring Boot ::                (v2.6.3)

    2026-04-15 09:04:21.380  INFO 83996 --- [    Test worker] io.spring.api.ArticlesApiTest            : Starting ArticlesApiTest using Java 11.0.30 on devin-box with PID 83996 (started by ubuntu in /home/ubuntu/repos/spring-boot-realworld-example-app)
    2026-04-15 09:04:21.380  INFO 83996 --- [    Test worker] io.spring.api.ArticlesApiTest            : No active profile set, falling back to default profiles: default
    2026-04-15 09:04:21.630  INFO 83996 --- [    Test worker] .s.s.UserDetailsServiceAutoConfiguration : 

    Using generated security password: d4bfad4f-b30a-473f-9c7b-6187151046d0

    2026-04-15 09:04:21.791  INFO 83996 --- [    Test worker] o.s.s.web.DefaultSecurityFilterChain     : Will secure any request with [org.springframework.security.web.context.request.async.WebAsyncManagerIntegrationFilter@674b2703, org.springframework.security.web.context.SecurityContextPersistenceFilter@5e92a27, org.springframework.security.web.header.HeaderWriterFilter@7225583d, org.springframework.web.filter.CorsFilter@67441705, org.springframework.security.web.authentication.logout.LogoutFilter@581da9e6, io.spring.api.security.JwtTokenFilter@2ea2f965, org.springframework.security.web.savedrequest.RequestCacheAwareFilter@297db6ad, org.springframework.security.web.servletapi.SecurityContextHolderAwareRequestFilter@71c1e70f, org.springframework.security.web.authentication.AnonymousAuthenticationFilter@4271960c, org.springframework.security.web.session.SessionManagementFilter@5fe7454c, org.springframework.security.web.access.ExceptionTranslationFilter@495cac83, org.springframework.security.web.access.intercept.FilterSecurityInterceptor@48149568]
    2026-04-15 09:04:21.980  INFO 83996 --- [    Test worker] o.s.b.t.m.w.SpringBootMockServletContext : Initializing Spring TestDispatcherServlet ''
    2026-04-15 09:04:21.981  INFO 83996 --- [    Test worker] o.s.t.web.servlet.TestDispatcherServlet  : Initializing Servlet ''
    2026-04-15 09:04:21.982  INFO 83996 --- [    Test worker] o.s.t.web.servlet.TestDispatcherServlet  : Completed initialization in 1 ms
    2026-04-15 09:04:21.993  INFO 83996 --- [    Test worker] io.spring.api.ArticlesApiTest            : Started ArticlesApiTest in 0.635 seconds (JVM running for 9.602)

ArticlesApiTest > should_get_error_message_with_duplicated_title() STANDARD_OUT
    422 Validation failed for argument [0] in public org.springframework.http.ResponseEntity io.spring.api.ArticlesApi.createArticle(io.spring.application.article.NewArticleParam,io.spring.core.user.User): [Field error in object 'newArticleParam' on field 'title': rejected value [How to train your dragon]; codes [DuplicatedArticleConstraint.newArticleParam.title,DuplicatedArticleConstraint.title,DuplicatedArticleConstraint.java.lang.String,DuplicatedArticleConstraint]; arguments [org.springframework.context.support.DefaultMessageSourceResolvable: codes [newArticleParam.title,title]; arguments []; default message [title]]; default message [article name exists]] 
    Vary: Origin
    Vary: Access-Control-Request-Method
    Vary: Access-Control-Request-Headers
    Content-Type: application/json
    X-Content-Type-Options: nosniff
    X-XSS-Protection: 1; mode=block
    Cache-Control: no-cache, no-store, max-age=0, must-revalidate
    Pragma: no-cache
    Expires: 0
    X-Frame-Options: DENY

    {
        "errors": {
            "title": [
                "article name exists"
            ]
        }
    }

ArticlesApiTest > should_get_error_message_with_wrong_parameter() STANDARD_OUT
    422 Validation failed for argument [0] in public org.springframework.http.ResponseEntity io.spring.api.ArticlesApi.createArticle(io.spring.application.article.NewArticleParam,io.spring.core.user.User): [Field error in object 'newArticleParam' on field 'body': rejected value []; codes [NotBlank.newArticleParam.body,NotBlank.body,NotBlank.java.lang.String,NotBlank]; arguments [org.springframework.context.support.DefaultMessageSourceResolvable: codes [newArticleParam.body,body]; arguments []; default message [body]]; default message [can't be empty]] 
    Vary: Origin
    Vary: Access-Control-Request-Method
    Vary: Access-Control-Request-Headers
    Content-Type: application/json
    X-Content-Type-Options: nosniff
    X-XSS-Protection: 1; mode=block
    Cache-Control: no-cache, no-store, max-age=0, must-revalidate
    Pragma: no-cache
    Expires: 0
    X-Frame-Options: DENY

    {
        "errors": {
            "body": [
                "can't be empty"
            ]
        }
    }

CommentsApiTest STANDARD_OUT
    2026-04-15 09:04:22.214  INFO 83996 --- [    Test worker] .b.t.a.w.s.WebMvcTestContextBootstrapper : Neither @ContextConfiguration nor @ContextHierarchy found for test class [io.spring.api.CommentsApiTest], using SpringBootContextLoader
    2026-04-15 09:04:22.215  INFO 83996 --- [    Test worker] o.s.t.c.support.AbstractContextLoader    : Could not detect default resource locations for test class [io.spring.api.CommentsApiTest]: no resource found for suffixes {-context.xml, Context.groovy}.
    2026-04-15 09:04:22.215  INFO 83996 --- [    Test worker] t.c.s.AnnotationConfigContextLoaderUtils : Could not detect default configuration classes for test class [io.spring.api.CommentsApiTest]: CommentsApiTest does not declare any static, non-private, non-final, nested classes annotated with @Configuration.
    2026-04-15 09:04:22.217  INFO 83996 --- [    Test worker] .b.t.c.SpringBootTestContextBootstrapper : Found @SpringBootConfiguration io.spring.RealWorldApplication for test class io.spring.api.CommentsApiTest
    2026-04-15 09:04:22.218  INFO 83996 --- [    Test worker] .b.t.a.w.s.WebMvcTestContextBootstrapper : Loaded default TestExecutionListener class names from location [META-INF/spring.factories]: [org.springframework.security.test.context.support.WithSecurityContextTestExecutionListener, org.springframework.security.test.context.support.ReactorContextTestExecutionListener, org.springframework.boot.test.autoconfigure.restdocs.RestDocsTestExecutionListener, org.springframework.boot.test.autoconfigure.web.client.MockRestServiceServerResetTestExecutionListener, org.springframework.boot.test.autoconfigure.web.servlet.MockMvcPrintOnlyOnFailureTestExecutionListener, org.springframework.boot.test.autoconfigure.web.servlet.WebDriverTestExecutionListener, org.springframework.boot.test.autoconfigure.webservices.client.MockWebServiceServerTestExecutionListener, org.springframework.boot.test.mock.mockito.MockitoTestExecutionListener, org.springframework.boot.test.mock.mockito.ResetMocksTestExecutionListener, org.springframework.test.context.web.ServletTestExecutionListener, org.springframework.test.context.support.DirtiesContextBeforeModesTestExecutionListener, org.springframework.test.context.event.ApplicationEventsTestExecutionListener, org.springframework.test.context.support.DependencyInjectionTestExecutionListener, org.springframework.test.context.support.DirtiesContextTestExecutionListener, org.springframework.test.context.transaction.TransactionalTestExecutionListener, org.springframework.test.context.jdbc.SqlScriptsTestExecutionListener, org.springframework.test.context.event.EventPublishingTestExecutionListener]
    2026-04-15 09:04:22.218  INFO 83996 --- [    Test worker] .b.t.a.w.s.WebMvcTestContextBootstrapper : Using TestExecutionListeners: [org.springframework.test.context.web.ServletTestExecutionListener@9930ff6, org.springframework.test.context.support.DirtiesContextBeforeModesTestExecutionListener@5d571179, org.springframework.test.context.event.ApplicationEventsTestExecutionListener@12ebfc66, org.springframework.boot.test.mock.mockito.MockitoTestExecutionListener@4a609803, org.springframework.boot.test.autoconfigure.SpringBootDependencyInjectionTestExecutionListener@5b1dd206, org.springframework.test.context.support.DirtiesContextTestExecutionListener@3ea4dcc5, org.springframework.test.context.transaction.TransactionalTestExecutionListener@73611fbb, org.springframework.test.context.jdbc.SqlScriptsTestExecutionListener@3d0f2154, org.springframework.security.test.context.support.WithSecurityContextTestExecutionListener@8374911, org.springframework.test.context.event.EventPublishingTestExecutionListener@106dee26, org.springframework.security.test.context.support.ReactorContextTestExecutionListener@6b0aa757, org.springframework.boot.test.autoconfigure.restdocs.RestDocsTestExecutionListener@2f4b2ee3, org.springframework.boot.test.autoconfigure.web.client.MockRestServiceServerResetTestExecutionListener@1d0695da, org.springframework.boot.test.autoconfigure.web.servlet.MockMvcPrintOnlyOnFailureTestExecutionListener@62e55482, org.springframework.boot.test.autoconfigure.web.servlet.WebDriverTestExecutionListener@5ceb6796, org.springframework.boot.test.autoconfigure.webservices.client.MockWebServiceServerTestExecutionListener@2aa176de, org.springframework.boot.test.mock.mockito.ResetMocksTestExecutionListener@3208e15]

      .   ____          _            __ _ _
     /\\ / ___'_ __ _ _(_)_ __  __ _ \ \ \ \
    ( ( )\___ | '_ | '_| | '_ \/ _` | \ \ \ \
     \\/  ___)| |_)| | | | | || (_| |  ) ) ) )
      '  |____| .__|_| |_|_| |_\__, | / / / /
     =========|_|==============|___/=/_/_/_/
     :: Spring Boot ::                (v2.6.3)

    2026-04-15 09:04:22.236  INFO 83996 --- [    Test worker] io.spring.api.CommentsApiTest            : Starting CommentsApiTest using Java 11.0.30 on devin-box with PID 83996 (started by ubuntu in /home/ubuntu/repos/spring-boot-realworld-example-app)
    2026-04-15 09:04:22.236  INFO 83996 --- [    Test worker] io.spring.api.CommentsApiTest            : No active profile set, falling back to default profiles: default
    2026-04-15 09:04:22.460  INFO 83996 --- [    Test worker] .s.s.UserDetailsServiceAutoConfiguration : 

    Using generated security password: 69948a87-f9ab-4710-a0a0-397beab0393b

    2026-04-15 09:04:22.508  INFO 83996 --- [    Test worker] o.s.s.web.DefaultSecurityFilterChain     : Will secure any request with [org.springframework.security.web.context.request.async.WebAsyncManagerIntegrationFilter@734d870f, org.springframework.security.web.context.SecurityContextPersistenceFilter@46e2a773, org.springframework.security.web.header.HeaderWriterFilter@4f1150f5, org.springframework.web.filter.CorsFilter@2542e124, org.springframework.security.web.authentication.logout.LogoutFilter@65595be7, io.spring.api.security.JwtTokenFilter@4664cd32, org.springframework.security.web.savedrequest.RequestCacheAwareFilter@4ec1192f, org.springframework.security.web.servletapi.SecurityContextHolderAwareRequestFilter@b926efa, org.springframework.security.web.authentication.AnonymousAuthenticationFilter@18d6ac02, org.springframework.security.web.session.SessionManagementFilter@6cfa20c1, org.springframework.security.web.access.ExceptionTranslationFilter@1703e50d, org.springframework.security.web.access.intercept.FilterSecurityInterceptor@44835de9]
    2026-04-15 09:04:22.682  INFO 83996 --- [    Test worker] o.s.b.t.m.w.SpringBootMockServletContext : Initializing Spring TestDispatcherServlet ''
    2026-04-15 09:04:22.682  INFO 83996 --- [    Test worker] o.s.t.web.servlet.TestDispatcherServlet  : Initializing Servlet ''
    2026-04-15 09:04:22.683  INFO 83996 --- [    Test worker] o.s.t.web.servlet.TestDispatcherServlet  : Completed initialization in 1 ms
    2026-04-15 09:04:22.692  INFO 83996 --- [    Test worker] io.spring.api.CommentsApiTest            : Started CommentsApiTest in 0.472 seconds (JVM running for 10.301)

CommentsApiTest > should_get_comments_of_article_success() STANDARD_OUT
    200
    Vary: Origin
    Vary: Access-Control-Request-Method
    Vary: Access-Control-Request-Headers
    Content-Type: application/json
    X-Content-Type-Options: nosniff
    X-XSS-Protection: 1; mode=block
    Cache-Control: no-cache, no-store, max-age=0, must-revalidate
    Pragma: no-cache
    Expires: 0
    X-Frame-Options: DENY

    {
        "comments": [
            {
                "id": "b73e4202-dcc0-4d95-b6c3-0a394bf17d86",
                "body": "comment",
                "createdAt": "2026-04-15T09:04:22.750Z",
                "updatedAt": "2026-04-15T09:04:22.750Z",
                "author": {
                    "username": "johnjacob",
                    "bio": "",
                    "image": "https://static.productionready.io/images/smiley-cyrus.jpg",
                    "following": false
                }
            }
        ]
    }

CurrentUserApiTest STANDARD_OUT
    2026-04-15 09:04:22.818  INFO 83996 --- [    Test worker] .b.t.a.w.s.WebMvcTestContextBootstrapper : Neither @ContextConfiguration nor @ContextHierarchy found for test class [io.spring.api.CurrentUserApiTest], using SpringBootContextLoader
    2026-04-15 09:04:22.818  INFO 83996 --- [    Test worker] o.s.t.c.support.AbstractContextLoader    : Could not detect default resource locations for test class [io.spring.api.CurrentUserApiTest]: no resource found for suffixes {-context.xml, Context.groovy}.
    2026-04-15 09:04:22.818  INFO 83996 --- [    Test worker] t.c.s.AnnotationConfigContextLoaderUtils : Could not detect default configuration classes for test class [io.spring.api.CurrentUserApiTest]: CurrentUserApiTest does not declare any static, non-private, non-final, nested classes annotated with @Configuration.
    2026-04-15 09:04:22.822  INFO 83996 --- [    Test worker] .b.t.c.SpringBootTestContextBootstrapper : Found @SpringBootConfiguration io.spring.RealWorldApplication for test class io.spring.api.CurrentUserApiTest
    2026-04-15 09:04:22.822  INFO 83996 --- [    Test worker] .b.t.a.w.s.WebMvcTestContextBootstrapper : Loaded default TestExecutionListener class names from location [META-INF/spring.factories]: [org.springframework.security.test.context.support.WithSecurityContextTestExecutionListener, org.springframework.security.test.context.support.ReactorContextTestExecutionListener, org.springframework.boot.test.autoconfigure.restdocs.RestDocsTestExecutionListener, org.springframework.boot.test.autoconfigure.web.client.MockRestServiceServerResetTestExecutionListener, org.springframework.boot.test.autoconfigure.web.servlet.MockMvcPrintOnlyOnFailureTestExecutionListener, org.springframework.boot.test.autoconfigure.web.servlet.WebDriverTestExecutionListener, org.springframework.boot.test.autoconfigure.webservices.client.MockWebServiceServerTestExecutionListener, org.springframework.boot.test.mock.mockito.MockitoTestExecutionListener, org.springframework.boot.test.mock.mockito.ResetMocksTestExecutionListener, org.springframework.test.context.web.ServletTestExecutionListener, org.springframework.test.context.support.DirtiesContextBeforeModesTestExecutionListener, org.springframework.test.context.event.ApplicationEventsTestExecutionListener, org.springframework.test.context.support.DependencyInjectionTestExecutionListener, org.springframework.test.context.support.DirtiesContextTestExecutionListener, org.springframework.test.context.transaction.TransactionalTestExecutionListener, org.springframework.test.context.jdbc.SqlScriptsTestExecutionListener, org.springframework.test.context.event.EventPublishingTestExecutionListener]
    2026-04-15 09:04:22.823  INFO 83996 --- [    Test worker] .b.t.a.w.s.WebMvcTestContextBootstrapper : Using TestExecutionListeners: [org.springframework.test.context.web.ServletTestExecutionListener@47cce306, org.springframework.test.context.support.DirtiesContextBeforeModesTestExecutionListener@4ba04fb4, org.springframework.test.context.event.ApplicationEventsTestExecutionListener@11a8735d, org.springframework.boot.test.mock.mockito.MockitoTestExecutionListener@59294f29, org.springframework.boot.test.autoconfigure.SpringBootDependencyInjectionTestExecutionListener@795d43d9, org.springframework.test.context.support.DirtiesContextTestExecutionListener@30c96ea9, org.springframework.test.context.transaction.TransactionalTestExecutionListener@62a9d176, org.springframework.test.context.jdbc.SqlScriptsTestExecutionListener@71ea9a0d, org.springframework.security.test.context.support.WithSecurityContextTestExecutionListener@62ba4c62, org.springframework.test.context.event.EventPublishingTestExecutionListener@19fdcaba, org.springframework.security.test.context.support.ReactorContextTestExecutionListener@35738a92, org.springframework.boot.test.autoconfigure.restdocs.RestDocsTestExecutionListener@10ec54c3, org.springframework.boot.test.autoconfigure.web.client.MockRestServiceServerResetTestExecutionListener@2005d3e0, org.springframework.boot.test.autoconfigure.web.servlet.MockMvcPrintOnlyOnFailureTestExecutionListener@575a6540, org.springframework.boot.test.autoconfigure.web.servlet.WebDriverTestExecutionListener@7e544223, org.springframework.boot.test.autoconfigure.webservices.client.MockWebServiceServerTestExecutionListener@c6c5b66, org.springframework.boot.test.mock.mockito.ResetMocksTestExecutionListener@2f803d8]

      .   ____          _            __ _ _
     /\\ / ___'_ __ _ _(_)_ __  __ _ \ \ \ \
    ( ( )\___ | '_ | '_| | '_ \/ _` | \ \ \ \
     \\/  ___)| |_)| | | | | || (_| |  ) ) ) )
      '  |____| .__|_| |_|_| |_\__, | / / / /
     =========|_|==============|___/=/_/_/_/
     :: Spring Boot ::                (v2.6.3)

    2026-04-15 09:04:22.842  INFO 83996 --- [    Test worker] io.spring.api.CurrentUserApiTest         : Starting CurrentUserApiTest using Java 11.0.30 on devin-box with PID 83996 (started by ubuntu in /home/ubuntu/repos/spring-boot-realworld-example-app)
    2026-04-15 09:04:22.842  INFO 83996 --- [    Test worker] io.spring.api.CurrentUserApiTest         : No active profile set, falling back to default profiles: default
    2026-04-15 09:04:23.062  INFO 83996 --- [    Test worker] .s.s.UserDetailsServiceAutoConfiguration : 

    Using generated security password: 66bd67c0-5b8e-4d55-8de1-1c7babc5f064

    2026-04-15 09:04:23.114  INFO 83996 --- [    Test worker] o.s.s.web.DefaultSecurityFilterChain     : Will secure any request with [org.springframework.security.web.context.request.async.WebAsyncManagerIntegrationFilter@33606f4b, org.springframework.security.web.context.SecurityContextPersistenceFilter@5f18a661, org.springframework.security.web.header.HeaderWriterFilter@158bd27d, org.springframework.web.filter.CorsFilter@222ebd21, org.springframework.security.web.authentication.logout.LogoutFilter@7845f53d, io.spring.api.security.JwtTokenFilter@24c7563b, org.springframework.security.web.savedrequest.RequestCacheAwareFilter@58ed5ed3, org.springframework.security.web.servletapi.SecurityContextHolderAwareRequestFilter@133e7789, org.springframework.security.web.authentication.AnonymousAuthenticationFilter@115b0bf5, org.springframework.security.web.session.SessionManagementFilter@30282260, org.springframework.security.web.access.ExceptionTranslationFilter@43f88150, org.springframework.security.web.access.intercept.FilterSecurityInterceptor@572c50b6]
    2026-04-15 09:04:23.326  INFO 83996 --- [    Test worker] o.s.b.t.m.w.SpringBootMockServletContext : Initializing Spring TestDispatcherServlet ''
    2026-04-15 09:04:23.326  INFO 83996 --- [    Test worker] o.s.t.web.servlet.TestDispatcherServlet  : Initializing Servlet ''
    2026-04-15 09:04:23.327  INFO 83996 --- [    Test worker] o.s.t.web.servlet.TestDispatcherServlet  : Completed initialization in 1 ms
    2026-04-15 09:04:23.336  INFO 83996 --- [    Test worker] io.spring.api.CurrentUserApiTest         : Started CurrentUserApiTest in 0.511 seconds (JVM running for 10.945)

CurrentUserApiTest > should_get_error_if_email_exists_when_update_user_profile() STANDARD_OUT
    422 updateUser.command.email: email already exist
    Vary: Origin
    Vary: Access-Control-Request-Method
    Vary: Access-Control-Request-Headers
    Content-Type: application/json
    X-Content-Type-Options: nosniff
    X-XSS-Protection: 1; mode=block
    Cache-Control: no-cache, no-store, max-age=0, must-revalidate
    Pragma: no-cache
    Expires: 0
    X-Frame-Options: DENY

    {
        "errors": {
            "email": [
                "email already exist"
            ]
        }
    }

ListArticleApiTest STANDARD_OUT
    2026-04-15 09:04:23.519  INFO 83996 --- [    Test worker] .b.t.a.w.s.WebMvcTestContextBootstrapper : Neither @ContextConfiguration nor @ContextHierarchy found for test class [io.spring.api.ListArticleApiTest], using SpringBootContextLoader
    2026-04-15 09:04:23.519  INFO 83996 --- [    Test worker] o.s.t.c.support.AbstractContextLoader    : Could not detect default resource locations for test class [io.spring.api.ListArticleApiTest]: no resource found for suffixes {-context.xml, Context.groovy}.
    2026-04-15 09:04:23.519  INFO 83996 --- [    Test worker] t.c.s.AnnotationConfigContextLoaderUtils : Could not detect default configuration classes for test class [io.spring.api.ListArticleApiTest]: ListArticleApiTest does not declare any static, non-private, non-final, nested classes annotated with @Configuration.
    2026-04-15 09:04:23.522  INFO 83996 --- [    Test worker] .b.t.c.SpringBootTestContextBootstrapper : Found @SpringBootConfiguration io.spring.RealWorldApplication for test class io.spring.api.ListArticleApiTest
    2026-04-15 09:04:23.522  INFO 83996 --- [    Test worker] .b.t.a.w.s.WebMvcTestContextBootstrapper : Loaded default TestExecutionListener class names from location [META-INF/spring.factories]: [org.springframework.security.test.context.support.WithSecurityContextTestExecutionListener, org.springframework.security.test.context.support.ReactorContextTestExecutionListener, org.springframework.boot.test.autoconfigure.restdocs.RestDocsTestExecutionListener, org.springframework.boot.test.autoconfigure.web.client.MockRestServiceServerResetTestExecutionListener, org.springframework.boot.test.autoconfigure.web.servlet.MockMvcPrintOnlyOnFailureTestExecutionListener, org.springframework.boot.test.autoconfigure.web.servlet.WebDriverTestExecutionListener, org.springframework.boot.test.autoconfigure.webservices.client.MockWebServiceServerTestExecutionListener, org.springframework.boot.test.mock.mockito.MockitoTestExecutionListener, org.springframework.boot.test.mock.mockito.ResetMocksTestExecutionListener, org.springframework.test.context.web.ServletTestExecutionListener, org.springframework.test.context.support.DirtiesContextBeforeModesTestExecutionListener, org.springframework.test.context.event.ApplicationEventsTestExecutionListener, org.springframework.test.context.support.DependencyInjectionTestExecutionListener, org.springframework.test.context.support.DirtiesContextTestExecutionListener, org.springframework.test.context.transaction.TransactionalTestExecutionListener, org.springframework.test.context.jdbc.SqlScriptsTestExecutionListener, org.springframework.test.context.event.EventPublishingTestExecutionListener]
    2026-04-15 09:04:23.523  INFO 83996 --- [    Test worker] .b.t.a.w.s.WebMvcTestContextBootstrapper : Using TestExecutionListeners: [org.springframework.test.context.web.ServletTestExecutionListener@5698a866, org.springframework.test.context.support.DirtiesContextBeforeModesTestExecutionListener@1c6ab85, org.springframework.test.context.event.ApplicationEventsTestExecutionListener@45b221c7, org.springframework.boot.test.mock.mockito.MockitoTestExecutionListener@14abde3e, org.springframework.boot.test.autoconfigure.SpringBootDependencyInjectionTestExecutionListener@7e38f55, org.springframework.test.context.support.DirtiesContextTestExecutionListener@334d96af, org.springframework.test.context.transaction.TransactionalTestExecutionListener@67253518, org.springframework.test.context.jdbc.SqlScriptsTestExecutionListener@2db55dec, org.springframework.security.test.context.support.WithSecurityContextTestExecutionListener@3637e628, org.springframework.test.context.event.EventPublishingTestExecutionListener@6990f6af, org.springframework.security.test.context.support.ReactorContextTestExecutionListener@27d38370, org.springframework.boot.test.autoconfigure.restdocs.RestDocsTestExecutionListener@200ef05b, org.springframework.boot.test.autoconfigure.web.client.MockRestServiceServerResetTestExecutionListener@298154d4, org.springframework.boot.test.autoconfigure.web.servlet.MockMvcPrintOnlyOnFailureTestExecutionListener@474aeac5, org.springframework.boot.test.autoconfigure.web.servlet.WebDriverTestExecutionListener@7cb9295f, org.springframework.boot.test.autoconfigure.webservices.client.MockWebServiceServerTestExecutionListener@2b6282bb, org.springframework.boot.test.mock.mockito.ResetMocksTestExecutionListener@8e654f7]

      .   ____          _            __ _ _
     /\\ / ___'_ __ _ _(_)_ __  __ _ \ \ \ \
    ( ( )\___ | '_ | '_| | '_ \/ _` | \ \ \ \
     \\/  ___)| |_)| | | | | || (_| |  ) ) ) )
      '  |____| .__|_| |_|_| |_\__, | / / / /
     =========|_|==============|___/=/_/_/_/
     :: Spring Boot ::                (v2.6.3)

    2026-04-15 09:04:23.541  INFO 83996 --- [    Test worker] io.spring.api.ListArticleApiTest         : Starting ListArticleApiTest using Java 11.0.30 on devin-box with PID 83996 (started by ubuntu in /home/ubuntu/repos/spring-boot-realworld-example-app)
    2026-04-15 09:04:23.541  INFO 83996 --- [    Test worker] io.spring.api.ListArticleApiTest         : No active profile set, falling back to default profiles: default
    2026-04-15 09:04:23.749  INFO 83996 --- [    Test worker] .s.s.UserDetailsServiceAutoConfiguration : 

    Using generated security password: 5b9bf9b7-d91c-4e4e-8379-9a95b27023bb

    2026-04-15 09:04:23.795  INFO 83996 --- [    Test worker] o.s.s.web.DefaultSecurityFilterChain     : Will secure any request with [org.springframework.security.web.context.request.async.WebAsyncManagerIntegrationFilter@22726bc7, org.springframework.security.web.context.SecurityContextPersistenceFilter@3b68a50c, org.springframework.security.web.header.HeaderWriterFilter@7902b006, org.springframework.web.filter.CorsFilter@294a150c, org.springframework.security.web.authentication.logout.LogoutFilter@43905ade, io.spring.api.security.JwtTokenFilter@2fef413c, org.springframework.security.web.savedrequest.RequestCacheAwareFilter@27c68ccb, org.springframework.security.web.servletapi.SecurityContextHolderAwareRequestFilter@4ba88ab5, org.springframework.security.web.authentication.AnonymousAuthenticationFilter@4a0b1701, org.springframework.security.web.session.SessionManagementFilter@5ee63d9, org.springframework.security.web.access.ExceptionTranslationFilter@25d73ca6, org.springframework.security.web.access.intercept.FilterSecurityInterceptor@6f914212]
    2026-04-15 09:04:23.962  INFO 83996 --- [    Test worker] o.s.b.t.m.w.SpringBootMockServletContext : Initializing Spring TestDispatcherServlet ''
    2026-04-15 09:04:23.963  INFO 83996 --- [    Test worker] o.s.t.web.servlet.TestDispatcherServlet  : Initializing Servlet ''
    2026-04-15 09:04:23.963  INFO 83996 --- [    Test worker] o.s.t.web.servlet.TestDispatcherServlet  : Completed initialization in 0 ms
    2026-04-15 09:04:23.972  INFO 83996 --- [    Test worker] io.spring.api.ListArticleApiTest         : Started ListArticleApiTest in 0.447 seconds (JVM running for 11.581)

ListArticleApiTest > should_get_default_article_list() STANDARD_OUT
    200
    Vary: Origin
    Vary: Access-Control-Request-Method
    Vary: Access-Control-Request-Headers
    Content-Type: application/json
    X-Content-Type-Options: nosniff
    X-XSS-Protection: 1; mode=block
    Cache-Control: no-cache, no-store, max-age=0, must-revalidate
    Pragma: no-cache
    Expires: 0
    X-Frame-Options: DENY

    {
        "articles": [
            {
                "id": "1id",
                "slug": "title-1",
                "title": "title 1",
                "description": "desc 1",
                "body": "body 1",
                "favorited": false,
                "favoritesCount": 0,
                "createdAt": "2026-04-15T09:04:23.979Z",
                "updatedAt": "2026-04-15T09:04:23.979Z",
                "tagList": [
                
                ],
                "author": {
                    "username": "johnjacob",
                    "bio": "",
                    "image": "https://static.productionready.io/images/smiley-cyrus.jpg",
                    "following": false
                }
            },
            {
                "id": "2id",
                "slug": "title-2",
                "title": "title 2",
                "description": "desc 2",
                "body": "body 2",
                "favorited": false,
                "favoritesCount": 0,
                "createdAt": "2026-04-15T09:04:23.980Z",
                "updatedAt": "2026-04-15T09:04:23.980Z",
                "tagList": [
                
                ],
                "author": {
                    "username": "johnjacob",
                    "bio": "",
                    "image": "https://static.productionready.io/images/smiley-cyrus.jpg",
                    "following": false
                }
            }
        ],
        "articlesCount": 2
    }

ListArticleApiTest > should_get_feeds_success() STANDARD_OUT
    200
    Vary: Origin
    Vary: Access-Control-Request-Method
    Vary: Access-Control-Request-Headers
    Content-Type: application/json
    X-Content-Type-Options: nosniff
    X-XSS-Protection: 1; mode=block
    Cache-Control: no-cache, no-store, max-age=0, must-revalidate
    Pragma: no-cache
    Expires: 0
    X-Frame-Options: DENY

    {
        "articles": [
            {
                "id": "1id",
                "slug": "title-1",
                "title": "title 1",
                "description": "desc 1",
                "body": "body 1",
                "favorited": false,
                "favoritesCount": 0,
                "createdAt": "2026-04-15T09:04:23.999Z",
                "updatedAt": "2026-04-15T09:04:23.999Z",
                "tagList": [
                
                ],
                "author": {
                    "username": "johnjacob",
                    "bio": "",
                    "image": "https://static.productionready.io/images/smiley-cyrus.jpg",
                    "following": false
                }
            },
            {
                "id": "2id",
                "slug": "title-2",
                "title": "title 2",
                "description": "desc 2",
                "body": "body 2",
                "favorited": false,
                "favoritesCount": 0,
                "createdAt": "2026-04-15T09:04:23.999Z",
                "updatedAt": "2026-04-15T09:04:23.999Z",
                "tagList": [
                
                ],
                "author": {
                    "username": "johnjacob",
                    "bio": "",
                    "image": "https://static.productionready.io/images/smiley-cyrus.jpg",
                    "following": false
                }
            }
        ],
        "articlesCount": 2
    }

ListArticleApiTest > should_get_feeds_401_without_login() STANDARD_OUT
    401
    Vary: Origin
    Vary: Access-Control-Request-Method
    Vary: Access-Control-Request-Headers
    X-Content-Type-Options: nosniff
    X-XSS-Protection: 1; mode=block
    Cache-Control: no-cache, no-store, max-age=0, must-revalidate
    Pragma: no-cache
    Expires: 0
    X-Frame-Options: DENY

ProfileApiTest STANDARD_OUT
    2026-04-15 09:04:24.015  INFO 83996 --- [    Test worker] .b.t.a.w.s.WebMvcTestContextBootstrapper : Neither @ContextConfiguration nor @ContextHierarchy found for test class [io.spring.api.ProfileApiTest], using SpringBootContextLoader
    2026-04-15 09:04:24.015  INFO 83996 --- [    Test worker] o.s.t.c.support.AbstractContextLoader    : Could not detect default resource locations for test class [io.spring.api.ProfileApiTest]: no resource found for suffixes {-context.xml, Context.groovy}.
    2026-04-15 09:04:24.015  INFO 83996 --- [    Test worker] t.c.s.AnnotationConfigContextLoaderUtils : Could not detect default configuration classes for test class [io.spring.api.ProfileApiTest]: ProfileApiTest does not declare any static, non-private, non-final, nested classes annotated with @Configuration.
    2026-04-15 09:04:24.017  INFO 83996 --- [    Test worker] .b.t.c.SpringBootTestContextBootstrapper : Found @SpringBootConfiguration io.spring.RealWorldApplication for test class io.spring.api.ProfileApiTest
    2026-04-15 09:04:24.018  INFO 83996 --- [    Test worker] .b.t.a.w.s.WebMvcTestContextBootstrapper : Loaded default TestExecutionListener class names from location [META-INF/spring.factories]: [org.springframework.security.test.context.support.WithSecurityContextTestExecutionListener, org.springframework.security.test.context.support.ReactorContextTestExecutionListener, org.springframework.boot.test.autoconfigure.restdocs.RestDocsTestExecutionListener, org.springframework.boot.test.autoconfigure.web.client.MockRestServiceServerResetTestExecutionListener, org.springframework.boot.test.autoconfigure.web.servlet.MockMvcPrintOnlyOnFailureTestExecutionListener, org.springframework.boot.test.autoconfigure.web.servlet.WebDriverTestExecutionListener, org.springframework.boot.test.autoconfigure.webservices.client.MockWebServiceServerTestExecutionListener, org.springframework.boot.test.mock.mockito.MockitoTestExecutionListener, org.springframework.boot.test.mock.mockito.ResetMocksTestExecutionListener, org.springframework.test.context.web.ServletTestExecutionListener, org.springframework.test.context.support.DirtiesContextBeforeModesTestExecutionListener, org.springframework.test.context.event.ApplicationEventsTestExecutionListener, org.springframework.test.context.support.DependencyInjectionTestExecutionListener, org.springframework.test.context.support.DirtiesContextTestExecutionListener, org.springframework.test.context.transaction.TransactionalTestExecutionListener, org.springframework.test.context.jdbc.SqlScriptsTestExecutionListener, org.springframework.test.context.event.EventPublishingTestExecutionListener]
    2026-04-15 09:04:24.018  INFO 83996 --- [    Test worker] .b.t.a.w.s.WebMvcTestContextBootstrapper : Using TestExecutionListeners: [org.springframework.test.context.web.ServletTestExecutionListener@6b994b71, org.springframework.test.context.support.DirtiesContextBeforeModesTestExecutionListener@6fb87b73, org.springframework.test.context.event.ApplicationEventsTestExecutionListener@5f2788f2, org.springframework.boot.test.mock.mockito.MockitoTestExecutionListener@75f67ea7, org.springframework.boot.test.autoconfigure.SpringBootDependencyInjectionTestExecutionListener@549561ab, org.springframework.test.context.support.DirtiesContextTestExecutionListener@785aeba9, org.springframework.test.context.transaction.TransactionalTestExecutionListener@1bd98c48, org.springframework.test.context.jdbc.SqlScriptsTestExecutionListener@5d9ccad2, org.springframework.security.test.context.support.WithSecurityContextTestExecutionListener@22fb60f3, org.springframework.test.context.event.EventPublishingTestExecutionListener@dd3d0a6, org.springframework.security.test.context.support.ReactorContextTestExecutionListener@5abfb698, org.springframework.boot.test.autoconfigure.restdocs.RestDocsTestExecutionListener@61ce2d47, org.springframework.boot.test.autoconfigure.web.client.MockRestServiceServerResetTestExecutionListener@184b3575, org.springframework.boot.test.autoconfigure.web.servlet.MockMvcPrintOnlyOnFailureTestExecutionListener@b0e903a, org.springframework.boot.test.autoconfigure.web.servlet.WebDriverTestExecutionListener@2ca2fcb5, org.springframework.boot.test.autoconfigure.webservices.client.MockWebServiceServerTestExecutionListener@3c964873, org.springframework.boot.test.mock.mockito.ResetMocksTestExecutionListener@7db72209]

      .   ____          _            __ _ _
     /\\ / ___'_ __ _ _(_)_ __  __ _ \ \ \ \
    ( ( )\___ | '_ | '_| | '_ \/ _` | \ \ \ \
     \\/  ___)| |_)| | | | | || (_| |  ) ) ) )
      '  |____| .__|_| |_|_| |_\__, | / / / /
     =========|_|==============|___/=/_/_/_/
     :: Spring Boot ::                (v2.6.3)

    2026-04-15 09:04:24.034  INFO 83996 --- [    Test worker] io.spring.api.ProfileApiTest             : Starting ProfileApiTest using Java 11.0.30 on devin-box with PID 83996 (started by ubuntu in /home/ubuntu/repos/spring-boot-realworld-example-app)
    2026-04-15 09:04:24.034  INFO 83996 --- [    Test worker] io.spring.api.ProfileApiTest             : No active profile set, falling back to default profiles: default
    2026-04-15 09:04:24.232  INFO 83996 --- [    Test worker] .s.s.UserDetailsServiceAutoConfiguration : 

    Using generated security password: 62c5e06b-a996-4fc3-84ab-78cd47dd6b23

    2026-04-15 09:04:24.280  INFO 83996 --- [    Test worker] o.s.s.web.DefaultSecurityFilterChain     : Will secure any request with [org.springframework.security.web.context.request.async.WebAsyncManagerIntegrationFilter@3c175d82, org.springframework.security.web.context.SecurityContextPersistenceFilter@66a5f996, org.springframework.security.web.header.HeaderWriterFilter@7e01d838, org.springframework.web.filter.CorsFilter@133acad0, org.springframework.security.web.authentication.logout.LogoutFilter@4e2f6452, io.spring.api.security.JwtTokenFilter@7e1b96a7, org.springframework.security.web.savedrequest.RequestCacheAwareFilter@6cddb04c, org.springframework.security.web.servletapi.SecurityContextHolderAwareRequestFilter@1c6d65f7, org.springframework.security.web.authentication.AnonymousAuthenticationFilter@65b51977, org.springframework.security.web.session.SessionManagementFilter@2e3334d, org.springframework.security.web.access.ExceptionTranslationFilter@558bff39, org.springframework.security.web.access.intercept.FilterSecurityInterceptor@5b9815b6]
    2026-04-15 09:04:24.448  INFO 83996 --- [    Test worker] o.s.b.t.m.w.SpringBootMockServletContext : Initializing Spring TestDispatcherServlet ''
    2026-04-15 09:04:24.448  INFO 83996 --- [    Test worker] o.s.t.web.servlet.TestDispatcherServlet  : Initializing Servlet ''
    2026-04-15 09:04:24.449  INFO 83996 --- [    Test worker] o.s.t.web.servlet.TestDispatcherServlet  : Completed initialization in 1 ms
    2026-04-15 09:04:24.458  INFO 83996 --- [    Test worker] io.spring.api.ProfileApiTest             : Started ProfileApiTest in 0.438 seconds (JVM running for 12.067)

ProfileApiTest > should_unfollow_user_success() STANDARD_OUT
    200
    Vary: Origin
    Vary: Access-Control-Request-Method
    Vary: Access-Control-Request-Headers
    Content-Type: application/json
    X-Content-Type-Options: nosniff
    X-XSS-Protection: 1; mode=block
    Cache-Control: no-cache, no-store, max-age=0, must-revalidate
    Pragma: no-cache
    Expires: 0
    X-Frame-Options: DENY

    {
        "profile": {
            "username": "username",
            "bio": "",
            "image": "",
            "following": false
        }
    }

ProfileApiTest > should_follow_user_success() STANDARD_OUT
    200
    Vary: Origin
    Vary: Access-Control-Request-Method
    Vary: Access-Control-Request-Headers
    Content-Type: application/json
    X-Content-Type-Options: nosniff
    X-XSS-Protection: 1; mode=block
    Cache-Control: no-cache, no-store, max-age=0, must-revalidate
    Pragma: no-cache
    Expires: 0
    X-Frame-Options: DENY

    {
        "profile": {
            "username": "username",
            "bio": "",
            "image": "",
            "following": false
        }
    }

ProfileApiTest > should_get_user_profile_success() STANDARD_OUT
    200
    Vary: Origin
    Vary: Access-Control-Request-Method
    Vary: Access-Control-Request-Headers
    Content-Type: application/json
    X-Content-Type-Options: nosniff
    X-XSS-Protection: 1; mode=block
    Cache-Control: no-cache, no-store, max-age=0, must-revalidate
    Pragma: no-cache
    Expires: 0
    X-Frame-Options: DENY

    {
        "profile": {
            "username": "username",
            "bio": "",
            "image": "",
            "following": false
        }
    }

UsersApiTest STANDARD_OUT
    2026-04-15 09:04:24.505  INFO 83996 --- [    Test worker] .b.t.a.w.s.WebMvcTestContextBootstrapper : Neither @ContextConfiguration nor @ContextHierarchy found for test class [io.spring.api.UsersApiTest], using SpringBootContextLoader
    2026-04-15 09:04:24.506  INFO 83996 --- [    Test worker] o.s.t.c.support.AbstractContextLoader    : Could not detect default resource locations for test class [io.spring.api.UsersApiTest]: no resource found for suffixes {-context.xml, Context.groovy}.
    2026-04-15 09:04:24.506  INFO 83996 --- [    Test worker] t.c.s.AnnotationConfigContextLoaderUtils : Could not detect default configuration classes for test class [io.spring.api.UsersApiTest]: UsersApiTest does not declare any static, non-private, non-final, nested classes annotated with @Configuration.
    2026-04-15 09:04:24.507  INFO 83996 --- [    Test worker] .b.t.c.SpringBootTestContextBootstrapper : Found @SpringBootConfiguration io.spring.RealWorldApplication for test class io.spring.api.UsersApiTest
    2026-04-15 09:04:24.508  INFO 83996 --- [    Test worker] .b.t.a.w.s.WebMvcTestContextBootstrapper : Loaded default TestExecutionListener class names from location [META-INF/spring.factories]: [org.springframework.security.test.context.support.WithSecurityContextTestExecutionListener, org.springframework.security.test.context.support.ReactorContextTestExecutionListener, org.springframework.boot.test.autoconfigure.restdocs.RestDocsTestExecutionListener, org.springframework.boot.test.autoconfigure.web.client.MockRestServiceServerResetTestExecutionListener, org.springframework.boot.test.autoconfigure.web.servlet.MockMvcPrintOnlyOnFailureTestExecutionListener, org.springframework.boot.test.autoconfigure.web.servlet.WebDriverTestExecutionListener, org.springframework.boot.test.autoconfigure.webservices.client.MockWebServiceServerTestExecutionListener, org.springframework.boot.test.mock.mockito.MockitoTestExecutionListener, org.springframework.boot.test.mock.mockito.ResetMocksTestExecutionListener, org.springframework.test.context.web.ServletTestExecutionListener, org.springframework.test.context.support.DirtiesContextBeforeModesTestExecutionListener, org.springframework.test.context.event.ApplicationEventsTestExecutionListener, org.springframework.test.context.support.DependencyInjectionTestExecutionListener, org.springframework.test.context.support.DirtiesContextTestExecutionListener, org.springframework.test.context.transaction.TransactionalTestExecutionListener, org.springframework.test.context.jdbc.SqlScriptsTestExecutionListener, org.springframework.test.context.event.EventPublishingTestExecutionListener]
    2026-04-15 09:04:24.508  INFO 83996 --- [    Test worker] .b.t.a.w.s.WebMvcTestContextBootstrapper : Using TestExecutionListeners: [org.springframework.test.context.web.ServletTestExecutionListener@253c82ad, org.springframework.test.context.support.DirtiesContextBeforeModesTestExecutionListener@2153f0d7, org.springframework.test.context.event.ApplicationEventsTestExecutionListener@3af8f1ef, org.springframework.boot.test.mock.mockito.MockitoTestExecutionListener@7856b790, org.springframework.boot.test.autoconfigure.SpringBootDependencyInjectionTestExecutionListener@393e6bdd, org.springframework.test.context.support.DirtiesContextTestExecutionListener@7d5e165, org.springframework.test.context.transaction.TransactionalTestExecutionListener@7adf0ff9, org.springframework.test.context.jdbc.SqlScriptsTestExecutionListener@3778cd05, org.springframework.security.test.context.support.WithSecurityContextTestExecutionListener@7d5238b4, org.springframework.test.context.event.EventPublishingTestExecutionListener@55a430b2, org.springframework.security.test.context.support.ReactorContextTestExecutionListener@57064d38, org.springframework.boot.test.autoconfigure.restdocs.RestDocsTestExecutionListener@2667a238, org.springframework.boot.test.autoconfigure.web.client.MockRestServiceServerResetTestExecutionListener@4a9cb9d8, org.springframework.boot.test.autoconfigure.web.servlet.MockMvcPrintOnlyOnFailureTestExecutionListener@3e492199, org.springframework.boot.test.autoconfigure.web.servlet.WebDriverTestExecutionListener@5bc3c4e5, org.springframework.boot.test.autoconfigure.webservices.client.MockWebServiceServerTestExecutionListener@402ecbc7, org.springframework.boot.test.mock.mockito.ResetMocksTestExecutionListener@6f53e863]

      .   ____          _            __ _ _
     /\\ / ___'_ __ _ _(_)_ __  __ _ \ \ \ \
    ( ( )\___ | '_ | '_| | '_ \/ _` | \ \ \ \
     \\/  ___)| |_)| | | | | || (_| |  ) ) ) )
      '  |____| .__|_| |_|_| |_\__, | / / / /
     =========|_|==============|___/=/_/_/_/
     :: Spring Boot ::                (v2.6.3)

    2026-04-15 09:04:24.557  INFO 83996 --- [    Test worker] io.spring.api.UsersApiTest               : Starting UsersApiTest using Java 11.0.30 on devin-box with PID 83996 (started by ubuntu in /home/ubuntu/repos/spring-boot-realworld-example-app)
    2026-04-15 09:04:24.557  INFO 83996 --- [    Test worker] io.spring.api.UsersApiTest               : No active profile set, falling back to default profiles: default
    2026-04-15 09:04:24.754  INFO 83996 --- [    Test worker] .s.s.UserDetailsServiceAutoConfiguration : 

    Using generated security password: 8b9ff15d-16de-4078-8e76-bb8082115f0c

    2026-04-15 09:04:24.801  INFO 83996 --- [    Test worker] o.s.s.web.DefaultSecurityFilterChain     : Will secure any request with [org.springframework.security.web.context.request.async.WebAsyncManagerIntegrationFilter@13258770, org.springframework.security.web.context.SecurityContextPersistenceFilter@41e35358, org.springframework.security.web.header.HeaderWriterFilter@35b799c0, org.springframework.web.filter.CorsFilter@7d8fcde8, org.springframework.security.web.authentication.logout.LogoutFilter@378446f9, io.spring.api.security.JwtTokenFilter@12620e98, org.springframework.security.web.savedrequest.RequestCacheAwareFilter@42927b0a, org.springframework.security.web.servletapi.SecurityContextHolderAwareRequestFilter@4b628301, org.springframework.security.web.authentication.AnonymousAuthenticationFilter@46916d68, org.springframework.security.web.session.SessionManagementFilter@3963d003, org.springframework.security.web.access.ExceptionTranslationFilter@3a6732bc, org.springframework.security.web.access.intercept.FilterSecurityInterceptor@7414167a]
    2026-04-15 09:04:24.959  INFO 83996 --- [    Test worker] o.s.b.t.m.w.SpringBootMockServletContext : Initializing Spring TestDispatcherServlet ''
    2026-04-15 09:04:24.959  INFO 83996 --- [    Test worker] o.s.t.web.servlet.TestDispatcherServlet  : Initializing Servlet ''
    2026-04-15 09:04:24.960  INFO 83996 --- [    Test worker] o.s.t.web.servlet.TestDispatcherServlet  : Completed initialization in 1 ms
    2026-04-15 09:04:24.969  INFO 83996 --- [    Test worker] io.spring.api.UsersApiTest               : Started UsersApiTest in 0.458 seconds (JVM running for 12.578)

UsersApiTest > should_show_error_message_for_invalid_email() STANDARD_OUT
    422 Validation failed for argument [0] in public org.springframework.http.ResponseEntity io.spring.api.UsersApi.createUser(io.spring.application.user.RegisterParam): [Field error in object 'registerParam' on field 'email': rejected value [johnxjacob.com]; codes [Email.registerParam.email,Email.email,Email.java.lang.String,Email]; arguments [org.springframework.context.support.DefaultMessageSourceResolvable: codes [registerParam.email,email]; arguments []; default message [email],[Ljavax.validation.constraints.Pattern$Flag;@138f597,.*]; default message [should be an email]] 
    Vary: Origin
    Vary: Access-Control-Request-Method
    Vary: Access-Control-Request-Headers
    Content-Type: application/json
    X-Content-Type-Options: nosniff
    X-XSS-Protection: 1; mode=block
    Cache-Control: no-cache, no-store, max-age=0, must-revalidate
    Pragma: no-cache
    Expires: 0
    X-Frame-Options: DENY

    {
        "errors": {
            "email": [
                "should be an email"
            ]
        }
    }

UsersApiTest > should_show_error_for_duplicated_username() STANDARD_OUT
    422 Validation failed for argument [0] in public org.springframework.http.ResponseEntity io.spring.api.UsersApi.createUser(io.spring.application.user.RegisterParam): [Field error in object 'registerParam' on field 'username': rejected value [johnjacob]; codes [DuplicatedUsernameConstraint.registerParam.username,DuplicatedUsernameConstraint.username,DuplicatedUsernameConstraint.java.lang.String,DuplicatedUsernameConstraint]; arguments [org.springframework.context.support.DefaultMessageSourceResolvable: codes [registerParam.username,username]; arguments []; default message [username]]; default message [duplicated username]] 
    Vary: Origin
    Vary: Access-Control-Request-Method
    Vary: Access-Control-Request-Headers
    Content-Type: application/json
    X-Content-Type-Options: nosniff
    X-XSS-Protection: 1; mode=block
    Cache-Control: no-cache, no-store, max-age=0, must-revalidate
    Pragma: no-cache
    Expires: 0
    X-Frame-Options: DENY

    {
        "errors": {
            "username": [
                "duplicated username"
            ]
        }
    }

UsersApiTest > should_show_error_message_for_blank_username() STANDARD_OUT
    422 Validation failed for argument [0] in public org.springframework.http.ResponseEntity io.spring.api.UsersApi.createUser(io.spring.application.user.RegisterParam): [Field error in object 'registerParam' on field 'username': rejected value []; codes [NotBlank.registerParam.username,NotBlank.username,NotBlank.java.lang.String,NotBlank]; arguments [org.springframework.context.support.DefaultMessageSourceResolvable: codes [registerParam.username,username]; arguments []; default message [username]]; default message [can't be empty]] 
    Vary: Origin
    Vary: Access-Control-Request-Method
    Vary: Access-Control-Request-Headers
    Content-Type: application/json
    X-Content-Type-Options: nosniff
    X-XSS-Protection: 1; mode=block
    Cache-Control: no-cache, no-store, max-age=0, must-revalidate
    Pragma: no-cache
    Expires: 0
    X-Frame-Options: DENY

    {
        "errors": {
            "username": [
                "can't be empty"
            ]
        }
    }

UsersApiTest > should_fail_login_with_wrong_password() STANDARD_OUT
    2026-04-15 09:04:25.374  WARN 83996 --- [    Test worker] o.s.s.c.bcrypt.BCryptPasswordEncoder     : Encoded password does not look like BCrypt
    422 invalid email or password
    Vary: Origin
    Vary: Access-Control-Request-Method
    Vary: Access-Control-Request-Headers
    Content-Type: application/json
    X-Content-Type-Options: nosniff
    X-XSS-Protection: 1; mode=block
    Cache-Control: no-cache, no-store, max-age=0, must-revalidate
    Pragma: no-cache
    Expires: 0
    X-Frame-Options: DENY

    {
        "message": "invalid email or password"
    }

ArticleQueryServiceTest STANDARD_OUT
    2026-04-15 09:04:25.388  INFO 83996 --- [    Test worker] m.s.b.t.a.MybatisTestContextBootstrapper : Neither @ContextConfiguration nor @ContextHierarchy found for test class [io.spring.application.article.ArticleQueryServiceTest], using SpringBootContextLoader
    2026-04-15 09:04:25.389  INFO 83996 --- [    Test worker] o.s.t.c.support.AbstractContextLoader    : Could not detect default resource locations for test class [io.spring.application.article.ArticleQueryServiceTest]: no resource found for suffixes {-context.xml, Context.groovy}.
    2026-04-15 09:04:25.389  INFO 83996 --- [    Test worker] t.c.s.AnnotationConfigContextLoaderUtils : Could not detect default configuration classes for test class [io.spring.application.article.ArticleQueryServiceTest]: ArticleQueryServiceTest does not declare any static, non-private, non-final, nested classes annotated with @Configuration.
    2026-04-15 09:04:25.396  INFO 83996 --- [    Test worker] .b.t.c.SpringBootTestContextBootstrapper : Found @SpringBootConfiguration io.spring.RealWorldApplication for test class io.spring.application.article.ArticleQueryServiceTest
    2026-04-15 09:04:25.397  INFO 83996 --- [    Test worker] m.s.b.t.a.MybatisTestContextBootstrapper : Loaded default TestExecutionListener class names from location [META-INF/spring.factories]: [org.springframework.security.test.context.support.WithSecurityContextTestExecutionListener, org.springframework.security.test.context.support.ReactorContextTestExecutionListener, org.springframework.boot.test.autoconfigure.restdocs.RestDocsTestExecutionListener, org.springframework.boot.test.autoconfigure.web.client.MockRestServiceServerResetTestExecutionListener, org.springframework.boot.test.autoconfigure.web.servlet.MockMvcPrintOnlyOnFailureTestExecutionListener, org.springframework.boot.test.autoconfigure.web.servlet.WebDriverTestExecutionListener, org.springframework.boot.test.autoconfigure.webservices.client.MockWebServiceServerTestExecutionListener, org.springframework.boot.test.mock.mockito.MockitoTestExecutionListener, org.springframework.boot.test.mock.mockito.ResetMocksTestExecutionListener, org.springframework.test.context.web.ServletTestExecutionListener, org.springframework.test.context.support.DirtiesContextBeforeModesTestExecutionListener, org.springframework.test.context.event.ApplicationEventsTestExecutionListener, org.springframework.test.context.support.DependencyInjectionTestExecutionListener, org.springframework.test.context.support.DirtiesContextTestExecutionListener, org.springframework.test.context.transaction.TransactionalTestExecutionListener, org.springframework.test.context.jdbc.SqlScriptsTestExecutionListener, org.springframework.test.context.event.EventPublishingTestExecutionListener]
    2026-04-15 09:04:25.397  INFO 83996 --- [    Test worker] m.s.b.t.a.MybatisTestContextBootstrapper : Using TestExecutionListeners: [org.springframework.test.context.web.ServletTestExecutionListener@c822a3, org.springframework.test.context.support.DirtiesContextBeforeModesTestExecutionListener@5f09e952, org.springframework.test.context.event.ApplicationEventsTestExecutionListener@60e06e7e, org.springframework.boot.test.mock.mockito.MockitoTestExecutionListener@355c2b72, org.springframework.boot.test.autoconfigure.SpringBootDependencyInjectionTestExecutionListener@74c0da40, org.springframework.test.context.support.DirtiesContextTestExecutionListener@6413fef3, org.springframework.test.context.transaction.TransactionalTestExecutionListener@763ff91, org.springframework.test.context.jdbc.SqlScriptsTestExecutionListener@533053b4, org.springframework.security.test.context.support.WithSecurityContextTestExecutionListener@21d08148, org.springframework.test.context.event.EventPublishingTestExecutionListener@5acf07e7, org.springframework.security.test.context.support.ReactorContextTestExecutionListener@42c8f458, org.springframework.boot.test.autoconfigure.restdocs.RestDocsTestExecutionListener@1334a246, org.springframework.boot.test.autoconfigure.web.client.MockRestServiceServerResetTestExecutionListener@364bbba9, org.springframework.boot.test.autoconfigure.web.servlet.MockMvcPrintOnlyOnFailureTestExecutionListener@141962b8, org.springframework.boot.test.autoconfigure.web.servlet.WebDriverTestExecutionListener@11763e57, org.springframework.boot.test.autoconfigure.webservices.client.MockWebServiceServerTestExecutionListener@27e688ad, org.springframework.boot.test.mock.mockito.ResetMocksTestExecutionListener@4c9bf90b]

      .   ____          _            __ _ _
     /\\ / ___'_ __ _ _(_)_ __  __ _ \ \ \ \
    ( ( )\___ | '_ | '_| | '_ \/ _` | \ \ \ \
     \\/  ___)| |_)| | | | | || (_| |  ) ) ) )
      '  |____| .__|_| |_|_| |_\__, | / / / /
     =========|_|==============|___/=/_/_/_/
     :: Spring Boot ::                (v2.6.3)

    2026-04-15 09:04:25.418  INFO 83996 --- [    Test worker] i.s.a.article.ArticleQueryServiceTest    : Starting ArticleQueryServiceTest using Java 11.0.30 on devin-box with PID 83996 (started by ubuntu in /home/ubuntu/repos/spring-boot-realworld-example-app)
    2026-04-15 09:04:25.418  INFO 83996 --- [    Test worker] i.s.a.article.ArticleQueryServiceTest    : The following profiles are active: test
    2026-04-15 09:04:25.663  INFO 83996 --- [    Test worker] com.zaxxer.hikari.HikariDataSource       : HikariPool-2 - Starting...
    2026-04-15 09:04:25.664  INFO 83996 --- [    Test worker] com.zaxxer.hikari.HikariDataSource       : HikariPool-2 - Start completed.
    2026-04-15 09:04:25.665  INFO 83996 --- [    Test worker] o.f.c.internal.license.VersionPrinter    : Flyway Community Edition 8.0.5 by Redgate
    2026-04-15 09:04:25.665  INFO 83996 --- [    Test worker] o.f.c.i.database.base.BaseDatabaseType   : Database: jdbc:sqlite::memory: (SQLite 3.36)
    2026-04-15 09:04:25.666  INFO 83996 --- [    Test worker] o.f.core.internal.command.DbValidate     : Successfully validated 1 migration (execution time 00:00.000s)
    2026-04-15 09:04:25.667  INFO 83996 --- [    Test worker] o.f.c.i.s.JdbcTableSchemaHistory         : Creating Schema History table "main"."flyway_schema_history" ...
    2026-04-15 09:04:25.669  INFO 83996 --- [    Test worker] o.f.core.internal.command.DbMigrate      : Current version of schema "main": << Empty Schema >>
    2026-04-15 09:04:25.673  INFO 83996 --- [    Test worker] o.f.core.internal.command.DbMigrate      : Migrating schema "main" to version "1 - create tables"
    2026-04-15 09:04:25.675  INFO 83996 --- [    Test worker] o.f.core.internal.command.DbMigrate      : Successfully applied 1 migration to schema "main", now at version v1 (execution time 00:00.006s)
    2026-04-15 09:04:25.702  INFO 83996 --- [    Test worker] i.s.a.article.ArticleQueryServiceTest    : Started ArticleQueryServiceTest in 0.303 seconds (JVM running for 13.311)

ArticleQueryServiceTest > should_query_article_by_author() STANDARD_OUT
    2026-04-15 09:04:25.714  INFO 83996 --- [    Test worker] o.s.t.c.transaction.TransactionContext   : Began transaction (1) for test context [DefaultTestContext@130f8e03 testClass = ArticleQueryServiceTest, testInstance = io.spring.application.article.ArticleQueryServiceTest@65653da2, testMethod = should_query_article_by_author@ArticleQueryServiceTest, testException = [null], mergedContextConfiguration = [MergedContextConfiguration@56c278bf testClass = ArticleQueryServiceTest, locations = '{}', classes = '{class io.spring.RealWorldApplication}', contextInitializerClasses = '[]', activeProfiles = '{test}', propertySourceLocations = '{}', propertySourceProperties = '{org.mybatis.spring.boot.test.autoconfigure.MybatisTestContextBootstrapper=true}', contextCustomizers = set[org.springframework.boot.test.autoconfigure.OverrideAutoConfigurationContextCustomizerFactory$DisableAutoConfigurationContextCustomizer@4e9bd2c8, org.springframework.boot.test.autoconfigure.actuate.metrics.MetricsExportContextCustomizerFactory$DisableMetricExportContextCustomizer@146587a2, org.springframework.boot.test.autoconfigure.filter.TypeExcludeFiltersContextCustomizer@351584c0, org.springframework.boot.test.autoconfigure.properties.PropertyMappingContextCustomizer@a3d5432f, org.springframework.boot.test.autoconfigure.web.servlet.WebDriverContextCustomizerFactory$Customizer@115667d, [ImportsContextCustomizer@5985102f key = [io.spring.application.ArticleQueryService, io.spring.infrastructure.repository.MyBatisUserRepository, io.spring.infrastructure.repository.MyBatisArticleRepository, io.spring.infrastructure.repository.MyBatisArticleFavoriteRepository, org.springframework.boot.test.autoconfigure.jdbc.TestDatabaseAutoConfiguration, org.springframework.boot.autoconfigure.jdbc.DataSourceAutoConfiguration, org.springframework.boot.autoconfigure.cache.CacheAutoConfiguration, org.springframework.boot.autoconfigure.flyway.FlywayAutoConfiguration, org.springframework.boot.autoconfigure.jdbc.DataSourceTransactionManagerAutoConfiguration, org.springframework.boot.autoconfigure.jdbc.JdbcTemplateAutoConfiguration, org.springframework.boot.autoconfigure.liquibase.LiquibaseAutoConfiguration, org.springframework.boot.autoconfigure.transaction.TransactionAutoConfiguration, org.springframework.boot.autoconfigure.sql.init.SqlInitializationAutoConfiguration, org.mybatis.spring.boot.autoconfigure.MybatisLanguageDriverAutoConfiguration, org.mybatis.spring.boot.autoconfigure.MybatisAutoConfiguration]], org.springframework.boot.test.context.filter.ExcludeFilterContextCustomizer@497486b3, org.springframework.boot.test.json.DuplicateJsonObjectContextCustomizerFactory$DuplicateJsonObjectContextCustomizer@6127a7e, org.springframework.boot.test.mock.mockito.MockitoContextCustomizer@0, org.springframework.boot.test.context.SpringBootTestArgs@1, org.springframework.boot.test.context.SpringBootTestWebEnvironment@0], contextLoader = 'org.springframework.boot.test.context.SpringBootContextLoader', parent = [null]], attributes = map['org.springframework.test.context.event.ApplicationEventsTestExecutionListener.recordApplicationEvents' -> false]]; transaction manager [org.springframework.jdbc.support.JdbcTransactionManager@3695e28a]; rollback [true]
    2026-04-15 09:04:25.730 DEBUG 83996 --- [    Test worker] i.s.i.m.mapper.UserMapper.findById       : ==>  Preparing: select id, username, email, password, bio, image from users where id = ?
    2026-04-15 09:04:25.746 DEBUG 83996 --- [    Test worker] i.s.i.m.mapper.UserMapper.findById       : ==> Parameters: c9e501c5-b52b-44cf-bacd-dcd36e7b5ddb(String)
    2026-04-15 09:04:25.760 DEBUG 83996 --- [    Test worker] i.s.i.mybatis.mapper.UserMapper.insert   : ==>  Preparing: insert into users (id, username, email, password, bio, image) values( ?, ?, ?, ?, ?, ? )
    2026-04-15 09:04:25.762 DEBUG 83996 --- [    Test worker] i.s.i.mybatis.mapper.UserMapper.insert   : ==> Parameters: c9e501c5-b52b-44cf-bacd-dcd36e7b5ddb(String), aisensiy(String), aisensiy@gmail.com(String), 123(String), (String), (String)
    2026-04-15 09:04:25.762 DEBUG 83996 --- [    Test worker] i.s.i.mybatis.mapper.UserMapper.insert   : <==    Updates: 1
    2026-04-15 09:04:25.769 DEBUG 83996 --- [    Test worker] i.s.i.m.mapper.ArticleMapper.findById    : ==>  Preparing: select A.id articleId, A.slug articleSlug, A.title articleTitle, A.description articleDescription, A.body articleBody, A.user_id articleUserId, A.created_at articleCreatedAt, A.updated_at articleUpdatedAt, T.id tagId, T.name tagName from articles A left join article_tags AT on A.id = AT.article_id left join tags T on T.id = AT.tag_id where A.id = ?
    2026-04-15 09:04:25.770 DEBUG 83996 --- [    Test worker] i.s.i.m.mapper.ArticleMapper.findById    : ==> Parameters: 9ec36aa5-5f96-444a-94f2-90a74d4cf308(String)
    2026-04-15 09:04:25.770 DEBUG 83996 --- [    Test worker] i.s.i.m.mapper.ArticleMapper.findTag     : ==>  Preparing: select id, name from tags where name = ?
    2026-04-15 09:04:25.770 DEBUG 83996 --- [    Test worker] i.s.i.m.mapper.ArticleMapper.findTag     : ==> Parameters: spring(String)
    2026-04-15 09:04:25.771 DEBUG 83996 --- [    Test worker] i.s.i.m.mapper.ArticleMapper.insertTag   : ==>  Preparing: insert into tags (id, name) values (?, ?)
    2026-04-15 09:04:25.771 DEBUG 83996 --- [    Test worker] i.s.i.m.mapper.ArticleMapper.insertTag   : ==> Parameters: 5e701a26-58a3-473e-91e2-45bb2484a899(String), spring(String)
    2026-04-15 09:04:25.771 DEBUG 83996 --- [    Test worker] i.s.i.m.mapper.ArticleMapper.insertTag   : <==    Updates: 1
    2026-04-15 09:04:25.772 DEBUG 83996 --- [    Test worker] i.s.i.m.m.A.insertArticleTagRelation     : ==>  Preparing: insert into article_tags (article_id, tag_id) values(?, ?)
    2026-04-15 09:04:25.772 DEBUG 83996 --- [    Test worker] i.s.i.m.m.A.insertArticleTagRelation     : ==> Parameters: 9ec36aa5-5f96-444a-94f2-90a74d4cf308(String), 5e701a26-58a3-473e-91e2-45bb2484a899(String)
    2026-04-15 09:04:25.772 DEBUG 83996 --- [    Test worker] i.s.i.m.m.A.insertArticleTagRelation     : <==    Updates: 1
    2026-04-15 09:04:25.772 DEBUG 83996 --- [    Test worker] i.s.i.m.mapper.ArticleMapper.findTag     : ==>  Preparing: select id, name from tags where name = ?
    2026-04-15 09:04:25.772 DEBUG 83996 --- [    Test worker] i.s.i.m.mapper.ArticleMapper.findTag     : ==> Parameters: java(String)
    2026-04-15 09:04:25.773 DEBUG 83996 --- [    Test worker] i.s.i.m.mapper.ArticleMapper.insertTag   : ==>  Preparing: insert into tags (id, name) values (?, ?)
    2026-04-15 09:04:25.773 DEBUG 83996 --- [    Test worker] i.s.i.m.mapper.ArticleMapper.insertTag   : ==> Parameters: c09643c6-257b-4c04-9830-623553f4e813(String), java(String)
    2026-04-15 09:04:25.773 DEBUG 83996 --- [    Test worker] i.s.i.m.mapper.ArticleMapper.insertTag   : <==    Updates: 1
    2026-04-15 09:04:25.773 DEBUG 83996 --- [    Test worker] i.s.i.m.m.A.insertArticleTagRelation     : ==>  Preparing: insert into article_tags (article_id, tag_id) values(?, ?)
    2026-04-15 09:04:25.773 DEBUG 83996 --- [    Test worker] i.s.i.m.m.A.insertArticleTagRelation     : ==> Parameters: 9ec36aa5-5f96-444a-94f2-90a74d4cf308(String), c09643c6-257b-4c04-9830-623553f4e813(String)
    2026-04-15 09:04:25.774 DEBUG 83996 --- [    Test worker] i.s.i.m.m.A.insertArticleTagRelation     : <==    Updates: 1
    2026-04-15 09:04:25.774 DEBUG 83996 --- [    Test worker] i.s.i.m.mapper.ArticleMapper.insert      : ==>  Preparing: insert into articles(id, slug, title, description, body, user_id, created_at, updated_at) values( ?, ?, ?, ?, ?, ?, ?, ?)
    2026-04-15 09:04:25.775 DEBUG 83996 --- [    Test worker] i.s.i.m.mapper.ArticleMapper.insert      : ==> Parameters: 9ec36aa5-5f96-444a-94f2-90a74d4cf308(String), test(String), test(String), desc(String), body(String), c9e501c5-b52b-44cf-bacd-dcd36e7b5ddb(String), 2026-04-15 09:04:25.762(Timestamp), 2026-04-15 09:04:25.762(Timestamp)
    2026-04-15 09:04:25.775 DEBUG 83996 --- [    Test worker] i.s.i.m.mapper.ArticleMapper.insert      : <==    Updates: 1
    2026-04-15 09:04:25.775 DEBUG 83996 --- [    Test worker] i.s.i.m.mapper.UserMapper.findById       : ==>  Preparing: select id, username, email, password, bio, image from users where id = ?
    2026-04-15 09:04:25.776 DEBUG 83996 --- [    Test worker] i.s.i.m.mapper.UserMapper.findById       : ==> Parameters: d20ae113-27ac-4d53-9407-ee041fa316b3(String)
    2026-04-15 09:04:25.776 DEBUG 83996 --- [    Test worker] i.s.i.mybatis.mapper.UserMapper.insert   : ==>  Preparing: insert into users (id, username, email, password, bio, image) values( ?, ?, ?, ?, ?, ? )
    2026-04-15 09:04:25.776 DEBUG 83996 --- [    Test worker] i.s.i.mybatis.mapper.UserMapper.insert   : ==> Parameters: d20ae113-27ac-4d53-9407-ee041fa316b3(String), other(String), other@email.com(String), 123(String), (String), (String)
    2026-04-15 09:04:25.776 DEBUG 83996 --- [    Test worker] i.s.i.mybatis.mapper.UserMapper.insert   : <==    Updates: 1
    2026-04-15 09:04:25.777 DEBUG 83996 --- [    Test worker] i.s.i.m.mapper.ArticleMapper.findById    : ==>  Preparing: select A.id articleId, A.slug articleSlug, A.title articleTitle, A.description articleDescription, A.body articleBody, A.user_id articleUserId, A.created_at articleCreatedAt, A.updated_at articleUpdatedAt, T.id tagId, T.name tagName from articles A left join article_tags AT on A.id = AT.article_id left join tags T on T.id = AT.tag_id where A.id = ?
    2026-04-15 09:04:25.777 DEBUG 83996 --- [    Test worker] i.s.i.m.mapper.ArticleMapper.findById    : ==> Parameters: be9a4eb0-8a9e-4042-a85c-8d656e81fe17(String)
    2026-04-15 09:04:25.778 DEBUG 83996 --- [    Test worker] i.s.i.m.mapper.ArticleMapper.findTag     : ==>  Preparing: select id, name from tags where name = ?
    2026-04-15 09:04:25.778 DEBUG 83996 --- [    Test worker] i.s.i.m.mapper.ArticleMapper.findTag     : ==> Parameters: test(String)
    2026-04-15 09:04:25.778 DEBUG 83996 --- [    Test worker] i.s.i.m.mapper.ArticleMapper.insertTag   : ==>  Preparing: insert into tags (id, name) values (?, ?)
    2026-04-15 09:04:25.778 DEBUG 83996 --- [    Test worker] i.s.i.m.mapper.ArticleMapper.insertTag   : ==> Parameters: bd695659-108f-48c7-83dc-4e6ded4cae31(String), test(String)
    2026-04-15 09:04:25.778 DEBUG 83996 --- [    Test worker] i.s.i.m.mapper.ArticleMapper.insertTag   : <==    Updates: 1
    2026-04-15 09:04:25.779 DEBUG 83996 --- [    Test worker] i.s.i.m.m.A.insertArticleTagRelation     : ==>  Preparing: insert into article_tags (article_id, tag_id) values(?, ?)
    2026-04-15 09:04:25.779 DEBUG 83996 --- [    Test worker] i.s.i.m.m.A.insertArticleTagRelation     : ==> Parameters: be9a4eb0-8a9e-4042-a85c-8d656e81fe17(String), bd695659-108f-48c7-83dc-4e6ded4cae31(String)
    2026-04-15 09:04:25.779 DEBUG 83996 --- [    Test worker] i.s.i.m.m.A.insertArticleTagRelation     : <==    Updates: 1
    2026-04-15 09:04:25.780 DEBUG 83996 --- [    Test worker] i.s.i.m.mapper.ArticleMapper.insert      : ==>  Preparing: insert into articles(id, slug, title, description, body, user_id, created_at, updated_at) values( ?, ?, ?, ?, ?, ?, ?, ?)
    2026-04-15 09:04:25.780 DEBUG 83996 --- [    Test worker] i.s.i.m.mapper.ArticleMapper.insert      : ==> Parameters: be9a4eb0-8a9e-4042-a85c-8d656e81fe17(String), new-article(String), new article(String), desc(String), body(String), d20ae113-27ac-4d53-9407-ee041fa316b3(String), 2026-04-15 09:04:25.777(Timestamp), 2026-04-15 09:04:25.777(Timestamp)
    2026-04-15 09:04:25.780 DEBUG 83996 --- [    Test worker] i.s.i.m.mapper.ArticleMapper.insert      : <==    Updates: 1
    2026-04-15 09:04:25.798 DEBUG 83996 --- [    Test worker] i.s.i.m.r.A.queryArticles                : ==>  Preparing: select DISTINCT(A.id) articleId, A.created_at from articles A left join article_tags AT on A.id = AT.article_id left join tags T on T.id = AT.tag_id left join article_favorites AF on AF.article_id = A.id left join users AU on AU.id = A.user_id left join users AFU on AFU.id = AF.user_id WHERE AU.username = ? order by A.created_at desc limit ?, ?
    2026-04-15 09:04:25.799 DEBUG 83996 --- [    Test worker] i.s.i.m.r.A.queryArticles                : ==> Parameters: aisensiy(String), 0(Integer), 20(Integer)
    2026-04-15 09:04:25.800 DEBUG 83996 --- [    Test worker] i.s.i.m.r.A.queryArticles                : <==      Total: 1
    2026-04-15 09:04:25.801 DEBUG 83996 --- [    Test worker] i.s.i.m.r.A.countArticle                 : ==>  Preparing: select count(DISTINCT A.id) from articles A left join article_tags AT on A.id = AT.article_id left join tags T on T.id = AT.tag_id left join article_favorites AF on AF.article_id = A.id left join users AU on AU.id = A.user_id left join users AFU on AFU.id = AF.user_id WHERE AU.username = ?
    2026-04-15 09:04:25.801 DEBUG 83996 --- [    Test worker] i.s.i.m.r.A.countArticle                 : ==> Parameters: aisensiy(String)
    2026-04-15 09:04:25.802 DEBUG 83996 --- [    Test worker] i.s.i.m.r.A.countArticle                 : <==      Total: 1
    2026-04-15 09:04:25.803 DEBUG 83996 --- [    Test worker] i.s.i.m.r.A.findArticles                 : ==>  Preparing: select A.id articleId, A.slug articleSlug, A.title articleTitle, A.description articleDescription, A.body articleBody, A.created_at articleCreatedAt, A.updated_at articleUpdatedAt, T.name tagName, U.id userId, U.username userUsername, U.bio userBio, U.image userImage from articles A left join article_tags AT on A.id = AT.article_id left join tags T on T.id = AT.tag_id left join users U on U.id = A.user_id where A.id in ( ? ) order by A.created_at desc
    2026-04-15 09:04:25.803 DEBUG 83996 --- [    Test worker] i.s.i.m.r.A.findArticles                 : ==> Parameters: 9ec36aa5-5f96-444a-94f2-90a74d4cf308(String)
    2026-04-15 09:04:25.805 DEBUG 83996 --- [    Test worker] i.s.i.m.r.A.findArticles                 : <==      Total: 2
    2026-04-15 09:04:25.814  INFO 83996 --- [    Test worker] o.s.t.c.transaction.TransactionContext   : Rolled back transaction for test: [DefaultTestContext@130f8e03 testClass = ArticleQueryServiceTest, testInstance = io.spring.application.article.ArticleQueryServiceTest@65653da2, testMethod = should_query_article_by_author@ArticleQueryServiceTest, testException = [null], mergedContextConfiguration = [MergedContextConfiguration@56c278bf testClass = ArticleQueryServiceTest, locations = '{}', classes = '{class io.spring.RealWorldApplication}', contextInitializerClasses = '[]', activeProfiles = '{test}', propertySourceLocations = '{}', propertySourceProperties = '{org.mybatis.spring.boot.test.autoconfigure.MybatisTestContextBootstrapper=true}', contextCustomizers = set[org.springframework.boot.test.autoconfigure.OverrideAutoConfigurationContextCustomizerFactory$DisableAutoConfigurationContextCustomizer@4e9bd2c8, org.springframework.boot.test.autoconfigure.actuate.metrics.MetricsExportContextCustomizerFactory$DisableMetricExportContextCustomizer@146587a2, org.springframework.boot.test.autoconfigure.filter.TypeExcludeFiltersContextCustomizer@351584c0, org.springframework.boot.test.autoconfigure.properties.PropertyMappingContextCustomizer@a3d5432f, org.springframework.boot.test.autoconfigure.web.servlet.WebDriverContextCustomizerFactory$Customizer@115667d, [ImportsContextCustomizer@5985102f key = [io.spring.application.ArticleQueryService, io.spring.infrastructure.repository.MyBatisUserRepository, io.spring.infrastructure.repository.MyBatisArticleRepository, io.spring.infrastructure.repository.MyBatisArticleFavoriteRepository, org.springframework.boot.test.autoconfigure.jdbc.TestDatabaseAutoConfiguration, org.springframework.boot.autoconfigure.jdbc.DataSourceAutoConfiguration, org.springframework.boot.autoconfigure.cache.CacheAutoConfiguration, org.springframework.boot.autoconfigure.flyway.FlywayAutoConfiguration, org.springframework.boot.autoconfigure.jdbc.DataSourceTransactionManagerAutoConfiguration, org.springframework.boot.autoconfigure.jdbc.JdbcTemplateAutoConfiguration, org.springframework.boot.autoconfigure.liquibase.LiquibaseAutoConfiguration, org.springframework.boot.autoconfigure.transaction.TransactionAutoConfiguration, org.springframework.boot.autoconfigure.sql.init.SqlInitializationAutoConfiguration, org.mybatis.spring.boot.autoconfigure.MybatisLanguageDriverAutoConfiguration, org.mybatis.spring.boot.autoconfigure.MybatisAutoConfiguration]], org.springframework.boot.test.context.filter.ExcludeFilterContextCustomizer@497486b3, org.springframework.boot.test.json.DuplicateJsonObjectContextCustomizerFactory$DuplicateJsonObjectContextCustomizer@6127a7e, org.springframework.boot.test.mock.mockito.MockitoContextCustomizer@0, org.springframework.boot.test.context.SpringBootTestArgs@1, org.springframework.boot.test.context.SpringBootTestWebEnvironment@0], contextLoader = 'org.springframework.boot.test.context.SpringBootContextLoader', parent = [null]], attributes = map['org.springframework.test.context.event.ApplicationEventsTestExecutionListener.recordApplicationEvents' -> false]]

ArticleQueryServiceTest > should_query_article_by_tag() STANDARD_OUT
    2026-04-15 09:04:25.816  INFO 83996 --- [    Test worker] o.s.t.c.transaction.TransactionContext   : Began transaction (1) for test context [DefaultTestContext@130f8e03 testClass = ArticleQueryServiceTest, testInstance = io.spring.application.article.ArticleQueryServiceTest@3e6be3c1, testMethod = should_query_article_by_tag@ArticleQueryServiceTest, testException = [null], mergedContextConfiguration = [MergedContextConfiguration@56c278bf testClass = ArticleQueryServiceTest, locations = '{}', classes = '{class io.spring.RealWorldApplication}', contextInitializerClasses = '[]', activeProfiles = '{test}', propertySourceLocations = '{}', propertySourceProperties = '{org.mybatis.spring.boot.test.autoconfigure.MybatisTestContextBootstrapper=true}', contextCustomizers = set[org.springframework.boot.test.autoconfigure.OverrideAutoConfigurationContextCustomizerFactory$DisableAutoConfigurationContextCustomizer@4e9bd2c8, org.springframework.boot.test.autoconfigure.actuate.metrics.MetricsExportContextCustomizerFactory$DisableMetricExportContextCustomizer@146587a2, org.springframework.boot.test.autoconfigure.filter.TypeExcludeFiltersContextCustomizer@351584c0, org.springframework.boot.test.autoconfigure.properties.PropertyMappingContextCustomizer@a3d5432f, org.springframework.boot.test.autoconfigure.web.servlet.WebDriverContextCustomizerFactory$Customizer@115667d, [ImportsContextCustomizer@5985102f key = [io.spring.application.ArticleQueryService, io.spring.infrastructure.repository.MyBatisUserRepository, io.spring.infrastructure.repository.MyBatisArticleRepository, io.spring.infrastructure.repository.MyBatisArticleFavoriteRepository, org.springframework.boot.test.autoconfigure.jdbc.TestDatabaseAutoConfiguration, org.springframework.boot.autoconfigure.jdbc.DataSourceAutoConfiguration, org.springframework.boot.autoconfigure.cache.CacheAutoConfiguration, org.springframework.boot.autoconfigure.flyway.FlywayAutoConfiguration, org.springframework.boot.autoconfigure.jdbc.DataSourceTransactionManagerAutoConfiguration, org.springframework.boot.autoconfigure.jdbc.JdbcTemplateAutoConfiguration, org.springframework.boot.autoconfigure.liquibase.LiquibaseAutoConfiguration, org.springframework.boot.autoconfigure.transaction.TransactionAutoConfiguration, org.springframework.boot.autoconfigure.sql.init.SqlInitializationAutoConfiguration, org.mybatis.spring.boot.autoconfigure.MybatisLanguageDriverAutoConfiguration, org.mybatis.spring.boot.autoconfigure.MybatisAutoConfiguration]], org.springframework.boot.test.context.filter.ExcludeFilterContextCustomizer@497486b3, org.springframework.boot.test.json.DuplicateJsonObjectContextCustomizerFactory$DuplicateJsonObjectContextCustomizer@6127a7e, org.springframework.boot.test.mock.mockito.MockitoContextCustomizer@0, org.springframework.boot.test.context.SpringBootTestArgs@1, org.springframework.boot.test.context.SpringBootTestWebEnvironment@0], contextLoader = 'org.springframework.boot.test.context.SpringBootContextLoader', parent = [null]], attributes = map['org.springframework.test.context.event.ApplicationEventsTestExecutionListener.recordApplicationEvents' -> false]]; transaction manager [org.springframework.jdbc.support.JdbcTransactionManager@3695e28a]; rollback [true]
    2026-04-15 09:04:25.817 DEBUG 83996 --- [    Test worker] i.s.i.m.mapper.UserMapper.findById       : ==>  Preparing: select id, username, email, password, bio, image from users where id = ?
    2026-04-15 09:04:25.817 DEBUG 83996 --- [    Test worker] i.s.i.m.mapper.UserMapper.findById       : ==> Parameters: 013fa530-128a-4372-b2c7-040bc27fde64(String)
    2026-04-15 09:04:25.818 DEBUG 83996 --- [    Test worker] i.s.i.mybatis.mapper.UserMapper.insert   : ==>  Preparing: insert into users (id, username, email, password, bio, image) values( ?, ?, ?, ?, ?, ? )
    2026-04-15 09:04:25.818 DEBUG 83996 --- [    Test worker] i.s.i.mybatis.mapper.UserMapper.insert   : ==> Parameters: 013fa530-128a-4372-b2c7-040bc27fde64(String), aisensiy(String), aisensiy@gmail.com(String), 123(String), (String), (String)
    2026-04-15 09:04:25.818 DEBUG 83996 --- [    Test worker] i.s.i.mybatis.mapper.UserMapper.insert   : <==    Updates: 1
    2026-04-15 09:04:25.818 DEBUG 83996 --- [    Test worker] i.s.i.m.mapper.ArticleMapper.findById    : ==>  Preparing: select A.id articleId, A.slug articleSlug, A.title articleTitle, A.description articleDescription, A.body articleBody, A.user_id articleUserId, A.created_at articleCreatedAt, A.updated_at articleUpdatedAt, T.id tagId, T.name tagName from articles A left join article_tags AT on A.id = AT.article_id left join tags T on T.id = AT.tag_id where A.id = ?
    2026-04-15 09:04:25.819 DEBUG 83996 --- [    Test worker] i.s.i.m.mapper.ArticleMapper.findById    : ==> Parameters: aa632249-e338-49d6-8101-fbf36e033a43(String)
    2026-04-15 09:04:25.819 DEBUG 83996 --- [    Test worker] i.s.i.m.mapper.ArticleMapper.findTag     : ==>  Preparing: select id, name from tags where name = ?
    2026-04-15 09:04:25.819 DEBUG 83996 --- [    Test worker] i.s.i.m.mapper.ArticleMapper.findTag     : ==> Parameters: spring(String)
    2026-04-15 09:04:25.819 DEBUG 83996 --- [    Test worker] i.s.i.m.mapper.ArticleMapper.insertTag   : ==>  Preparing: insert into tags (id, name) values (?, ?)
    2026-04-15 09:04:25.819 DEBUG 83996 --- [    Test worker] i.s.i.m.mapper.ArticleMapper.insertTag   : ==> Parameters: f46200b4-32c0-48d2-ac20-6d6b51679a55(String), spring(String)
    2026-04-15 09:04:25.820 DEBUG 83996 --- [    Test worker] i.s.i.m.mapper.ArticleMapper.insertTag   : <==    Updates: 1
    2026-04-15 09:04:25.820 DEBUG 83996 --- [    Test worker] i.s.i.m.m.A.insertArticleTagRelation     : ==>  Preparing: insert into article_tags (article_id, tag_id) values(?, ?)
    2026-04-15 09:04:25.820 DEBUG 83996 --- [    Test worker] i.s.i.m.m.A.insertArticleTagRelation     : ==> Parameters: aa632249-e338-49d6-8101-fbf36e033a43(String), f46200b4-32c0-48d2-ac20-6d6b51679a55(String)
    2026-04-15 09:04:25.820 DEBUG 83996 --- [    Test worker] i.s.i.m.m.A.insertArticleTagRelation     : <==    Updates: 1
    2026-04-15 09:04:25.820 DEBUG 83996 --- [    Test worker] i.s.i.m.mapper.ArticleMapper.findTag     : ==>  Preparing: select id, name from tags where name = ?
    2026-04-15 09:04:25.820 DEBUG 83996 --- [    Test worker] i.s.i.m.mapper.ArticleMapper.findTag     : ==> Parameters: java(String)
    2026-04-15 09:04:25.821 DEBUG 83996 --- [    Test worker] i.s.i.m.mapper.ArticleMapper.insertTag   : ==>  Preparing: insert into tags (id, name) values (?, ?)
    2026-04-15 09:04:25.821 DEBUG 83996 --- [    Test worker] i.s.i.m.mapper.ArticleMapper.insertTag   : ==> Parameters: 5a14dfe0-c1fc-42b4-a423-8061fed64e35(String), java(String)
    2026-04-15 09:04:25.821 DEBUG 83996 --- [    Test worker] i.s.i.m.mapper.ArticleMapper.insertTag   : <==    Updates: 1
    2026-04-15 09:04:25.821 DEBUG 83996 --- [    Test worker] i.s.i.m.m.A.insertArticleTagRelation     : ==>  Preparing: insert into article_tags (article_id, tag_id) values(?, ?)
    2026-04-15 09:04:25.821 DEBUG 83996 --- [    Test worker] i.s.i.m.m.A.insertArticleTagRelation     : ==> Parameters: aa632249-e338-49d6-8101-fbf36e033a43(String), 5a14dfe0-c1fc-42b4-a423-8061fed64e35(String)
    2026-04-15 09:04:25.821 DEBUG 83996 --- [    Test worker] i.s.i.m.m.A.insertArticleTagRelation     : <==    Updates: 1
    2026-04-15 09:04:25.821 DEBUG 83996 --- [    Test worker] i.s.i.m.mapper.ArticleMapper.insert      : ==>  Preparing: insert into articles(id, slug, title, description, body, user_id, created_at, updated_at) values( ?, ?, ?, ?, ?, ?, ?, ?)
    2026-04-15 09:04:25.822 DEBUG 83996 --- [    Test worker] i.s.i.m.mapper.ArticleMapper.insert      : ==> Parameters: aa632249-e338-49d6-8101-fbf36e033a43(String), test(String), test(String), desc(String), body(String), 013fa530-128a-4372-b2c7-040bc27fde64(String), 2026-04-15 09:04:25.818(Timestamp), 2026-04-15 09:04:25.818(Timestamp)
    2026-04-15 09:04:25.822 DEBUG 83996 --- [    Test worker] i.s.i.m.mapper.ArticleMapper.insert      : <==    Updates: 1
    2026-04-15 09:04:25.823 DEBUG 83996 --- [    Test worker] i.s.i.m.mapper.ArticleMapper.findById    : ==>  Preparing: select A.id articleId, A.slug articleSlug, A.title articleTitle, A.description articleDescription, A.body articleBody, A.user_id articleUserId, A.created_at articleCreatedAt, A.updated_at articleUpdatedAt, T.id tagId, T.name tagName from articles A left join article_tags AT on A.id = AT.article_id left join tags T on T.id = AT.tag_id where A.id = ?
    2026-04-15 09:04:25.823 DEBUG 83996 --- [    Test worker] i.s.i.m.mapper.ArticleMapper.findById    : ==> Parameters: 44caf87a-5d40-45fc-9108-ffd9f491426b(String)
    2026-04-15 09:04:25.823 DEBUG 83996 --- [    Test worker] i.s.i.m.mapper.ArticleMapper.findTag     : ==>  Preparing: select id, name from tags where name = ?
    2026-04-15 09:04:25.823 DEBUG 83996 --- [    Test worker] i.s.i.m.mapper.ArticleMapper.findTag     : ==> Parameters: test(String)
    2026-04-15 09:04:25.824 DEBUG 83996 --- [    Test worker] i.s.i.m.mapper.ArticleMapper.insertTag   : ==>  Preparing: insert into tags (id, name) values (?, ?)
    2026-04-15 09:04:25.825 DEBUG 83996 --- [    Test worker] i.s.i.m.mapper.ArticleMapper.insertTag   : ==> Parameters: ed1f0d8e-a82a-413f-a00a-5d429848ffec(String), test(String)
    2026-04-15 09:04:25.825 DEBUG 83996 --- [    Test worker] i.s.i.m.mapper.ArticleMapper.insertTag   : <==    Updates: 1
    2026-04-15 09:04:25.825 DEBUG 83996 --- [    Test worker] i.s.i.m.m.A.insertArticleTagRelation     : ==>  Preparing: insert into article_tags (article_id, tag_id) values(?, ?)
    2026-04-15 09:04:25.825 DEBUG 83996 --- [    Test worker] i.s.i.m.m.A.insertArticleTagRelation     : ==> Parameters: 44caf87a-5d40-45fc-9108-ffd9f491426b(String), ed1f0d8e-a82a-413f-a00a-5d429848ffec(String)
    2026-04-15 09:04:25.825 DEBUG 83996 --- [    Test worker] i.s.i.m.m.A.insertArticleTagRelation     : <==    Updates: 1
    2026-04-15 09:04:25.825 DEBUG 83996 --- [    Test worker] i.s.i.m.mapper.ArticleMapper.insert      : ==>  Preparing: insert into articles(id, slug, title, description, body, user_id, created_at, updated_at) values( ?, ?, ?, ?, ?, ?, ?, ?)
    2026-04-15 09:04:25.825 DEBUG 83996 --- [    Test worker] i.s.i.m.mapper.ArticleMapper.insert      : ==> Parameters: 44caf87a-5d40-45fc-9108-ffd9f491426b(String), new-article(String), new article(String), desc(String), body(String), 013fa530-128a-4372-b2c7-040bc27fde64(String), 2026-04-15 09:04:25.822(Timestamp), 2026-04-15 09:04:25.822(Timestamp)
    2026-04-15 09:04:25.825 DEBUG 83996 --- [    Test worker] i.s.i.m.mapper.ArticleMapper.insert      : <==    Updates: 1
    2026-04-15 09:04:25.826 DEBUG 83996 --- [    Test worker] i.s.i.m.r.A.queryArticles                : ==>  Preparing: select DISTINCT(A.id) articleId, A.created_at from articles A left join article_tags AT on A.id = AT.article_id left join tags T on T.id = AT.tag_id left join article_favorites AF on AF.article_id = A.id left join users AU on AU.id = A.user_id left join users AFU on AFU.id = AF.user_id WHERE T.name = ? order by A.created_at desc limit ?, ?
    2026-04-15 09:04:25.826 DEBUG 83996 --- [    Test worker] i.s.i.m.r.A.queryArticles                : ==> Parameters: spring(String), 0(Integer), 20(Integer)
    2026-04-15 09:04:25.826 DEBUG 83996 --- [    Test worker] i.s.i.m.r.A.queryArticles                : <==      Total: 1
    2026-04-15 09:04:25.827 DEBUG 83996 --- [    Test worker] i.s.i.m.r.A.countArticle                 : ==>  Preparing: select count(DISTINCT A.id) from articles A left join article_tags AT on A.id = AT.article_id left join tags T on T.id = AT.tag_id left join article_favorites AF on AF.article_id = A.id left join users AU on AU.id = A.user_id left join users AFU on AFU.id = AF.user_id WHERE T.name = ?
    2026-04-15 09:04:25.827 DEBUG 83996 --- [    Test worker] i.s.i.m.r.A.countArticle                 : ==> Parameters: spring(String)
    2026-04-15 09:04:25.827 DEBUG 83996 --- [    Test worker] i.s.i.m.r.A.countArticle                 : <==      Total: 1
    2026-04-15 09:04:25.827 DEBUG 83996 --- [    Test worker] i.s.i.m.r.A.findArticles                 : ==>  Preparing: select A.id articleId, A.slug articleSlug, A.title articleTitle, A.description articleDescription, A.body articleBody, A.created_at articleCreatedAt, A.updated_at articleUpdatedAt, T.name tagName, U.id userId, U.username userUsername, U.bio userBio, U.image userImage from articles A left join article_tags AT on A.id = AT.article_id left join tags T on T.id = AT.tag_id left join users U on U.id = A.user_id where A.id in ( ? ) order by A.created_at desc
    2026-04-15 09:04:25.827 DEBUG 83996 --- [    Test worker] i.s.i.m.r.A.findArticles                 : ==> Parameters: aa632249-e338-49d6-8101-fbf36e033a43(String)
    2026-04-15 09:04:25.828 DEBUG 83996 --- [    Test worker] i.s.i.m.r.A.findArticles                 : <==      Total: 2
    2026-04-15 09:04:25.831 DEBUG 83996 --- [    Test worker] i.s.i.m.r.A.queryArticles                : ==>  Preparing: select DISTINCT(A.id) articleId, A.created_at from articles A left join article_tags AT on A.id = AT.article_id left join tags T on T.id = AT.tag_id left join article_favorites AF on AF.article_id = A.id left join users AU on AU.id = A.user_id left join users AFU on AFU.id = AF.user_id WHERE T.name = ? order by A.created_at desc limit ?, ?
    2026-04-15 09:04:25.831 DEBUG 83996 --- [    Test worker] i.s.i.m.r.A.queryArticles                : ==> Parameters: notag(String), 0(Integer), 20(Integer)
    2026-04-15 09:04:25.832 DEBUG 83996 --- [    Test worker] i.s.i.m.r.A.countArticle                 : ==>  Preparing: select count(DISTINCT A.id) from articles A left join article_tags AT on A.id = AT.article_id left join tags T on T.id = AT.tag_id left join article_favorites AF on AF.article_id = A.id left join users AU on AU.id = A.user_id left join users AFU on AFU.id = AF.user_id WHERE T.name = ?
    2026-04-15 09:04:25.832 DEBUG 83996 --- [    Test worker] i.s.i.m.r.A.countArticle                 : ==> Parameters: notag(String)
    2026-04-15 09:04:25.832 DEBUG 83996 --- [    Test worker] i.s.i.m.r.A.countArticle                 : <==      Total: 1
    2026-04-15 09:04:25.834  INFO 83996 --- [    Test worker] o.s.t.c.transaction.TransactionContext   : Rolled back transaction for test: [DefaultTestContext@130f8e03 testClass = ArticleQueryServiceTest, testInstance = io.spring.application.article.ArticleQueryServiceTest@3e6be3c1, testMethod = should_query_article_by_tag@ArticleQueryServiceTest, testException = [null], mergedContextConfiguration = [MergedContextConfiguration@56c278bf testClass = ArticleQueryServiceTest, locations = '{}', classes = '{class io.spring.RealWorldApplication}', contextInitializerClasses = '[]', activeProfiles = '{test}', propertySourceLocations = '{}', propertySourceProperties = '{org.mybatis.spring.boot.test.autoconfigure.MybatisTestContextBootstrapper=true}', contextCustomizers = set[org.springframework.boot.test.autoconfigure.OverrideAutoConfigurationContextCustomizerFactory$DisableAutoConfigurationContextCustomizer@4e9bd2c8, org.springframework.boot.test.autoconfigure.actuate.metrics.MetricsExportContextCustomizerFactory$DisableMetricExportContextCustomizer@146587a2, org.springframework.boot.test.autoconfigure.filter.TypeExcludeFiltersContextCustomizer@351584c0, org.springframework.boot.test.autoconfigure.properties.PropertyMappingContextCustomizer@a3d5432f, org.springframework.boot.test.autoconfigure.web.servlet.WebDriverContextCustomizerFactory$Customizer@115667d, [ImportsContextCustomizer@5985102f key = [io.spring.application.ArticleQueryService, io.spring.infrastructure.repository.MyBatisUserRepository, io.spring.infrastructure.repository.MyBatisArticleRepository, io.spring.infrastructure.repository.MyBatisArticleFavoriteRepository, org.springframework.boot.test.autoconfigure.jdbc.TestDatabaseAutoConfiguration, org.springframework.boot.autoconfigure.jdbc.DataSourceAutoConfiguration, org.springframework.boot.autoconfigure.cache.CacheAutoConfiguration, org.springframework.boot.autoconfigure.flyway.FlywayAutoConfiguration, org.springframework.boot.autoconfigure.jdbc.DataSourceTransactionManagerAutoConfiguration, org.springframework.boot.autoconfigure.jdbc.JdbcTemplateAutoConfiguration, org.springframework.boot.autoconfigure.liquibase.LiquibaseAutoConfiguration, org.springframework.boot.autoconfigure.transaction.TransactionAutoConfiguration, org.springframework.boot.autoconfigure.sql.init.SqlInitializationAutoConfiguration, org.mybatis.spring.boot.autoconfigure.MybatisLanguageDriverAutoConfiguration, org.mybatis.spring.boot.autoconfigure.MybatisAutoConfiguration]], org.springframework.boot.test.context.filter.ExcludeFilterContextCustomizer@497486b3, org.springframework.boot.test.json.DuplicateJsonObjectContextCustomizerFactory$DuplicateJsonObjectContextCustomizer@6127a7e, org.springframework.boot.test.mock.mockito.MockitoContextCustomizer@0, org.springframework.boot.test.context.SpringBootTestArgs@1, org.springframework.boot.test.context.SpringBootTestWebEnvironment@0], contextLoader = 'org.springframework.boot.test.context.SpringBootContextLoader', parent = [null]], attributes = map['org.springframework.test.context.event.ApplicationEventsTestExecutionListener.recordApplicationEvents' -> false]]

ArticleQueryServiceTest > should_get_user_feed() STANDARD_OUT
    2026-04-15 09:04:25.835  INFO 83996 --- [    Test worker] o.s.t.c.transaction.TransactionContext   : Began transaction (1) for test context [DefaultTestContext@130f8e03 testClass = ArticleQueryServiceTest, testInstance = io.spring.application.article.ArticleQueryServiceTest@16b35f2f, testMethod = should_get_user_feed@ArticleQueryServiceTest, testException = [null], mergedContextConfiguration = [MergedContextConfiguration@56c278bf testClass = ArticleQueryServiceTest, locations = '{}', classes = '{class io.spring.RealWorldApplication}', contextInitializerClasses = '[]', activeProfiles = '{test}', propertySourceLocations = '{}', propertySourceProperties = '{org.mybatis.spring.boot.test.autoconfigure.MybatisTestContextBootstrapper=true}', contextCustomizers = set[org.springframework.boot.test.autoconfigure.OverrideAutoConfigurationContextCustomizerFactory$DisableAutoConfigurationContextCustomizer@4e9bd2c8, org.springframework.boot.test.autoconfigure.actuate.metrics.MetricsExportContextCustomizerFactory$DisableMetricExportContextCustomizer@146587a2, org.springframework.boot.test.autoconfigure.filter.TypeExcludeFiltersContextCustomizer@351584c0, org.springframework.boot.test.autoconfigure.properties.PropertyMappingContextCustomizer@a3d5432f, org.springframework.boot.test.autoconfigure.web.servlet.WebDriverContextCustomizerFactory$Customizer@115667d, [ImportsContextCustomizer@5985102f key = [io.spring.application.ArticleQueryService, io.spring.infrastructure.repository.MyBatisUserRepository, io.spring.infrastructure.repository.MyBatisArticleRepository, io.spring.infrastructure.repository.MyBatisArticleFavoriteRepository, org.springframework.boot.test.autoconfigure.jdbc.TestDatabaseAutoConfiguration, org.springframework.boot.autoconfigure.jdbc.DataSourceAutoConfiguration, org.springframework.boot.autoconfigure.cache.CacheAutoConfiguration, org.springframework.boot.autoconfigure.flyway.FlywayAutoConfiguration, org.springframework.boot.autoconfigure.jdbc.DataSourceTransactionManagerAutoConfiguration, org.springframework.boot.autoconfigure.jdbc.JdbcTemplateAutoConfiguration, org.springframework.boot.autoconfigure.liquibase.LiquibaseAutoConfiguration, org.springframework.boot.autoconfigure.transaction.TransactionAutoConfiguration, org.springframework.boot.autoconfigure.sql.init.SqlInitializationAutoConfiguration, org.mybatis.spring.boot.autoconfigure.MybatisLanguageDriverAutoConfiguration, org.mybatis.spring.boot.autoconfigure.MybatisAutoConfiguration]], org.springframework.boot.test.context.filter.ExcludeFilterContextCustomizer@497486b3, org.springframework.boot.test.json.DuplicateJsonObjectContextCustomizerFactory$DuplicateJsonObjectContextCustomizer@6127a7e, org.springframework.boot.test.mock.mockito.MockitoContextCustomizer@0, org.springframework.boot.test.context.SpringBootTestArgs@1, org.springframework.boot.test.context.SpringBootTestWebEnvironment@0], contextLoader = 'org.springframework.boot.test.context.SpringBootContextLoader', parent = [null]], attributes = map['org.springframework.test.context.event.ApplicationEventsTestExecutionListener.recordApplicationEvents' -> false]]; transaction manager [org.springframework.jdbc.support.JdbcTransactionManager@3695e28a]; rollback [true]
    2026-04-15 09:04:25.836 DEBUG 83996 --- [    Test worker] i.s.i.m.mapper.UserMapper.findById       : ==>  Preparing: select id, username, email, password, bio, image from users where id = ?
    2026-04-15 09:04:25.836 DEBUG 83996 --- [    Test worker] i.s.i.m.mapper.UserMapper.findById       : ==> Parameters: 38e90019-c980-45c7-b2d6-94f065593701(String)
    2026-04-15 09:04:25.837 DEBUG 83996 --- [    Test worker] i.s.i.mybatis.mapper.UserMapper.insert   : ==>  Preparing: insert into users (id, username, email, password, bio, image) values( ?, ?, ?, ?, ?, ? )
    2026-04-15 09:04:25.837 DEBUG 83996 --- [    Test worker] i.s.i.mybatis.mapper.UserMapper.insert   : ==> Parameters: 38e90019-c980-45c7-b2d6-94f065593701(String), aisensiy(String), aisensiy@gmail.com(String), 123(String), (String), (String)
    2026-04-15 09:04:25.837 DEBUG 83996 --- [    Test worker] i.s.i.mybatis.mapper.UserMapper.insert   : <==    Updates: 1
    2026-04-15 09:04:25.837 DEBUG 83996 --- [    Test worker] i.s.i.m.mapper.ArticleMapper.findById    : ==>  Preparing: select A.id articleId, A.slug articleSlug, A.title articleTitle, A.description articleDescription, A.body articleBody, A.user_id articleUserId, A.created_at articleCreatedAt, A.updated_at articleUpdatedAt, T.id tagId, T.name tagName from articles A left join article_tags AT on A.id = AT.article_id left join tags T on T.id = AT.tag_id where A.id = ?
    2026-04-15 09:04:25.837 DEBUG 83996 --- [    Test worker] i.s.i.m.mapper.ArticleMapper.findById    : ==> Parameters: 52139c48-97b0-4744-8a38-7691db9d5af8(String)
    2026-04-15 09:04:25.838 DEBUG 83996 --- [    Test worker] i.s.i.m.mapper.ArticleMapper.findTag     : ==>  Preparing: select id, name from tags where name = ?
    2026-04-15 09:04:25.838 DEBUG 83996 --- [    Test worker] i.s.i.m.mapper.ArticleMapper.findTag     : ==> Parameters: spring(String)
    2026-04-15 09:04:25.838 DEBUG 83996 --- [    Test worker] i.s.i.m.mapper.ArticleMapper.insertTag   : ==>  Preparing: insert into tags (id, name) values (?, ?)
    2026-04-15 09:04:25.838 DEBUG 83996 --- [    Test worker] i.s.i.m.mapper.ArticleMapper.insertTag   : ==> Parameters: 8d00ceb8-13dc-4145-8290-81f9e19943f4(String), spring(String)
    2026-04-15 09:04:25.838 DEBUG 83996 --- [    Test worker] i.s.i.m.mapper.ArticleMapper.insertTag   : <==    Updates: 1
    2026-04-15 09:04:25.838 DEBUG 83996 --- [    Test worker] i.s.i.m.m.A.insertArticleTagRelation     : ==>  Preparing: insert into article_tags (article_id, tag_id) values(?, ?)
    2026-04-15 09:04:25.838 DEBUG 83996 --- [    Test worker] i.s.i.m.m.A.insertArticleTagRelation     : ==> Parameters: 52139c48-97b0-4744-8a38-7691db9d5af8(String), 8d00ceb8-13dc-4145-8290-81f9e19943f4(String)
    2026-04-15 09:04:25.838 DEBUG 83996 --- [    Test worker] i.s.i.m.m.A.insertArticleTagRelation     : <==    Updates: 1
    2026-04-15 09:04:25.839 DEBUG 83996 --- [    Test worker] i.s.i.m.mapper.ArticleMapper.findTag     : ==>  Preparing: select id, name from tags where name = ?
    2026-04-15 09:04:25.839 DEBUG 83996 --- [    Test worker] i.s.i.m.mapper.ArticleMapper.findTag     : ==> Parameters: java(String)
    2026-04-15 09:04:25.839 DEBUG 83996 --- [    Test worker] i.s.i.m.mapper.ArticleMapper.insertTag   : ==>  Preparing: insert into tags (id, name) values (?, ?)
    2026-04-15 09:04:25.839 DEBUG 83996 --- [    Test worker] i.s.i.m.mapper.ArticleMapper.insertTag   : ==> Parameters: 649e577e-bcc4-4cf8-8241-93821634f207(String), java(String)
    2026-04-15 09:04:25.839 DEBUG 83996 --- [    Test worker] i.s.i.m.mapper.ArticleMapper.insertTag   : <==    Updates: 1
    2026-04-15 09:04:25.839 DEBUG 83996 --- [    Test worker] i.s.i.m.m.A.insertArticleTagRelation     : ==>  Preparing: insert into article_tags (article_id, tag_id) values(?, ?)
    2026-04-15 09:04:25.839 DEBUG 83996 --- [    Test worker] i.s.i.m.m.A.insertArticleTagRelation     : ==> Parameters: 52139c48-97b0-4744-8a38-7691db9d5af8(String), 649e577e-bcc4-4cf8-8241-93821634f207(String)
    2026-04-15 09:04:25.839 DEBUG 83996 --- [    Test worker] i.s.i.m.m.A.insertArticleTagRelation     : <==    Updates: 1
    2026-04-15 09:04:25.839 DEBUG 83996 --- [    Test worker] i.s.i.m.mapper.ArticleMapper.insert      : ==>  Preparing: insert into articles(id, slug, title, description, body, user_id, created_at, updated_at) values( ?, ?, ?, ?, ?, ?, ?, ?)
    2026-04-15 09:04:25.840 DEBUG 83996 --- [    Test worker] i.s.i.m.mapper.ArticleMapper.insert      : ==> Parameters: 52139c48-97b0-4744-8a38-7691db9d5af8(String), test(String), test(String), desc(String), body(String), 38e90019-c980-45c7-b2d6-94f065593701(String), 2026-04-15 09:04:25.837(Timestamp), 2026-04-15 09:04:25.837(Timestamp)
    2026-04-15 09:04:25.840 DEBUG 83996 --- [    Test worker] i.s.i.m.mapper.ArticleMapper.insert      : <==    Updates: 1
    2026-04-15 09:04:25.840 DEBUG 83996 --- [    Test worker] i.s.i.m.mapper.UserMapper.findById       : ==>  Preparing: select id, username, email, password, bio, image from users where id = ?
    2026-04-15 09:04:25.840 DEBUG 83996 --- [    Test worker] i.s.i.m.mapper.UserMapper.findById       : ==> Parameters: 8fc4dbe7-b632-488f-9b5f-b0ff56ce0156(String)
    2026-04-15 09:04:25.840 DEBUG 83996 --- [    Test worker] i.s.i.mybatis.mapper.UserMapper.insert   : ==>  Preparing: insert into users (id, username, email, password, bio, image) values( ?, ?, ?, ?, ?, ? )
    2026-04-15 09:04:25.840 DEBUG 83996 --- [    Test worker] i.s.i.mybatis.mapper.UserMapper.insert   : ==> Parameters: 8fc4dbe7-b632-488f-9b5f-b0ff56ce0156(String), other(String), other@email.com(String), 123(String), (String), (String)
    2026-04-15 09:04:25.841 DEBUG 83996 --- [    Test worker] i.s.i.mybatis.mapper.UserMapper.insert   : <==    Updates: 1
    2026-04-15 09:04:25.841 DEBUG 83996 --- [    Test worker] i.s.i.m.mapper.UserMapper.findRelation   : ==>  Preparing: SELECT F.user_id followUserId, F.follow_id followTargetId from follows F where F.user_id = ? and F.follow_id = ?
    2026-04-15 09:04:25.841 DEBUG 83996 --- [    Test worker] i.s.i.m.mapper.UserMapper.findRelation   : ==> Parameters: 8fc4dbe7-b632-488f-9b5f-b0ff56ce0156(String), 38e90019-c980-45c7-b2d6-94f065593701(String)
    2026-04-15 09:04:25.841 DEBUG 83996 --- [    Test worker] i.s.i.m.mapper.UserMapper.saveRelation   : ==>  Preparing: insert into follows(user_id, follow_id) values (?, ?)
    2026-04-15 09:04:25.841 DEBUG 83996 --- [    Test worker] i.s.i.m.mapper.UserMapper.saveRelation   : ==> Parameters: 8fc4dbe7-b632-488f-9b5f-b0ff56ce0156(String), 38e90019-c980-45c7-b2d6-94f065593701(String)
    2026-04-15 09:04:25.841 DEBUG 83996 --- [    Test worker] i.s.i.m.mapper.UserMapper.saveRelation   : <==    Updates: 1
    2026-04-15 09:04:25.842 DEBUG 83996 --- [    Test worker] i.s.i.m.r.A.findArticlesOfAuthors        : ==>  Preparing: select A.id articleId, A.slug articleSlug, A.title articleTitle, A.description articleDescription, A.body articleBody, A.created_at articleCreatedAt, A.updated_at articleUpdatedAt, T.name tagName, U.id userId, U.username userUsername, U.bio userBio, U.image userImage from articles A left join article_tags AT on A.id = AT.article_id left join tags T on T.id = AT.tag_id left join users U on U.id = A.user_id where A.user_id in ( ? ) limit ?, ?
    2026-04-15 09:04:25.843 DEBUG 83996 --- [    Test worker] i.s.i.m.r.A.findArticlesOfAuthors        : ==> Parameters: 38e90019-c980-45c7-b2d6-94f065593701(String), 0(Integer), 20(Integer)
    2026-04-15 09:04:25.843 DEBUG 83996 --- [    Test worker] i.s.i.m.r.A.findArticlesOfAuthors        : <==      Total: 2
    2026-04-15 09:04:25.845 DEBUG 83996 --- [    Test worker] i.s.i.m.r.A.countFeedSize                : ==>  Preparing: select count(1) from articles A where A.user_id in ( ? )
    2026-04-15 09:04:25.845 DEBUG 83996 --- [    Test worker] i.s.i.m.r.A.countFeedSize                : ==> Parameters: 38e90019-c980-45c7-b2d6-94f065593701(String)
    2026-04-15 09:04:25.845 DEBUG 83996 --- [    Test worker] i.s.i.m.r.A.countFeedSize                : <==      Total: 1
    2026-04-15 09:04:25.847  INFO 83996 --- [    Test worker] o.s.t.c.transaction.TransactionContext   : Rolled back transaction for test: [DefaultTestContext@130f8e03 testClass = ArticleQueryServiceTest, testInstance = io.spring.application.article.ArticleQueryServiceTest@16b35f2f, testMethod = should_get_user_feed@ArticleQueryServiceTest, testException = [null], mergedContextConfiguration = [MergedContextConfiguration@56c278bf testClass = ArticleQueryServiceTest, locations = '{}', classes = '{class io.spring.RealWorldApplication}', contextInitializerClasses = '[]', activeProfiles = '{test}', propertySourceLocations = '{}', propertySourceProperties = '{org.mybatis.spring.boot.test.autoconfigure.MybatisTestContextBootstrapper=true}', contextCustomizers = set[org.springframework.boot.test.autoconfigure.OverrideAutoConfigurationContextCustomizerFactory$DisableAutoConfigurationContextCustomizer@4e9bd2c8, org.springframework.boot.test.autoconfigure.actuate.metrics.MetricsExportContextCustomizerFactory$DisableMetricExportContextCustomizer@146587a2, org.springframework.boot.test.autoconfigure.filter.TypeExcludeFiltersContextCustomizer@351584c0, org.springframework.boot.test.autoconfigure.properties.PropertyMappingContextCustomizer@a3d5432f, org.springframework.boot.test.autoconfigure.web.servlet.WebDriverContextCustomizerFactory$Customizer@115667d, [ImportsContextCustomizer@5985102f key = [io.spring.application.ArticleQueryService, io.spring.infrastructure.repository.MyBatisUserRepository, io.spring.infrastructure.repository.MyBatisArticleRepository, io.spring.infrastructure.repository.MyBatisArticleFavoriteRepository, org.springframework.boot.test.autoconfigure.jdbc.TestDatabaseAutoConfiguration, org.springframework.boot.autoconfigure.jdbc.DataSourceAutoConfiguration, org.springframework.boot.autoconfigure.cache.CacheAutoConfiguration, org.springframework.boot.autoconfigure.flyway.FlywayAutoConfiguration, org.springframework.boot.autoconfigure.jdbc.DataSourceTransactionManagerAutoConfiguration, org.springframework.boot.autoconfigure.jdbc.JdbcTemplateAutoConfiguration, org.springframework.boot.autoconfigure.liquibase.LiquibaseAutoConfiguration, org.springframework.boot.autoconfigure.transaction.TransactionAutoConfiguration, org.springframework.boot.autoconfigure.sql.init.SqlInitializationAutoConfiguration, org.mybatis.spring.boot.autoconfigure.MybatisLanguageDriverAutoConfiguration, org.mybatis.spring.boot.autoconfigure.MybatisAutoConfiguration]], org.springframework.boot.test.context.filter.ExcludeFilterContextCustomizer@497486b3, org.springframework.boot.test.json.DuplicateJsonObjectContextCustomizerFactory$DuplicateJsonObjectContextCustomizer@6127a7e, org.springframework.boot.test.mock.mockito.MockitoContextCustomizer@0, org.springframework.boot.test.context.SpringBootTestArgs@1, org.springframework.boot.test.context.SpringBootTestWebEnvironment@0], contextLoader = 'org.springframework.boot.test.context.SpringBootContextLoader', parent = [null]], attributes = map['org.springframework.test.context.event.ApplicationEventsTestExecutionListener.recordApplicationEvents' -> false]]

ArticleQueryServiceTest > should_get_article_with_right_favorite_and_favorite_count() STANDARD_OUT
    2026-04-15 09:04:25.848  INFO 83996 --- [    Test worker] o.s.t.c.transaction.TransactionContext   : Began transaction (1) for test context [DefaultTestContext@130f8e03 testClass = ArticleQueryServiceTest, testInstance = io.spring.application.article.ArticleQueryServiceTest@68ae86a2, testMethod = should_get_article_with_right_favorite_and_favorite_count@ArticleQueryServiceTest, testException = [null], mergedContextConfiguration = [MergedContextConfiguration@56c278bf testClass = ArticleQueryServiceTest, locations = '{}', classes = '{class io.spring.RealWorldApplication}', contextInitializerClasses = '[]', activeProfiles = '{test}', propertySourceLocations = '{}', propertySourceProperties = '{org.mybatis.spring.boot.test.autoconfigure.MybatisTestContextBootstrapper=true}', contextCustomizers = set[org.springframework.boot.test.autoconfigure.OverrideAutoConfigurationContextCustomizerFactory$DisableAutoConfigurationContextCustomizer@4e9bd2c8, org.springframework.boot.test.autoconfigure.actuate.metrics.MetricsExportContextCustomizerFactory$DisableMetricExportContextCustomizer@146587a2, org.springframework.boot.test.autoconfigure.filter.TypeExcludeFiltersContextCustomizer@351584c0, org.springframework.boot.test.autoconfigure.properties.PropertyMappingContextCustomizer@a3d5432f, org.springframework.boot.test.autoconfigure.web.servlet.WebDriverContextCustomizerFactory$Customizer@115667d, [ImportsContextCustomizer@5985102f key = [io.spring.application.ArticleQueryService, io.spring.infrastructure.repository.MyBatisUserRepository, io.spring.infrastructure.repository.MyBatisArticleRepository, io.spring.infrastructure.repository.MyBatisArticleFavoriteRepository, org.springframework.boot.test.autoconfigure.jdbc.TestDatabaseAutoConfiguration, org.springframework.boot.autoconfigure.jdbc.DataSourceAutoConfiguration, org.springframework.boot.autoconfigure.cache.CacheAutoConfiguration, org.springframework.boot.autoconfigure.flyway.FlywayAutoConfiguration, org.springframework.boot.autoconfigure.jdbc.DataSourceTransactionManagerAutoConfiguration, org.springframework.boot.autoconfigure.jdbc.JdbcTemplateAutoConfiguration, org.springframework.boot.autoconfigure.liquibase.LiquibaseAutoConfiguration, org.springframework.boot.autoconfigure.transaction.TransactionAutoConfiguration, org.springframework.boot.autoconfigure.sql.init.SqlInitializationAutoConfiguration, org.mybatis.spring.boot.autoconfigure.MybatisLanguageDriverAutoConfiguration, org.mybatis.spring.boot.autoconfigure.MybatisAutoConfiguration]], org.springframework.boot.test.context.filter.ExcludeFilterContextCustomizer@497486b3, org.springframework.boot.test.json.DuplicateJsonObjectContextCustomizerFactory$DuplicateJsonObjectContextCustomizer@6127a7e, org.springframework.boot.test.mock.mockito.MockitoContextCustomizer@0, org.springframework.boot.test.context.SpringBootTestArgs@1, org.springframework.boot.test.context.SpringBootTestWebEnvironment@0], contextLoader = 'org.springframework.boot.test.context.SpringBootContextLoader', parent = [null]], attributes = map['org.springframework.test.context.event.ApplicationEventsTestExecutionListener.recordApplicationEvents' -> false]]; transaction manager [org.springframework.jdbc.support.JdbcTransactionManager@3695e28a]; rollback [true]
    2026-04-15 09:04:25.849 DEBUG 83996 --- [    Test worker] i.s.i.m.mapper.UserMapper.findById       : ==>  Preparing: select id, username, email, password, bio, image from users where id = ?
    2026-04-15 09:04:25.849 DEBUG 83996 --- [    Test worker] i.s.i.m.mapper.UserMapper.findById       : ==> Parameters: 96e07c4f-4b87-4f89-b647-9b71a43709a9(String)
    2026-04-15 09:04:25.850 DEBUG 83996 --- [    Test worker] i.s.i.mybatis.mapper.UserMapper.insert   : ==>  Preparing: insert into users (id, username, email, password, bio, image) values( ?, ?, ?, ?, ?, ? )
    2026-04-15 09:04:25.850 DEBUG 83996 --- [    Test worker] i.s.i.mybatis.mapper.UserMapper.insert   : ==> Parameters: 96e07c4f-4b87-4f89-b647-9b71a43709a9(String), aisensiy(String), aisensiy@gmail.com(String), 123(String), (String), (String)
    2026-04-15 09:04:25.850 DEBUG 83996 --- [    Test worker] i.s.i.mybatis.mapper.UserMapper.insert   : <==    Updates: 1
    2026-04-15 09:04:25.850 DEBUG 83996 --- [    Test worker] i.s.i.m.mapper.ArticleMapper.findById    : ==>  Preparing: select A.id articleId, A.slug articleSlug, A.title articleTitle, A.description articleDescription, A.body articleBody, A.user_id articleUserId, A.created_at articleCreatedAt, A.updated_at articleUpdatedAt, T.id tagId, T.name tagName from articles A left join article_tags AT on A.id = AT.article_id left join tags T on T.id = AT.tag_id where A.id = ?
    2026-04-15 09:04:25.850 DEBUG 83996 --- [    Test worker] i.s.i.m.mapper.ArticleMapper.findById    : ==> Parameters: ef9269ea-0add-489f-886d-e5930149f117(String)
    2026-04-15 09:04:25.850 DEBUG 83996 --- [    Test worker] i.s.i.m.mapper.ArticleMapper.findTag     : ==>  Preparing: select id, name from tags where name = ?
    2026-04-15 09:04:25.851 DEBUG 83996 --- [    Test worker] i.s.i.m.mapper.ArticleMapper.findTag     : ==> Parameters: spring(String)
    2026-04-15 09:04:25.851 DEBUG 83996 --- [    Test worker] i.s.i.m.mapper.ArticleMapper.insertTag   : ==>  Preparing: insert into tags (id, name) values (?, ?)
    2026-04-15 09:04:25.851 DEBUG 83996 --- [    Test worker] i.s.i.m.mapper.ArticleMapper.insertTag   : ==> Parameters: e0011999-8058-4af0-9118-1c24b324743d(String), spring(String)
    2026-04-15 09:04:25.851 DEBUG 83996 --- [    Test worker] i.s.i.m.mapper.ArticleMapper.insertTag   : <==    Updates: 1
    2026-04-15 09:04:25.851 DEBUG 83996 --- [    Test worker] i.s.i.m.m.A.insertArticleTagRelation     : ==>  Preparing: insert into article_tags (article_id, tag_id) values(?, ?)
    2026-04-15 09:04:25.851 DEBUG 83996 --- [    Test worker] i.s.i.m.m.A.insertArticleTagRelation     : ==> Parameters: ef9269ea-0add-489f-886d-e5930149f117(String), e0011999-8058-4af0-9118-1c24b324743d(String)
    2026-04-15 09:04:25.851 DEBUG 83996 --- [    Test worker] i.s.i.m.m.A.insertArticleTagRelation     : <==    Updates: 1
    2026-04-15 09:04:25.851 DEBUG 83996 --- [    Test worker] i.s.i.m.mapper.ArticleMapper.findTag     : ==>  Preparing: select id, name from tags where name = ?
    2026-04-15 09:04:25.851 DEBUG 83996 --- [    Test worker] i.s.i.m.mapper.ArticleMapper.findTag     : ==> Parameters: java(String)
    2026-04-15 09:04:25.852 DEBUG 83996 --- [    Test worker] i.s.i.m.mapper.ArticleMapper.insertTag   : ==>  Preparing: insert into tags (id, name) values (?, ?)
    2026-04-15 09:04:25.852 DEBUG 83996 --- [    Test worker] i.s.i.m.mapper.ArticleMapper.insertTag   : ==> Parameters: 6a2d5b17-b27f-4be9-a3f9-5a158fb37983(String), java(String)
    2026-04-15 09:04:25.852 DEBUG 83996 --- [    Test worker] i.s.i.m.mapper.ArticleMapper.insertTag   : <==    Updates: 1
    2026-04-15 09:04:25.852 DEBUG 83996 --- [    Test worker] i.s.i.m.m.A.insertArticleTagRelation     : ==>  Preparing: insert into article_tags (article_id, tag_id) values(?, ?)
    2026-04-15 09:04:25.852 DEBUG 83996 --- [    Test worker] i.s.i.m.m.A.insertArticleTagRelation     : ==> Parameters: ef9269ea-0add-489f-886d-e5930149f117(String), 6a2d5b17-b27f-4be9-a3f9-5a158fb37983(String)
    2026-04-15 09:04:25.852 DEBUG 83996 --- [    Test worker] i.s.i.m.m.A.insertArticleTagRelation     : <==    Updates: 1
    2026-04-15 09:04:25.852 DEBUG 83996 --- [    Test worker] i.s.i.m.mapper.ArticleMapper.insert      : ==>  Preparing: insert into articles(id, slug, title, description, body, user_id, created_at, updated_at) values( ?, ?, ?, ?, ?, ?, ?, ?)
    2026-04-15 09:04:25.852 DEBUG 83996 --- [    Test worker] i.s.i.m.mapper.ArticleMapper.insert      : ==> Parameters: ef9269ea-0add-489f-886d-e5930149f117(String), test(String), test(String), desc(String), body(String), 96e07c4f-4b87-4f89-b647-9b71a43709a9(String), 2026-04-15 09:04:25.85(Timestamp), 2026-04-15 09:04:25.85(Timestamp)
    2026-04-15 09:04:25.852 DEBUG 83996 --- [    Test worker] i.s.i.m.mapper.ArticleMapper.insert      : <==    Updates: 1
    2026-04-15 09:04:25.853 DEBUG 83996 --- [    Test worker] i.s.i.m.mapper.UserMapper.findById       : ==>  Preparing: select id, username, email, password, bio, image from users where id = ?
    2026-04-15 09:04:25.853 DEBUG 83996 --- [    Test worker] i.s.i.m.mapper.UserMapper.findById       : ==> Parameters: 4bd7dee5-8525-4015-bec6-ffd1b5ac2270(String)
    2026-04-15 09:04:25.853 DEBUG 83996 --- [    Test worker] i.s.i.mybatis.mapper.UserMapper.insert   : ==>  Preparing: insert into users (id, username, email, password, bio, image) values( ?, ?, ?, ?, ?, ? )
    2026-04-15 09:04:25.853 DEBUG 83996 --- [    Test worker] i.s.i.mybatis.mapper.UserMapper.insert   : ==> Parameters: 4bd7dee5-8525-4015-bec6-ffd1b5ac2270(String), other(String), other@test.com(String), 123(String), (String), (String)
    2026-04-15 09:04:25.853 DEBUG 83996 --- [    Test worker] i.s.i.mybatis.mapper.UserMapper.insert   : <==    Updates: 1
    2026-04-15 09:04:25.853 DEBUG 83996 --- [    Test worker] i.s.i.m.m.ArticleFavoriteMapper.find     : ==>  Preparing: select AF.article_id articleFavoriteArticleId, AF.user_id articleFavoriteUserId from article_favorites AF where AF.article_id = ? and AF.user_id = ?
    2026-04-15 09:04:25.853 DEBUG 83996 --- [    Test worker] i.s.i.m.m.ArticleFavoriteMapper.find     : ==> Parameters: ef9269ea-0add-489f-886d-e5930149f117(String), 4bd7dee5-8525-4015-bec6-ffd1b5ac2270(String)
    2026-04-15 09:04:25.854 DEBUG 83996 --- [    Test worker] i.s.i.m.m.ArticleFavoriteMapper.insert   : ==>  Preparing: insert into article_favorites (article_id, user_id) values (?, ?)
    2026-04-15 09:04:25.854 DEBUG 83996 --- [    Test worker] i.s.i.m.m.ArticleFavoriteMapper.insert   : ==> Parameters: ef9269ea-0add-489f-886d-e5930149f117(String), 4bd7dee5-8525-4015-bec6-ffd1b5ac2270(String)
    2026-04-15 09:04:25.854 DEBUG 83996 --- [    Test worker] i.s.i.m.m.ArticleFavoriteMapper.insert   : <==    Updates: 1
    2026-04-15 09:04:25.854 DEBUG 83996 --- [    Test worker] i.s.i.m.r.ArticleReadService.findById    : ==>  Preparing: select A.id articleId, A.slug articleSlug, A.title articleTitle, A.description articleDescription, A.body articleBody, A.created_at articleCreatedAt, A.updated_at articleUpdatedAt, T.name tagName, U.id userId, U.username userUsername, U.bio userBio, U.image userImage from articles A left join article_tags AT on A.id = AT.article_id left join tags T on T.id = AT.tag_id left join users U on U.id = A.user_id where A.id = ?
    2026-04-15 09:04:25.854 DEBUG 83996 --- [    Test worker] i.s.i.m.r.ArticleReadService.findById    : ==> Parameters: ef9269ea-0add-489f-886d-e5930149f117(String)
    2026-04-15 09:04:25.855 DEBUG 83996 --- [    Test worker] i.s.i.m.r.ArticleReadService.findById    : <==      Total: 2
    2026-04-15 09:04:25.857  INFO 83996 --- [    Test worker] o.s.t.c.transaction.TransactionContext   : Rolled back transaction for test: [DefaultTestContext@130f8e03 testClass = ArticleQueryServiceTest, testInstance = io.spring.application.article.ArticleQueryServiceTest@68ae86a2, testMethod = should_get_article_with_right_favorite_and_favorite_count@ArticleQueryServiceTest, testException = [null], mergedContextConfiguration = [MergedContextConfiguration@56c278bf testClass = ArticleQueryServiceTest, locations = '{}', classes = '{class io.spring.RealWorldApplication}', contextInitializerClasses = '[]', activeProfiles = '{test}', propertySourceLocations = '{}', propertySourceProperties = '{org.mybatis.spring.boot.test.autoconfigure.MybatisTestContextBootstrapper=true}', contextCustomizers = set[org.springframework.boot.test.autoconfigure.OverrideAutoConfigurationContextCustomizerFactory$DisableAutoConfigurationContextCustomizer@4e9bd2c8, org.springframework.boot.test.autoconfigure.actuate.metrics.MetricsExportContextCustomizerFactory$DisableMetricExportContextCustomizer@146587a2, org.springframework.boot.test.autoconfigure.filter.TypeExcludeFiltersContextCustomizer@351584c0, org.springframework.boot.test.autoconfigure.properties.PropertyMappingContextCustomizer@a3d5432f, org.springframework.boot.test.autoconfigure.web.servlet.WebDriverContextCustomizerFactory$Customizer@115667d, [ImportsContextCustomizer@5985102f key = [io.spring.application.ArticleQueryService, io.spring.infrastructure.repository.MyBatisUserRepository, io.spring.infrastructure.repository.MyBatisArticleRepository, io.spring.infrastructure.repository.MyBatisArticleFavoriteRepository, org.springframework.boot.test.autoconfigure.jdbc.TestDatabaseAutoConfiguration, org.springframework.boot.autoconfigure.jdbc.DataSourceAutoConfiguration, org.springframework.boot.autoconfigure.cache.CacheAutoConfiguration, org.springframework.boot.autoconfigure.flyway.FlywayAutoConfiguration, org.springframework.boot.autoconfigure.jdbc.DataSourceTransactionManagerAutoConfiguration, org.springframework.boot.autoconfigure.jdbc.JdbcTemplateAutoConfiguration, org.springframework.boot.autoconfigure.liquibase.LiquibaseAutoConfiguration, org.springframework.boot.autoconfigure.transaction.TransactionAutoConfiguration, org.springframework.boot.autoconfigure.sql.init.SqlInitializationAutoConfiguration, org.mybatis.spring.boot.autoconfigure.MybatisLanguageDriverAutoConfiguration, org.mybatis.spring.boot.autoconfigure.MybatisAutoConfiguration]], org.springframework.boot.test.context.filter.ExcludeFilterContextCustomizer@497486b3, org.springframework.boot.test.json.DuplicateJsonObjectContextCustomizerFactory$DuplicateJsonObjectContextCustomizer@6127a7e, org.springframework.boot.test.mock.mockito.MockitoContextCustomizer@0, org.springframework.boot.test.context.SpringBootTestArgs@1, org.springframework.boot.test.context.SpringBootTestWebEnvironment@0], contextLoader = 'org.springframework.boot.test.context.SpringBootContextLoader', parent = [null]], attributes = map['org.springframework.test.context.event.ApplicationEventsTestExecutionListener.recordApplicationEvents' -> false]]

ArticleQueryServiceTest > should_fetch_article_success() STANDARD_OUT
    2026-04-15 09:04:25.858  INFO 83996 --- [    Test worker] o.s.t.c.transaction.TransactionContext   : Began transaction (1) for test context [DefaultTestContext@130f8e03 testClass = ArticleQueryServiceTest, testInstance = io.spring.application.article.ArticleQueryServiceTest@33d9904f, testMethod = should_fetch_article_success@ArticleQueryServiceTest, testException = [null], mergedContextConfiguration = [MergedContextConfiguration@56c278bf testClass = ArticleQueryServiceTest, locations = '{}', classes = '{class io.spring.RealWorldApplication}', contextInitializerClasses = '[]', activeProfiles = '{test}', propertySourceLocations = '{}', propertySourceProperties = '{org.mybatis.spring.boot.test.autoconfigure.MybatisTestContextBootstrapper=true}', contextCustomizers = set[org.springframework.boot.test.autoconfigure.OverrideAutoConfigurationContextCustomizerFactory$DisableAutoConfigurationContextCustomizer@4e9bd2c8, org.springframework.boot.test.autoconfigure.actuate.metrics.MetricsExportContextCustomizerFactory$DisableMetricExportContextCustomizer@146587a2, org.springframework.boot.test.autoconfigure.filter.TypeExcludeFiltersContextCustomizer@351584c0, org.springframework.boot.test.autoconfigure.properties.PropertyMappingContextCustomizer@a3d5432f, org.springframework.boot.test.autoconfigure.web.servlet.WebDriverContextCustomizerFactory$Customizer@115667d, [ImportsContextCustomizer@5985102f key = [io.spring.application.ArticleQueryService, io.spring.infrastructure.repository.MyBatisUserRepository, io.spring.infrastructure.repository.MyBatisArticleRepository, io.spring.infrastructure.repository.MyBatisArticleFavoriteRepository, org.springframework.boot.test.autoconfigure.jdbc.TestDatabaseAutoConfiguration, org.springframework.boot.autoconfigure.jdbc.DataSourceAutoConfiguration, org.springframework.boot.autoconfigure.cache.CacheAutoConfiguration, org.springframework.boot.autoconfigure.flyway.FlywayAutoConfiguration, org.springframework.boot.autoconfigure.jdbc.DataSourceTransactionManagerAutoConfiguration, org.springframework.boot.autoconfigure.jdbc.JdbcTemplateAutoConfiguration, org.springframework.boot.autoconfigure.liquibase.LiquibaseAutoConfiguration, org.springframework.boot.autoconfigure.transaction.TransactionAutoConfiguration, org.springframework.boot.autoconfigure.sql.init.SqlInitializationAutoConfiguration, org.mybatis.spring.boot.autoconfigure.MybatisLanguageDriverAutoConfiguration, org.mybatis.spring.boot.autoconfigure.MybatisAutoConfiguration]], org.springframework.boot.test.context.filter.ExcludeFilterContextCustomizer@497486b3, org.springframework.boot.test.json.DuplicateJsonObjectContextCustomizerFactory$DuplicateJsonObjectContextCustomizer@6127a7e, org.springframework.boot.test.mock.mockito.MockitoContextCustomizer@0, org.springframework.boot.test.context.SpringBootTestArgs@1, org.springframework.boot.test.context.SpringBootTestWebEnvironment@0], contextLoader = 'org.springframework.boot.test.context.SpringBootContextLoader', parent = [null]], attributes = map['org.springframework.test.context.event.ApplicationEventsTestExecutionListener.recordApplicationEvents' -> false]]; transaction manager [org.springframework.jdbc.support.JdbcTransactionManager@3695e28a]; rollback [true]
    2026-04-15 09:04:25.859 DEBUG 83996 --- [    Test worker] i.s.i.m.mapper.UserMapper.findById       : ==>  Preparing: select id, username, email, password, bio, image from users where id = ?
    2026-04-15 09:04:25.859 DEBUG 83996 --- [    Test worker] i.s.i.m.mapper.UserMapper.findById       : ==> Parameters: 99d5f452-45f8-497a-b806-fbb1dc3726f6(String)
    2026-04-15 09:04:25.860 DEBUG 83996 --- [    Test worker] i.s.i.mybatis.mapper.UserMapper.insert   : ==>  Preparing: insert into users (id, username, email, password, bio, image) values( ?, ?, ?, ?, ?, ? )
    2026-04-15 09:04:25.860 DEBUG 83996 --- [    Test worker] i.s.i.mybatis.mapper.UserMapper.insert   : ==> Parameters: 99d5f452-45f8-497a-b806-fbb1dc3726f6(String), aisensiy(String), aisensiy@gmail.com(String), 123(String), (String), (String)
    2026-04-15 09:04:25.860 DEBUG 83996 --- [    Test worker] i.s.i.mybatis.mapper.UserMapper.insert   : <==    Updates: 1
    2026-04-15 09:04:25.860 DEBUG 83996 --- [    Test worker] i.s.i.m.mapper.ArticleMapper.findById    : ==>  Preparing: select A.id articleId, A.slug articleSlug, A.title articleTitle, A.description articleDescription, A.body articleBody, A.user_id articleUserId, A.created_at articleCreatedAt, A.updated_at articleUpdatedAt, T.id tagId, T.name tagName from articles A left join article_tags AT on A.id = AT.article_id left join tags T on T.id = AT.tag_id where A.id = ?
    2026-04-15 09:04:25.860 DEBUG 83996 --- [    Test worker] i.s.i.m.mapper.ArticleMapper.findById    : ==> Parameters: c5fe4c81-831f-4bee-9396-aafdfc581f50(String)
    2026-04-15 09:04:25.861 DEBUG 83996 --- [    Test worker] i.s.i.m.mapper.ArticleMapper.findTag     : ==>  Preparing: select id, name from tags where name = ?
    2026-04-15 09:04:25.861 DEBUG 83996 --- [    Test worker] i.s.i.m.mapper.ArticleMapper.findTag     : ==> Parameters: spring(String)
    2026-04-15 09:04:25.861 DEBUG 83996 --- [    Test worker] i.s.i.m.mapper.ArticleMapper.insertTag   : ==>  Preparing: insert into tags (id, name) values (?, ?)
    2026-04-15 09:04:25.861 DEBUG 83996 --- [    Test worker] i.s.i.m.mapper.ArticleMapper.insertTag   : ==> Parameters: f7a2201c-2d52-4180-91d8-b75f67445dc2(String), spring(String)
    2026-04-15 09:04:25.861 DEBUG 83996 --- [    Test worker] i.s.i.m.mapper.ArticleMapper.insertTag   : <==    Updates: 1
    2026-04-15 09:04:25.861 DEBUG 83996 --- [    Test worker] i.s.i.m.m.A.insertArticleTagRelation     : ==>  Preparing: insert into article_tags (article_id, tag_id) values(?, ?)
    2026-04-15 09:04:25.861 DEBUG 83996 --- [    Test worker] i.s.i.m.m.A.insertArticleTagRelation     : ==> Parameters: c5fe4c81-831f-4bee-9396-aafdfc581f50(String), f7a2201c-2d52-4180-91d8-b75f67445dc2(String)
    2026-04-15 09:04:25.861 DEBUG 83996 --- [    Test worker] i.s.i.m.m.A.insertArticleTagRelation     : <==    Updates: 1
    2026-04-15 09:04:25.861 DEBUG 83996 --- [    Test worker] i.s.i.m.mapper.ArticleMapper.findTag     : ==>  Preparing: select id, name from tags where name = ?
    2026-04-15 09:04:25.861 DEBUG 83996 --- [    Test worker] i.s.i.m.mapper.ArticleMapper.findTag     : ==> Parameters: java(String)
    2026-04-15 09:04:25.862 DEBUG 83996 --- [    Test worker] i.s.i.m.mapper.ArticleMapper.insertTag   : ==>  Preparing: insert into tags (id, name) values (?, ?)
    2026-04-15 09:04:25.862 DEBUG 83996 --- [    Test worker] i.s.i.m.mapper.ArticleMapper.insertTag   : ==> Parameters: a4c48341-5385-4a9d-8812-59dfe4ebc0fd(String), java(String)
    2026-04-15 09:04:25.862 DEBUG 83996 --- [    Test worker] i.s.i.m.mapper.ArticleMapper.insertTag   : <==    Updates: 1
    2026-04-15 09:04:25.862 DEBUG 83996 --- [    Test worker] i.s.i.m.m.A.insertArticleTagRelation     : ==>  Preparing: insert into article_tags (article_id, tag_id) values(?, ?)
    2026-04-15 09:04:25.862 DEBUG 83996 --- [    Test worker] i.s.i.m.m.A.insertArticleTagRelation     : ==> Parameters: c5fe4c81-831f-4bee-9396-aafdfc581f50(String), a4c48341-5385-4a9d-8812-59dfe4ebc0fd(String)
    2026-04-15 09:04:25.862 DEBUG 83996 --- [    Test worker] i.s.i.m.m.A.insertArticleTagRelation     : <==    Updates: 1
    2026-04-15 09:04:25.862 DEBUG 83996 --- [    Test worker] i.s.i.m.mapper.ArticleMapper.insert      : ==>  Preparing: insert into articles(id, slug, title, description, body, user_id, created_at, updated_at) values( ?, ?, ?, ?, ?, ?, ?, ?)
    2026-04-15 09:04:25.862 DEBUG 83996 --- [    Test worker] i.s.i.m.mapper.ArticleMapper.insert      : ==> Parameters: c5fe4c81-831f-4bee-9396-aafdfc581f50(String), test(String), test(String), desc(String), body(String), 99d5f452-45f8-497a-b806-fbb1dc3726f6(String), 2026-04-15 09:04:25.86(Timestamp), 2026-04-15 09:04:25.86(Timestamp)
    2026-04-15 09:04:25.862 DEBUG 83996 --- [    Test worker] i.s.i.m.mapper.ArticleMapper.insert      : <==    Updates: 1
    2026-04-15 09:04:25.863 DEBUG 83996 --- [    Test worker] i.s.i.m.r.ArticleReadService.findById    : ==>  Preparing: select A.id articleId, A.slug articleSlug, A.title articleTitle, A.description articleDescription, A.body articleBody, A.created_at articleCreatedAt, A.updated_at articleUpdatedAt, T.name tagName, U.id userId, U.username userUsername, U.bio userBio, U.image userImage from articles A left join article_tags AT on A.id = AT.article_id left join tags T on T.id = AT.tag_id left join users U on U.id = A.user_id where A.id = ?
    2026-04-15 09:04:25.863 DEBUG 83996 --- [    Test worker] i.s.i.m.r.ArticleReadService.findById    : ==> Parameters: c5fe4c81-831f-4bee-9396-aafdfc581f50(String)
    2026-04-15 09:04:25.864 DEBUG 83996 --- [    Test worker] i.s.i.m.r.ArticleReadService.findById    : <==      Total: 2
    2026-04-15 09:04:25.866  INFO 83996 --- [    Test worker] o.s.t.c.transaction.TransactionContext   : Rolled back transaction for test: [DefaultTestContext@130f8e03 testClass = ArticleQueryServiceTest, testInstance = io.spring.application.article.ArticleQueryServiceTest@33d9904f, testMethod = should_fetch_article_success@ArticleQueryServiceTest, testException = [null], mergedContextConfiguration = [MergedContextConfiguration@56c278bf testClass = ArticleQueryServiceTest, locations = '{}', classes = '{class io.spring.RealWorldApplication}', contextInitializerClasses = '[]', activeProfiles = '{test}', propertySourceLocations = '{}', propertySourceProperties = '{org.mybatis.spring.boot.test.autoconfigure.MybatisTestContextBootstrapper=true}', contextCustomizers = set[org.springframework.boot.test.autoconfigure.OverrideAutoConfigurationContextCustomizerFactory$DisableAutoConfigurationContextCustomizer@4e9bd2c8, org.springframework.boot.test.autoconfigure.actuate.metrics.MetricsExportContextCustomizerFactory$DisableMetricExportContextCustomizer@146587a2, org.springframework.boot.test.autoconfigure.filter.TypeExcludeFiltersContextCustomizer@351584c0, org.springframework.boot.test.autoconfigure.properties.PropertyMappingContextCustomizer@a3d5432f, org.springframework.boot.test.autoconfigure.web.servlet.WebDriverContextCustomizerFactory$Customizer@115667d, [ImportsContextCustomizer@5985102f key = [io.spring.application.ArticleQueryService, io.spring.infrastructure.repository.MyBatisUserRepository, io.spring.infrastructure.repository.MyBatisArticleRepository, io.spring.infrastructure.repository.MyBatisArticleFavoriteRepository, org.springframework.boot.test.autoconfigure.jdbc.TestDatabaseAutoConfiguration, org.springframework.boot.autoconfigure.jdbc.DataSourceAutoConfiguration, org.springframework.boot.autoconfigure.cache.CacheAutoConfiguration, org.springframework.boot.autoconfigure.flyway.FlywayAutoConfiguration, org.springframework.boot.autoconfigure.jdbc.DataSourceTransactionManagerAutoConfiguration, org.springframework.boot.autoconfigure.jdbc.JdbcTemplateAutoConfiguration, org.springframework.boot.autoconfigure.liquibase.LiquibaseAutoConfiguration, org.springframework.boot.autoconfigure.transaction.TransactionAutoConfiguration, org.springframework.boot.autoconfigure.sql.init.SqlInitializationAutoConfiguration, org.mybatis.spring.boot.autoconfigure.MybatisLanguageDriverAutoConfiguration, org.mybatis.spring.boot.autoconfigure.MybatisAutoConfiguration]], org.springframework.boot.test.context.filter.ExcludeFilterContextCustomizer@497486b3, org.springframework.boot.test.json.DuplicateJsonObjectContextCustomizerFactory$DuplicateJsonObjectContextCustomizer@6127a7e, org.springframework.boot.test.mock.mockito.MockitoContextCustomizer@0, org.springframework.boot.test.context.SpringBootTestArgs@1, org.springframework.boot.test.context.SpringBootTestWebEnvironment@0], contextLoader = 'org.springframework.boot.test.context.SpringBootContextLoader', parent = [null]], attributes = map['org.springframework.test.context.event.ApplicationEventsTestExecutionListener.recordApplicationEvents' -> false]]

ArticleQueryServiceTest > should_get_default_article_list() STANDARD_OUT
    2026-04-15 09:04:25.868  INFO 83996 --- [    Test worker] o.s.t.c.transaction.TransactionContext   : Began transaction (1) for test context [DefaultTestContext@130f8e03 testClass = ArticleQueryServiceTest, testInstance = io.spring.application.article.ArticleQueryServiceTest@56912047, testMethod = should_get_default_article_list@ArticleQueryServiceTest, testException = [null], mergedContextConfiguration = [MergedContextConfiguration@56c278bf testClass = ArticleQueryServiceTest, locations = '{}', classes = '{class io.spring.RealWorldApplication}', contextInitializerClasses = '[]', activeProfiles = '{test}', propertySourceLocations = '{}', propertySourceProperties = '{org.mybatis.spring.boot.test.autoconfigure.MybatisTestContextBootstrapper=true}', contextCustomizers = set[org.springframework.boot.test.autoconfigure.OverrideAutoConfigurationContextCustomizerFactory$DisableAutoConfigurationContextCustomizer@4e9bd2c8, org.springframework.boot.test.autoconfigure.actuate.metrics.MetricsExportContextCustomizerFactory$DisableMetricExportContextCustomizer@146587a2, org.springframework.boot.test.autoconfigure.filter.TypeExcludeFiltersContextCustomizer@351584c0, org.springframework.boot.test.autoconfigure.properties.PropertyMappingContextCustomizer@a3d5432f, org.springframework.boot.test.autoconfigure.web.servlet.WebDriverContextCustomizerFactory$Customizer@115667d, [ImportsContextCustomizer@5985102f key = [io.spring.application.ArticleQueryService, io.spring.infrastructure.repository.MyBatisUserRepository, io.spring.infrastructure.repository.MyBatisArticleRepository, io.spring.infrastructure.repository.MyBatisArticleFavoriteRepository, org.springframework.boot.test.autoconfigure.jdbc.TestDatabaseAutoConfiguration, org.springframework.boot.autoconfigure.jdbc.DataSourceAutoConfiguration, org.springframework.boot.autoconfigure.cache.CacheAutoConfiguration, org.springframework.boot.autoconfigure.flyway.FlywayAutoConfiguration, org.springframework.boot.autoconfigure.jdbc.DataSourceTransactionManagerAutoConfiguration, org.springframework.boot.autoconfigure.jdbc.JdbcTemplateAutoConfiguration, org.springframework.boot.autoconfigure.liquibase.LiquibaseAutoConfiguration, org.springframework.boot.autoconfigure.transaction.TransactionAutoConfiguration, org.springframework.boot.autoconfigure.sql.init.SqlInitializationAutoConfiguration, org.mybatis.spring.boot.autoconfigure.MybatisLanguageDriverAutoConfiguration, org.mybatis.spring.boot.autoconfigure.MybatisAutoConfiguration]], org.springframework.boot.test.context.filter.ExcludeFilterContextCustomizer@497486b3, org.springframework.boot.test.json.DuplicateJsonObjectContextCustomizerFactory$DuplicateJsonObjectContextCustomizer@6127a7e, org.springframework.boot.test.mock.mockito.MockitoContextCustomizer@0, org.springframework.boot.test.context.SpringBootTestArgs@1, org.springframework.boot.test.context.SpringBootTestWebEnvironment@0], contextLoader = 'org.springframework.boot.test.context.SpringBootContextLoader', parent = [null]], attributes = map['org.springframework.test.context.event.ApplicationEventsTestExecutionListener.recordApplicationEvents' -> false]]; transaction manager [org.springframework.jdbc.support.JdbcTransactionManager@3695e28a]; rollback [true]
    2026-04-15 09:04:25.868 DEBUG 83996 --- [    Test worker] i.s.i.m.mapper.UserMapper.findById       : ==>  Preparing: select id, username, email, password, bio, image from users where id = ?
    2026-04-15 09:04:25.868 DEBUG 83996 --- [    Test worker] i.s.i.m.mapper.UserMapper.findById       : ==> Parameters: ab19654b-01fe-415a-818f-c2e15562228d(String)
    2026-04-15 09:04:25.869 DEBUG 83996 --- [    Test worker] i.s.i.mybatis.mapper.UserMapper.insert   : ==>  Preparing: insert into users (id, username, email, password, bio, image) values( ?, ?, ?, ?, ?, ? )
    2026-04-15 09:04:25.869 DEBUG 83996 --- [    Test worker] i.s.i.mybatis.mapper.UserMapper.insert   : ==> Parameters: ab19654b-01fe-415a-818f-c2e15562228d(String), aisensiy(String), aisensiy@gmail.com(String), 123(String), (String), (String)
    2026-04-15 09:04:25.869 DEBUG 83996 --- [    Test worker] i.s.i.mybatis.mapper.UserMapper.insert   : <==    Updates: 1
    2026-04-15 09:04:25.869 DEBUG 83996 --- [    Test worker] i.s.i.m.mapper.ArticleMapper.findById    : ==>  Preparing: select A.id articleId, A.slug articleSlug, A.title articleTitle, A.description articleDescription, A.body articleBody, A.user_id articleUserId, A.created_at articleCreatedAt, A.updated_at articleUpdatedAt, T.id tagId, T.name tagName from articles A left join article_tags AT on A.id = AT.article_id left join tags T on T.id = AT.tag_id where A.id = ?
    2026-04-15 09:04:25.869 DEBUG 83996 --- [    Test worker] i.s.i.m.mapper.ArticleMapper.findById    : ==> Parameters: 544944b1-f849-40ae-afc2-fd549fb155e7(String)
    2026-04-15 09:04:25.870 DEBUG 83996 --- [    Test worker] i.s.i.m.mapper.ArticleMapper.findTag     : ==>  Preparing: select id, name from tags where name = ?
    2026-04-15 09:04:25.870 DEBUG 83996 --- [    Test worker] i.s.i.m.mapper.ArticleMapper.findTag     : ==> Parameters: spring(String)
    2026-04-15 09:04:25.870 DEBUG 83996 --- [    Test worker] i.s.i.m.mapper.ArticleMapper.insertTag   : ==>  Preparing: insert into tags (id, name) values (?, ?)
    2026-04-15 09:04:25.870 DEBUG 83996 --- [    Test worker] i.s.i.m.mapper.ArticleMapper.insertTag   : ==> Parameters: 40054f13-2ebc-44bd-bd31-017709cf6f25(String), spring(String)
    2026-04-15 09:04:25.870 DEBUG 83996 --- [    Test worker] i.s.i.m.mapper.ArticleMapper.insertTag   : <==    Updates: 1
    2026-04-15 09:04:25.870 DEBUG 83996 --- [    Test worker] i.s.i.m.m.A.insertArticleTagRelation     : ==>  Preparing: insert into article_tags (article_id, tag_id) values(?, ?)
    2026-04-15 09:04:25.870 DEBUG 83996 --- [    Test worker] i.s.i.m.m.A.insertArticleTagRelation     : ==> Parameters: 544944b1-f849-40ae-afc2-fd549fb155e7(String), 40054f13-2ebc-44bd-bd31-017709cf6f25(String)
    2026-04-15 09:04:25.870 DEBUG 83996 --- [    Test worker] i.s.i.m.m.A.insertArticleTagRelation     : <==    Updates: 1
    2026-04-15 09:04:25.871 DEBUG 83996 --- [    Test worker] i.s.i.m.mapper.ArticleMapper.findTag     : ==>  Preparing: select id, name from tags where name = ?
    2026-04-15 09:04:25.871 DEBUG 83996 --- [    Test worker] i.s.i.m.mapper.ArticleMapper.findTag     : ==> Parameters: java(String)
    2026-04-15 09:04:25.871 DEBUG 83996 --- [    Test worker] i.s.i.m.mapper.ArticleMapper.insertTag   : ==>  Preparing: insert into tags (id, name) values (?, ?)
    2026-04-15 09:04:25.871 DEBUG 83996 --- [    Test worker] i.s.i.m.mapper.ArticleMapper.insertTag   : ==> Parameters: cf738d18-1b2c-4613-a9c1-d0e03b0bf4d4(String), java(String)
    2026-04-15 09:04:25.871 DEBUG 83996 --- [    Test worker] i.s.i.m.mapper.ArticleMapper.insertTag   : <==    Updates: 1
    2026-04-15 09:04:25.871 DEBUG 83996 --- [    Test worker] i.s.i.m.m.A.insertArticleTagRelation     : ==>  Preparing: insert into article_tags (article_id, tag_id) values(?, ?)
    2026-04-15 09:04:25.871 DEBUG 83996 --- [    Test worker] i.s.i.m.m.A.insertArticleTagRelation     : ==> Parameters: 544944b1-f849-40ae-afc2-fd549fb155e7(String), cf738d18-1b2c-4613-a9c1-d0e03b0bf4d4(String)
    2026-04-15 09:04:25.871 DEBUG 83996 --- [    Test worker] i.s.i.m.m.A.insertArticleTagRelation     : <==    Updates: 1
    2026-04-15 09:04:25.871 DEBUG 83996 --- [    Test worker] i.s.i.m.mapper.ArticleMapper.insert      : ==>  Preparing: insert into articles(id, slug, title, description, body, user_id, created_at, updated_at) values( ?, ?, ?, ?, ?, ?, ?, ?)
    2026-04-15 09:04:25.872 DEBUG 83996 --- [    Test worker] i.s.i.m.mapper.ArticleMapper.insert      : ==> Parameters: 544944b1-f849-40ae-afc2-fd549fb155e7(String), test(String), test(String), desc(String), body(String), ab19654b-01fe-415a-818f-c2e15562228d(String), 2026-04-15 09:04:25.869(Timestamp), 2026-04-15 09:04:25.869(Timestamp)
    2026-04-15 09:04:25.872 DEBUG 83996 --- [    Test worker] i.s.i.m.mapper.ArticleMapper.insert      : <==    Updates: 1
    2026-04-15 09:04:25.873 DEBUG 83996 --- [    Test worker] i.s.i.m.mapper.ArticleMapper.findById    : ==>  Preparing: select A.id articleId, A.slug articleSlug, A.title articleTitle, A.description articleDescription, A.body articleBody, A.user_id articleUserId, A.created_at articleCreatedAt, A.updated_at articleUpdatedAt, T.id tagId, T.name tagName from articles A left join article_tags AT on A.id = AT.article_id left join tags T on T.id = AT.tag_id where A.id = ?
    2026-04-15 09:04:25.873 DEBUG 83996 --- [    Test worker] i.s.i.m.mapper.ArticleMapper.findById    : ==> Parameters: 979e0bfa-0551-43a1-bf16-5a5b06b3f03f(String)
    2026-04-15 09:04:25.873 DEBUG 83996 --- [    Test worker] i.s.i.m.mapper.ArticleMapper.findTag     : ==>  Preparing: select id, name from tags where name = ?
    2026-04-15 09:04:25.873 DEBUG 83996 --- [    Test worker] i.s.i.m.mapper.ArticleMapper.findTag     : ==> Parameters: test(String)
    2026-04-15 09:04:25.874 DEBUG 83996 --- [    Test worker] i.s.i.m.mapper.ArticleMapper.insertTag   : ==>  Preparing: insert into tags (id, name) values (?, ?)
    2026-04-15 09:04:25.874 DEBUG 83996 --- [    Test worker] i.s.i.m.mapper.ArticleMapper.insertTag   : ==> Parameters: f879d635-31bd-4adf-9dff-9c20e3591bb5(String), test(String)
    2026-04-15 09:04:25.874 DEBUG 83996 --- [    Test worker] i.s.i.m.mapper.ArticleMapper.insertTag   : <==    Updates: 1
    2026-04-15 09:04:25.874 DEBUG 83996 --- [    Test worker] i.s.i.m.m.A.insertArticleTagRelation     : ==>  Preparing: insert into article_tags (article_id, tag_id) values(?, ?)
    2026-04-15 09:04:25.874 DEBUG 83996 --- [    Test worker] i.s.i.m.m.A.insertArticleTagRelation     : ==> Parameters: 979e0bfa-0551-43a1-bf16-5a5b06b3f03f(String), f879d635-31bd-4adf-9dff-9c20e3591bb5(String)
    2026-04-15 09:04:25.874 DEBUG 83996 --- [    Test worker] i.s.i.m.m.A.insertArticleTagRelation     : <==    Updates: 1
    2026-04-15 09:04:25.874 DEBUG 83996 --- [    Test worker] i.s.i.m.mapper.ArticleMapper.insert      : ==>  Preparing: insert into articles(id, slug, title, description, body, user_id, created_at, updated_at) values( ?, ?, ?, ?, ?, ?, ?, ?)
    2026-04-15 09:04:25.874 DEBUG 83996 --- [    Test worker] i.s.i.m.mapper.ArticleMapper.insert      : ==> Parameters: 979e0bfa-0551-43a1-bf16-5a5b06b3f03f(String), new-article(String), new article(String), desc(String), body(String), ab19654b-01fe-415a-818f-c2e15562228d(String), 2026-04-15 08:04:25.872(Timestamp), 2026-04-15 08:04:25.872(Timestamp)
    2026-04-15 09:04:25.874 DEBUG 83996 --- [    Test worker] i.s.i.m.mapper.ArticleMapper.insert      : <==    Updates: 1
    2026-04-15 09:04:25.875 DEBUG 83996 --- [    Test worker] i.s.i.m.r.A.queryArticles                : ==>  Preparing: select DISTINCT(A.id) articleId, A.created_at from articles A left join article_tags AT on A.id = AT.article_id left join tags T on T.id = AT.tag_id left join article_favorites AF on AF.article_id = A.id left join users AU on AU.id = A.user_id left join users AFU on AFU.id = AF.user_id order by A.created_at desc limit ?, ?
    2026-04-15 09:04:25.875 DEBUG 83996 --- [    Test worker] i.s.i.m.r.A.queryArticles                : ==> Parameters: 0(Integer), 20(Integer)
    2026-04-15 09:04:25.875 DEBUG 83996 --- [    Test worker] i.s.i.m.r.A.queryArticles                : <==      Total: 2
    2026-04-15 09:04:25.875 DEBUG 83996 --- [    Test worker] i.s.i.m.r.A.countArticle                 : ==>  Preparing: select count(DISTINCT A.id) from articles A left join article_tags AT on A.id = AT.article_id left join tags T on T.id = AT.tag_id left join article_favorites AF on AF.article_id = A.id left join users AU on AU.id = A.user_id left join users AFU on AFU.id = AF.user_id
    2026-04-15 09:04:25.875 DEBUG 83996 --- [    Test worker] i.s.i.m.r.A.countArticle                 : ==> Parameters: 
    2026-04-15 09:04:25.876 DEBUG 83996 --- [    Test worker] i.s.i.m.r.A.countArticle                 : <==      Total: 1
    2026-04-15 09:04:25.876 DEBUG 83996 --- [    Test worker] i.s.i.m.r.A.findArticles                 : ==>  Preparing: select A.id articleId, A.slug articleSlug, A.title articleTitle, A.description articleDescription, A.body articleBody, A.created_at articleCreatedAt, A.updated_at articleUpdatedAt, T.name tagName, U.id userId, U.username userUsername, U.bio userBio, U.image userImage from articles A left join article_tags AT on A.id = AT.article_id left join tags T on T.id = AT.tag_id left join users U on U.id = A.user_id where A.id in ( ? , ? ) order by A.created_at desc
    2026-04-15 09:04:25.876 DEBUG 83996 --- [    Test worker] i.s.i.m.r.A.findArticles                 : ==> Parameters: 544944b1-f849-40ae-afc2-fd549fb155e7(String), 979e0bfa-0551-43a1-bf16-5a5b06b3f03f(String)
    2026-04-15 09:04:25.877 DEBUG 83996 --- [    Test worker] i.s.i.m.r.A.findArticles                 : <==      Total: 3
    2026-04-15 09:04:25.879 DEBUG 83996 --- [    Test worker] i.s.i.m.r.A.queryArticles                : ==>  Preparing: select DISTINCT(A.id) articleId, A.created_at from articles A left join article_tags AT on A.id = AT.article_id left join tags T on T.id = AT.tag_id left join article_favorites AF on AF.article_id = A.id left join users AU on AU.id = A.user_id left join users AFU on AFU.id = AF.user_id order by A.created_at desc limit ?, ?
    2026-04-15 09:04:25.879 DEBUG 83996 --- [    Test worker] i.s.i.m.r.A.queryArticles                : ==> Parameters: 2(Integer), 10(Integer)
    2026-04-15 09:04:25.880  INFO 83996 --- [    Test worker] o.s.t.c.transaction.TransactionContext   : Rolled back transaction for test: [DefaultTestContext@130f8e03 testClass = ArticleQueryServiceTest, testInstance = io.spring.application.article.ArticleQueryServiceTest@56912047, testMethod = should_get_default_article_list@ArticleQueryServiceTest, testException = [null], mergedContextConfiguration = [MergedContextConfiguration@56c278bf testClass = ArticleQueryServiceTest, locations = '{}', classes = '{class io.spring.RealWorldApplication}', contextInitializerClasses = '[]', activeProfiles = '{test}', propertySourceLocations = '{}', propertySourceProperties = '{org.mybatis.spring.boot.test.autoconfigure.MybatisTestContextBootstrapper=true}', contextCustomizers = set[org.springframework.boot.test.autoconfigure.OverrideAutoConfigurationContextCustomizerFactory$DisableAutoConfigurationContextCustomizer@4e9bd2c8, org.springframework.boot.test.autoconfigure.actuate.metrics.MetricsExportContextCustomizerFactory$DisableMetricExportContextCustomizer@146587a2, org.springframework.boot.test.autoconfigure.filter.TypeExcludeFiltersContextCustomizer@351584c0, org.springframework.boot.test.autoconfigure.properties.PropertyMappingContextCustomizer@a3d5432f, org.springframework.boot.test.autoconfigure.web.servlet.WebDriverContextCustomizerFactory$Customizer@115667d, [ImportsContextCustomizer@5985102f key = [io.spring.application.ArticleQueryService, io.spring.infrastructure.repository.MyBatisUserRepository, io.spring.infrastructure.repository.MyBatisArticleRepository, io.spring.infrastructure.repository.MyBatisArticleFavoriteRepository, org.springframework.boot.test.autoconfigure.jdbc.TestDatabaseAutoConfiguration, org.springframework.boot.autoconfigure.jdbc.DataSourceAutoConfiguration, org.springframework.boot.autoconfigure.cache.CacheAutoConfiguration, org.springframework.boot.autoconfigure.flyway.FlywayAutoConfiguration, org.springframework.boot.autoconfigure.jdbc.DataSourceTransactionManagerAutoConfiguration, org.springframework.boot.autoconfigure.jdbc.JdbcTemplateAutoConfiguration, org.springframework.boot.autoconfigure.liquibase.LiquibaseAutoConfiguration, org.springframework.boot.autoconfigure.transaction.TransactionAutoConfiguration, org.springframework.boot.autoconfigure.sql.init.SqlInitializationAutoConfiguration, org.mybatis.spring.boot.autoconfigure.MybatisLanguageDriverAutoConfiguration, org.mybatis.spring.boot.autoconfigure.MybatisAutoConfiguration]], org.springframework.boot.test.context.filter.ExcludeFilterContextCustomizer@497486b3, org.springframework.boot.test.json.DuplicateJsonObjectContextCustomizerFactory$DuplicateJsonObjectContextCustomizer@6127a7e, org.springframework.boot.test.mock.mockito.MockitoContextCustomizer@0, org.springframework.boot.test.context.SpringBootTestArgs@1, org.springframework.boot.test.context.SpringBootTestWebEnvironment@0], contextLoader = 'org.springframework.boot.test.context.SpringBootContextLoader', parent = [null]], attributes = map['org.springframework.test.context.event.ApplicationEventsTestExecutionListener.recordApplicationEvents' -> false]]

ArticleQueryServiceTest > should_show_following_if_user_followed_author() STANDARD_OUT
    2026-04-15 09:04:25.882  INFO 83996 --- [    Test worker] o.s.t.c.transaction.TransactionContext   : Began transaction (1) for test context [DefaultTestContext@130f8e03 testClass = ArticleQueryServiceTest, testInstance = io.spring.application.article.ArticleQueryServiceTest@4064cd60, testMethod = should_show_following_if_user_followed_author@ArticleQueryServiceTest, testException = [null], mergedContextConfiguration = [MergedContextConfiguration@56c278bf testClass = ArticleQueryServiceTest, locations = '{}', classes = '{class io.spring.RealWorldApplication}', contextInitializerClasses = '[]', activeProfiles = '{test}', propertySourceLocations = '{}', propertySourceProperties = '{org.mybatis.spring.boot.test.autoconfigure.MybatisTestContextBootstrapper=true}', contextCustomizers = set[org.springframework.boot.test.autoconfigure.OverrideAutoConfigurationContextCustomizerFactory$DisableAutoConfigurationContextCustomizer@4e9bd2c8, org.springframework.boot.test.autoconfigure.actuate.metrics.MetricsExportContextCustomizerFactory$DisableMetricExportContextCustomizer@146587a2, org.springframework.boot.test.autoconfigure.filter.TypeExcludeFiltersContextCustomizer@351584c0, org.springframework.boot.test.autoconfigure.properties.PropertyMappingContextCustomizer@a3d5432f, org.springframework.boot.test.autoconfigure.web.servlet.WebDriverContextCustomizerFactory$Customizer@115667d, [ImportsContextCustomizer@5985102f key = [io.spring.application.ArticleQueryService, io.spring.infrastructure.repository.MyBatisUserRepository, io.spring.infrastructure.repository.MyBatisArticleRepository, io.spring.infrastructure.repository.MyBatisArticleFavoriteRepository, org.springframework.boot.test.autoconfigure.jdbc.TestDatabaseAutoConfiguration, org.springframework.boot.autoconfigure.jdbc.DataSourceAutoConfiguration, org.springframework.boot.autoconfigure.cache.CacheAutoConfiguration, org.springframework.boot.autoconfigure.flyway.FlywayAutoConfiguration, org.springframework.boot.autoconfigure.jdbc.DataSourceTransactionManagerAutoConfiguration, org.springframework.boot.autoconfigure.jdbc.JdbcTemplateAutoConfiguration, org.springframework.boot.autoconfigure.liquibase.LiquibaseAutoConfiguration, org.springframework.boot.autoconfigure.transaction.TransactionAutoConfiguration, org.springframework.boot.autoconfigure.sql.init.SqlInitializationAutoConfiguration, org.mybatis.spring.boot.autoconfigure.MybatisLanguageDriverAutoConfiguration, org.mybatis.spring.boot.autoconfigure.MybatisAutoConfiguration]], org.springframework.boot.test.context.filter.ExcludeFilterContextCustomizer@497486b3, org.springframework.boot.test.json.DuplicateJsonObjectContextCustomizerFactory$DuplicateJsonObjectContextCustomizer@6127a7e, org.springframework.boot.test.mock.mockito.MockitoContextCustomizer@0, org.springframework.boot.test.context.SpringBootTestArgs@1, org.springframework.boot.test.context.SpringBootTestWebEnvironment@0], contextLoader = 'org.springframework.boot.test.context.SpringBootContextLoader', parent = [null]], attributes = map['org.springframework.test.context.event.ApplicationEventsTestExecutionListener.recordApplicationEvents' -> false]]; transaction manager [org.springframework.jdbc.support.JdbcTransactionManager@3695e28a]; rollback [true]
    2026-04-15 09:04:25.883 DEBUG 83996 --- [    Test worker] i.s.i.m.mapper.UserMapper.findById       : ==>  Preparing: select id, username, email, password, bio, image from users where id = ?
    2026-04-15 09:04:25.883 DEBUG 83996 --- [    Test worker] i.s.i.m.mapper.UserMapper.findById       : ==> Parameters: 2af26f73-f25a-4358-982e-2232da815014(String)
    2026-04-15 09:04:25.883 DEBUG 83996 --- [    Test worker] i.s.i.mybatis.mapper.UserMapper.insert   : ==>  Preparing: insert into users (id, username, email, password, bio, image) values( ?, ?, ?, ?, ?, ? )
    2026-04-15 09:04:25.883 DEBUG 83996 --- [    Test worker] i.s.i.mybatis.mapper.UserMapper.insert   : ==> Parameters: 2af26f73-f25a-4358-982e-2232da815014(String), aisensiy(String), aisensiy@gmail.com(String), 123(String), (String), (String)
    2026-04-15 09:04:25.883 DEBUG 83996 --- [    Test worker] i.s.i.mybatis.mapper.UserMapper.insert   : <==    Updates: 1
    2026-04-15 09:04:25.883 DEBUG 83996 --- [    Test worker] i.s.i.m.mapper.ArticleMapper.findById    : ==>  Preparing: select A.id articleId, A.slug articleSlug, A.title articleTitle, A.description articleDescription, A.body articleBody, A.user_id articleUserId, A.created_at articleCreatedAt, A.updated_at articleUpdatedAt, T.id tagId, T.name tagName from articles A left join article_tags AT on A.id = AT.article_id left join tags T on T.id = AT.tag_id where A.id = ?
    2026-04-15 09:04:25.883 DEBUG 83996 --- [    Test worker] i.s.i.m.mapper.ArticleMapper.findById    : ==> Parameters: a73bad28-75d8-4949-b5ce-2bb7bd0fc5df(String)
    2026-04-15 09:04:25.884 DEBUG 83996 --- [    Test worker] i.s.i.m.mapper.ArticleMapper.findTag     : ==>  Preparing: select id, name from tags where name = ?
    2026-04-15 09:04:25.884 DEBUG 83996 --- [    Test worker] i.s.i.m.mapper.ArticleMapper.findTag     : ==> Parameters: spring(String)
    2026-04-15 09:04:25.884 DEBUG 83996 --- [    Test worker] i.s.i.m.mapper.ArticleMapper.insertTag   : ==>  Preparing: insert into tags (id, name) values (?, ?)
    2026-04-15 09:04:25.884 DEBUG 83996 --- [    Test worker] i.s.i.m.mapper.ArticleMapper.insertTag   : ==> Parameters: 2c6c084b-fb50-4529-a99e-fb36aace16ac(String), spring(String)
    2026-04-15 09:04:25.884 DEBUG 83996 --- [    Test worker] i.s.i.m.mapper.ArticleMapper.insertTag   : <==    Updates: 1
    2026-04-15 09:04:25.884 DEBUG 83996 --- [    Test worker] i.s.i.m.m.A.insertArticleTagRelation     : ==>  Preparing: insert into article_tags (article_id, tag_id) values(?, ?)
    2026-04-15 09:04:25.885 DEBUG 83996 --- [    Test worker] i.s.i.m.m.A.insertArticleTagRelation     : ==> Parameters: a73bad28-75d8-4949-b5ce-2bb7bd0fc5df(String), 2c6c084b-fb50-4529-a99e-fb36aace16ac(String)
    2026-04-15 09:04:25.885 DEBUG 83996 --- [    Test worker] i.s.i.m.m.A.insertArticleTagRelation     : <==    Updates: 1
    2026-04-15 09:04:25.885 DEBUG 83996 --- [    Test worker] i.s.i.m.mapper.ArticleMapper.findTag     : ==>  Preparing: select id, name from tags where name = ?
    2026-04-15 09:04:25.885 DEBUG 83996 --- [    Test worker] i.s.i.m.mapper.ArticleMapper.findTag     : ==> Parameters: java(String)
    2026-04-15 09:04:25.885 DEBUG 83996 --- [    Test worker] i.s.i.m.mapper.ArticleMapper.insertTag   : ==>  Preparing: insert into tags (id, name) values (?, ?)
    2026-04-15 09:04:25.885 DEBUG 83996 --- [    Test worker] i.s.i.m.mapper.ArticleMapper.insertTag   : ==> Parameters: ced767c0-9f63-483f-aba2-5290bd3faf8b(String), java(String)
    2026-04-15 09:04:25.885 DEBUG 83996 --- [    Test worker] i.s.i.m.mapper.ArticleMapper.insertTag   : <==    Updates: 1
    2026-04-15 09:04:25.885 DEBUG 83996 --- [    Test worker] i.s.i.m.m.A.insertArticleTagRelation     : ==>  Preparing: insert into article_tags (article_id, tag_id) values(?, ?)
    2026-04-15 09:04:25.885 DEBUG 83996 --- [    Test worker] i.s.i.m.m.A.insertArticleTagRelation     : ==> Parameters: a73bad28-75d8-4949-b5ce-2bb7bd0fc5df(String), ced767c0-9f63-483f-aba2-5290bd3faf8b(String)
    2026-04-15 09:04:25.885 DEBUG 83996 --- [    Test worker] i.s.i.m.m.A.insertArticleTagRelation     : <==    Updates: 1
    2026-04-15 09:04:25.886 DEBUG 83996 --- [    Test worker] i.s.i.m.mapper.ArticleMapper.insert      : ==>  Preparing: insert into articles(id, slug, title, description, body, user_id, created_at, updated_at) values( ?, ?, ?, ?, ?, ?, ?, ?)
    2026-04-15 09:04:25.886 DEBUG 83996 --- [    Test worker] i.s.i.m.mapper.ArticleMapper.insert      : ==> Parameters: a73bad28-75d8-4949-b5ce-2bb7bd0fc5df(String), test(String), test(String), desc(String), body(String), 2af26f73-f25a-4358-982e-2232da815014(String), 2026-04-15 09:04:25.883(Timestamp), 2026-04-15 09:04:25.883(Timestamp)
    2026-04-15 09:04:25.886 DEBUG 83996 --- [    Test worker] i.s.i.m.mapper.ArticleMapper.insert      : <==    Updates: 1
    2026-04-15 09:04:25.886 DEBUG 83996 --- [    Test worker] i.s.i.m.mapper.UserMapper.findById       : ==>  Preparing: select id, username, email, password, bio, image from users where id = ?
    2026-04-15 09:04:25.886 DEBUG 83996 --- [    Test worker] i.s.i.m.mapper.UserMapper.findById       : ==> Parameters: e739243d-c0be-4c1a-89cf-a9327119c118(String)
    2026-04-15 09:04:25.886 DEBUG 83996 --- [    Test worker] i.s.i.mybatis.mapper.UserMapper.insert   : ==>  Preparing: insert into users (id, username, email, password, bio, image) values( ?, ?, ?, ?, ?, ? )
    2026-04-15 09:04:25.887 DEBUG 83996 --- [    Test worker] i.s.i.mybatis.mapper.UserMapper.insert   : ==> Parameters: e739243d-c0be-4c1a-89cf-a9327119c118(String), other(String), other@email.com(String), 123(String), (String), (String)
    2026-04-15 09:04:25.887 DEBUG 83996 --- [    Test worker] i.s.i.mybatis.mapper.UserMapper.insert   : <==    Updates: 1
    2026-04-15 09:04:25.887 DEBUG 83996 --- [    Test worker] i.s.i.m.mapper.UserMapper.findRelation   : ==>  Preparing: SELECT F.user_id followUserId, F.follow_id followTargetId from follows F where F.user_id = ? and F.follow_id = ?
    2026-04-15 09:04:25.887 DEBUG 83996 --- [    Test worker] i.s.i.m.mapper.UserMapper.findRelation   : ==> Parameters: e739243d-c0be-4c1a-89cf-a9327119c118(String), 2af26f73-f25a-4358-982e-2232da815014(String)
    2026-04-15 09:04:25.887 DEBUG 83996 --- [    Test worker] i.s.i.m.mapper.UserMapper.saveRelation   : ==>  Preparing: insert into follows(user_id, follow_id) values (?, ?)
    2026-04-15 09:04:25.887 DEBUG 83996 --- [    Test worker] i.s.i.m.mapper.UserMapper.saveRelation   : ==> Parameters: e739243d-c0be-4c1a-89cf-a9327119c118(String), 2af26f73-f25a-4358-982e-2232da815014(String)
    2026-04-15 09:04:25.887 DEBUG 83996 --- [    Test worker] i.s.i.m.mapper.UserMapper.saveRelation   : <==    Updates: 1
    2026-04-15 09:04:25.887 DEBUG 83996 --- [    Test worker] i.s.i.m.r.A.queryArticles                : ==>  Preparing: select DISTINCT(A.id) articleId, A.created_at from articles A left join article_tags AT on A.id = AT.article_id left join tags T on T.id = AT.tag_id left join article_favorites AF on AF.article_id = A.id left join users AU on AU.id = A.user_id left join users AFU on AFU.id = AF.user_id order by A.created_at desc limit ?, ?
    2026-04-15 09:04:25.887 DEBUG 83996 --- [    Test worker] i.s.i.m.r.A.queryArticles                : ==> Parameters: 0(Integer), 20(Integer)
    2026-04-15 09:04:25.888 DEBUG 83996 --- [    Test worker] i.s.i.m.r.A.queryArticles                : <==      Total: 1
    2026-04-15 09:04:25.888 DEBUG 83996 --- [    Test worker] i.s.i.m.r.A.countArticle                 : ==>  Preparing: select count(DISTINCT A.id) from articles A left join article_tags AT on A.id = AT.article_id left join tags T on T.id = AT.tag_id left join article_favorites AF on AF.article_id = A.id left join users AU on AU.id = A.user_id left join users AFU on AFU.id = AF.user_id
    2026-04-15 09:04:25.888 DEBUG 83996 --- [    Test worker] i.s.i.m.r.A.countArticle                 : ==> Parameters: 
    2026-04-15 09:04:25.888 DEBUG 83996 --- [    Test worker] i.s.i.m.r.A.countArticle                 : <==      Total: 1
    2026-04-15 09:04:25.888 DEBUG 83996 --- [    Test worker] i.s.i.m.r.A.findArticles                 : ==>  Preparing: select A.id articleId, A.slug articleSlug, A.title articleTitle, A.description articleDescription, A.body articleBody, A.created_at articleCreatedAt, A.updated_at articleUpdatedAt, T.name tagName, U.id userId, U.username userUsername, U.bio userBio, U.image userImage from articles A left join article_tags AT on A.id = AT.article_id left join tags T on T.id = AT.tag_id left join users U on U.id = A.user_id where A.id in ( ? ) order by A.created_at desc
    2026-04-15 09:04:25.888 DEBUG 83996 --- [    Test worker] i.s.i.m.r.A.findArticles                 : ==> Parameters: a73bad28-75d8-4949-b5ce-2bb7bd0fc5df(String)
    2026-04-15 09:04:25.889 DEBUG 83996 --- [    Test worker] i.s.i.m.r.A.findArticles                 : <==      Total: 2
    2026-04-15 09:04:25.891  INFO 83996 --- [    Test worker] o.s.t.c.transaction.TransactionContext   : Rolled back transaction for test: [DefaultTestContext@130f8e03 testClass = ArticleQueryServiceTest, testInstance = io.spring.application.article.ArticleQueryServiceTest@4064cd60, testMethod = should_show_following_if_user_followed_author@ArticleQueryServiceTest, testException = [null], mergedContextConfiguration = [MergedContextConfiguration@56c278bf testClass = ArticleQueryServiceTest, locations = '{}', classes = '{class io.spring.RealWorldApplication}', contextInitializerClasses = '[]', activeProfiles = '{test}', propertySourceLocations = '{}', propertySourceProperties = '{org.mybatis.spring.boot.test.autoconfigure.MybatisTestContextBootstrapper=true}', contextCustomizers = set[org.springframework.boot.test.autoconfigure.OverrideAutoConfigurationContextCustomizerFactory$DisableAutoConfigurationContextCustomizer@4e9bd2c8, org.springframework.boot.test.autoconfigure.actuate.metrics.MetricsExportContextCustomizerFactory$DisableMetricExportContextCustomizer@146587a2, org.springframework.boot.test.autoconfigure.filter.TypeExcludeFiltersContextCustomizer@351584c0, org.springframework.boot.test.autoconfigure.properties.PropertyMappingContextCustomizer@a3d5432f, org.springframework.boot.test.autoconfigure.web.servlet.WebDriverContextCustomizerFactory$Customizer@115667d, [ImportsContextCustomizer@5985102f key = [io.spring.application.ArticleQueryService, io.spring.infrastructure.repository.MyBatisUserRepository, io.spring.infrastructure.repository.MyBatisArticleRepository, io.spring.infrastructure.repository.MyBatisArticleFavoriteRepository, org.springframework.boot.test.autoconfigure.jdbc.TestDatabaseAutoConfiguration, org.springframework.boot.autoconfigure.jdbc.DataSourceAutoConfiguration, org.springframework.boot.autoconfigure.cache.CacheAutoConfiguration, org.springframework.boot.autoconfigure.flyway.FlywayAutoConfiguration, org.springframework.boot.autoconfigure.jdbc.DataSourceTransactionManagerAutoConfiguration, org.springframework.boot.autoconfigure.jdbc.JdbcTemplateAutoConfiguration, org.springframework.boot.autoconfigure.liquibase.LiquibaseAutoConfiguration, org.springframework.boot.autoconfigure.transaction.TransactionAutoConfiguration, org.springframework.boot.autoconfigure.sql.init.SqlInitializationAutoConfiguration, org.mybatis.spring.boot.autoconfigure.MybatisLanguageDriverAutoConfiguration, org.mybatis.spring.boot.autoconfigure.MybatisAutoConfiguration]], org.springframework.boot.test.context.filter.ExcludeFilterContextCustomizer@497486b3, org.springframework.boot.test.json.DuplicateJsonObjectContextCustomizerFactory$DuplicateJsonObjectContextCustomizer@6127a7e, org.springframework.boot.test.mock.mockito.MockitoContextCustomizer@0, org.springframework.boot.test.context.SpringBootTestArgs@1, org.springframework.boot.test.context.SpringBootTestWebEnvironment@0], contextLoader = 'org.springframework.boot.test.context.SpringBootContextLoader', parent = [null]], attributes = map['org.springframework.test.context.event.ApplicationEventsTestExecutionListener.recordApplicationEvents' -> false]]

ArticleQueryServiceTest > should_query_article_by_favorite() STANDARD_OUT
    2026-04-15 09:04:25.893  INFO 83996 --- [    Test worker] o.s.t.c.transaction.TransactionContext   : Began transaction (1) for test context [DefaultTestContext@130f8e03 testClass = ArticleQueryServiceTest, testInstance = io.spring.application.article.ArticleQueryServiceTest@1bf2cf15, testMethod = should_query_article_by_favorite@ArticleQueryServiceTest, testException = [null], mergedContextConfiguration = [MergedContextConfiguration@56c278bf testClass = ArticleQueryServiceTest, locations = '{}', classes = '{class io.spring.RealWorldApplication}', contextInitializerClasses = '[]', activeProfiles = '{test}', propertySourceLocations = '{}', propertySourceProperties = '{org.mybatis.spring.boot.test.autoconfigure.MybatisTestContextBootstrapper=true}', contextCustomizers = set[org.springframework.boot.test.autoconfigure.OverrideAutoConfigurationContextCustomizerFactory$DisableAutoConfigurationContextCustomizer@4e9bd2c8, org.springframework.boot.test.autoconfigure.actuate.metrics.MetricsExportContextCustomizerFactory$DisableMetricExportContextCustomizer@146587a2, org.springframework.boot.test.autoconfigure.filter.TypeExcludeFiltersContextCustomizer@351584c0, org.springframework.boot.test.autoconfigure.properties.PropertyMappingContextCustomizer@a3d5432f, org.springframework.boot.test.autoconfigure.web.servlet.WebDriverContextCustomizerFactory$Customizer@115667d, [ImportsContextCustomizer@5985102f key = [io.spring.application.ArticleQueryService, io.spring.infrastructure.repository.MyBatisUserRepository, io.spring.infrastructure.repository.MyBatisArticleRepository, io.spring.infrastructure.repository.MyBatisArticleFavoriteRepository, org.springframework.boot.test.autoconfigure.jdbc.TestDatabaseAutoConfiguration, org.springframework.boot.autoconfigure.jdbc.DataSourceAutoConfiguration, org.springframework.boot.autoconfigure.cache.CacheAutoConfiguration, org.springframework.boot.autoconfigure.flyway.FlywayAutoConfiguration, org.springframework.boot.autoconfigure.jdbc.DataSourceTransactionManagerAutoConfiguration, org.springframework.boot.autoconfigure.jdbc.JdbcTemplateAutoConfiguration, org.springframework.boot.autoconfigure.liquibase.LiquibaseAutoConfiguration, org.springframework.boot.autoconfigure.transaction.TransactionAutoConfiguration, org.springframework.boot.autoconfigure.sql.init.SqlInitializationAutoConfiguration, org.mybatis.spring.boot.autoconfigure.MybatisLanguageDriverAutoConfiguration, org.mybatis.spring.boot.autoconfigure.MybatisAutoConfiguration]], org.springframework.boot.test.context.filter.ExcludeFilterContextCustomizer@497486b3, org.springframework.boot.test.json.DuplicateJsonObjectContextCustomizerFactory$DuplicateJsonObjectContextCustomizer@6127a7e, org.springframework.boot.test.mock.mockito.MockitoContextCustomizer@0, org.springframework.boot.test.context.SpringBootTestArgs@1, org.springframework.boot.test.context.SpringBootTestWebEnvironment@0], contextLoader = 'org.springframework.boot.test.context.SpringBootContextLoader', parent = [null]], attributes = map['org.springframework.test.context.event.ApplicationEventsTestExecutionListener.recordApplicationEvents' -> false]]; transaction manager [org.springframework.jdbc.support.JdbcTransactionManager@3695e28a]; rollback [true]
    2026-04-15 09:04:25.893 DEBUG 83996 --- [    Test worker] i.s.i.m.mapper.UserMapper.findById       : ==>  Preparing: select id, username, email, password, bio, image from users where id = ?
    2026-04-15 09:04:25.893 DEBUG 83996 --- [    Test worker] i.s.i.m.mapper.UserMapper.findById       : ==> Parameters: b7f16cf4-e4ce-405e-897e-50d183506159(String)
    2026-04-15 09:04:25.894 DEBUG 83996 --- [    Test worker] i.s.i.mybatis.mapper.UserMapper.insert   : ==>  Preparing: insert into users (id, username, email, password, bio, image) values( ?, ?, ?, ?, ?, ? )
    2026-04-15 09:04:25.894 DEBUG 83996 --- [    Test worker] i.s.i.mybatis.mapper.UserMapper.insert   : ==> Parameters: b7f16cf4-e4ce-405e-897e-50d183506159(String), aisensiy(String), aisensiy@gmail.com(String), 123(String), (String), (String)
    2026-04-15 09:04:25.894 DEBUG 83996 --- [    Test worker] i.s.i.mybatis.mapper.UserMapper.insert   : <==    Updates: 1
    2026-04-15 09:04:25.894 DEBUG 83996 --- [    Test worker] i.s.i.m.mapper.ArticleMapper.findById    : ==>  Preparing: select A.id articleId, A.slug articleSlug, A.title articleTitle, A.description articleDescription, A.body articleBody, A.user_id articleUserId, A.created_at articleCreatedAt, A.updated_at articleUpdatedAt, T.id tagId, T.name tagName from articles A left join article_tags AT on A.id = AT.article_id left join tags T on T.id = AT.tag_id where A.id = ?
    2026-04-15 09:04:25.894 DEBUG 83996 --- [    Test worker] i.s.i.m.mapper.ArticleMapper.findById    : ==> Parameters: 2775d008-cbe6-436d-b0c7-4fb0c5cb029b(String)
    2026-04-15 09:04:25.894 DEBUG 83996 --- [    Test worker] i.s.i.m.mapper.ArticleMapper.findTag     : ==>  Preparing: select id, name from tags where name = ?
    2026-04-15 09:04:25.895 DEBUG 83996 --- [    Test worker] i.s.i.m.mapper.ArticleMapper.findTag     : ==> Parameters: spring(String)
    2026-04-15 09:04:25.895 DEBUG 83996 --- [    Test worker] i.s.i.m.mapper.ArticleMapper.insertTag   : ==>  Preparing: insert into tags (id, name) values (?, ?)
    2026-04-15 09:04:25.895 DEBUG 83996 --- [    Test worker] i.s.i.m.mapper.ArticleMapper.insertTag   : ==> Parameters: 2e960e91-1cf4-499b-affe-8106be4e3dcc(String), spring(String)
    2026-04-15 09:04:25.895 DEBUG 83996 --- [    Test worker] i.s.i.m.mapper.ArticleMapper.insertTag   : <==    Updates: 1
    2026-04-15 09:04:25.895 DEBUG 83996 --- [    Test worker] i.s.i.m.m.A.insertArticleTagRelation     : ==>  Preparing: insert into article_tags (article_id, tag_id) values(?, ?)
    2026-04-15 09:04:25.895 DEBUG 83996 --- [    Test worker] i.s.i.m.m.A.insertArticleTagRelation     : ==> Parameters: 2775d008-cbe6-436d-b0c7-4fb0c5cb029b(String), 2e960e91-1cf4-499b-affe-8106be4e3dcc(String)
    2026-04-15 09:04:25.895 DEBUG 83996 --- [    Test worker] i.s.i.m.m.A.insertArticleTagRelation     : <==    Updates: 1
    2026-04-15 09:04:25.895 DEBUG 83996 --- [    Test worker] i.s.i.m.mapper.ArticleMapper.findTag     : ==>  Preparing: select id, name from tags where name = ?
    2026-04-15 09:04:25.895 DEBUG 83996 --- [    Test worker] i.s.i.m.mapper.ArticleMapper.findTag     : ==> Parameters: java(String)
    2026-04-15 09:04:25.895 DEBUG 83996 --- [    Test worker] i.s.i.m.mapper.ArticleMapper.insertTag   : ==>  Preparing: insert into tags (id, name) values (?, ?)
    2026-04-15 09:04:25.896 DEBUG 83996 --- [    Test worker] i.s.i.m.mapper.ArticleMapper.insertTag   : ==> Parameters: f4917d1d-2141-4cee-9a38-18f56175a240(String), java(String)
    2026-04-15 09:04:25.896 DEBUG 83996 --- [    Test worker] i.s.i.m.mapper.ArticleMapper.insertTag   : <==    Updates: 1
    2026-04-15 09:04:25.896 DEBUG 83996 --- [    Test worker] i.s.i.m.m.A.insertArticleTagRelation     : ==>  Preparing: insert into article_tags (article_id, tag_id) values(?, ?)
    2026-04-15 09:04:25.896 DEBUG 83996 --- [    Test worker] i.s.i.m.m.A.insertArticleTagRelation     : ==> Parameters: 2775d008-cbe6-436d-b0c7-4fb0c5cb029b(String), f4917d1d-2141-4cee-9a38-18f56175a240(String)
    2026-04-15 09:04:25.896 DEBUG 83996 --- [    Test worker] i.s.i.m.m.A.insertArticleTagRelation     : <==    Updates: 1
    2026-04-15 09:04:25.896 DEBUG 83996 --- [    Test worker] i.s.i.m.mapper.ArticleMapper.insert      : ==>  Preparing: insert into articles(id, slug, title, description, body, user_id, created_at, updated_at) values( ?, ?, ?, ?, ?, ?, ?, ?)
    2026-04-15 09:04:25.896 DEBUG 83996 --- [    Test worker] i.s.i.m.mapper.ArticleMapper.insert      : ==> Parameters: 2775d008-cbe6-436d-b0c7-4fb0c5cb029b(String), test(String), test(String), desc(String), body(String), b7f16cf4-e4ce-405e-897e-50d183506159(String), 2026-04-15 09:04:25.894(Timestamp), 2026-04-15 09:04:25.894(Timestamp)
    2026-04-15 09:04:25.896 DEBUG 83996 --- [    Test worker] i.s.i.m.mapper.ArticleMapper.insert      : <==    Updates: 1
    2026-04-15 09:04:25.897 DEBUG 83996 --- [    Test worker] i.s.i.m.mapper.UserMapper.findById       : ==>  Preparing: select id, username, email, password, bio, image from users where id = ?
    2026-04-15 09:04:25.897 DEBUG 83996 --- [    Test worker] i.s.i.m.mapper.UserMapper.findById       : ==> Parameters: d3b7e3e7-dd94-41e8-b5fa-4f55a53dfb57(String)
    2026-04-15 09:04:25.897 DEBUG 83996 --- [    Test worker] i.s.i.mybatis.mapper.UserMapper.insert   : ==>  Preparing: insert into users (id, username, email, password, bio, image) values( ?, ?, ?, ?, ?, ? )
    2026-04-15 09:04:25.897 DEBUG 83996 --- [    Test worker] i.s.i.mybatis.mapper.UserMapper.insert   : ==> Parameters: d3b7e3e7-dd94-41e8-b5fa-4f55a53dfb57(String), other(String), other@email.com(String), 123(String), (String), (String)
    2026-04-15 09:04:25.897 DEBUG 83996 --- [    Test worker] i.s.i.mybatis.mapper.UserMapper.insert   : <==    Updates: 1
    2026-04-15 09:04:25.897 DEBUG 83996 --- [    Test worker] i.s.i.m.mapper.ArticleMapper.findById    : ==>  Preparing: select A.id articleId, A.slug articleSlug, A.title articleTitle, A.description articleDescription, A.body articleBody, A.user_id articleUserId, A.created_at articleCreatedAt, A.updated_at articleUpdatedAt, T.id tagId, T.name tagName from articles A left join article_tags AT on A.id = AT.article_id left join tags T on T.id = AT.tag_id where A.id = ?
    2026-04-15 09:04:25.898 DEBUG 83996 --- [    Test worker] i.s.i.m.mapper.ArticleMapper.findById    : ==> Parameters: 142725bd-c322-44d5-9860-b8efb5b6e54d(String)
    2026-04-15 09:04:25.898 DEBUG 83996 --- [    Test worker] i.s.i.m.mapper.ArticleMapper.findTag     : ==>  Preparing: select id, name from tags where name = ?
    2026-04-15 09:04:25.898 DEBUG 83996 --- [    Test worker] i.s.i.m.mapper.ArticleMapper.findTag     : ==> Parameters: test(String)
    2026-04-15 09:04:25.898 DEBUG 83996 --- [    Test worker] i.s.i.m.mapper.ArticleMapper.insertTag   : ==>  Preparing: insert into tags (id, name) values (?, ?)
    2026-04-15 09:04:25.898 DEBUG 83996 --- [    Test worker] i.s.i.m.mapper.ArticleMapper.insertTag   : ==> Parameters: 0457da3f-ab93-4fcd-aa5c-c19f449ea426(String), test(String)
    2026-04-15 09:04:25.898 DEBUG 83996 --- [    Test worker] i.s.i.m.mapper.ArticleMapper.insertTag   : <==    Updates: 1
    2026-04-15 09:04:25.898 DEBUG 83996 --- [    Test worker] i.s.i.m.m.A.insertArticleTagRelation     : ==>  Preparing: insert into article_tags (article_id, tag_id) values(?, ?)
    2026-04-15 09:04:25.899 DEBUG 83996 --- [    Test worker] i.s.i.m.m.A.insertArticleTagRelation     : ==> Parameters: 142725bd-c322-44d5-9860-b8efb5b6e54d(String), 0457da3f-ab93-4fcd-aa5c-c19f449ea426(String)
    2026-04-15 09:04:25.899 DEBUG 83996 --- [    Test worker] i.s.i.m.m.A.insertArticleTagRelation     : <==    Updates: 1
    2026-04-15 09:04:25.899 DEBUG 83996 --- [    Test worker] i.s.i.m.mapper.ArticleMapper.insert      : ==>  Preparing: insert into articles(id, slug, title, description, body, user_id, created_at, updated_at) values( ?, ?, ?, ?, ?, ?, ?, ?)
    2026-04-15 09:04:25.899 DEBUG 83996 --- [    Test worker] i.s.i.m.mapper.ArticleMapper.insert      : ==> Parameters: 142725bd-c322-44d5-9860-b8efb5b6e54d(String), new-article(String), new article(String), desc(String), body(String), d3b7e3e7-dd94-41e8-b5fa-4f55a53dfb57(String), 2026-04-15 09:04:25.897(Timestamp), 2026-04-15 09:04:25.897(Timestamp)
    2026-04-15 09:04:25.899 DEBUG 83996 --- [    Test worker] i.s.i.m.mapper.ArticleMapper.insert      : <==    Updates: 1
    2026-04-15 09:04:25.899 DEBUG 83996 --- [    Test worker] i.s.i.m.m.ArticleFavoriteMapper.find     : ==>  Preparing: select AF.article_id articleFavoriteArticleId, AF.user_id articleFavoriteUserId from article_favorites AF where AF.article_id = ? and AF.user_id = ?
    2026-04-15 09:04:25.899 DEBUG 83996 --- [    Test worker] i.s.i.m.m.ArticleFavoriteMapper.find     : ==> Parameters: 2775d008-cbe6-436d-b0c7-4fb0c5cb029b(String), d3b7e3e7-dd94-41e8-b5fa-4f55a53dfb57(String)
    2026-04-15 09:04:25.899 DEBUG 83996 --- [    Test worker] i.s.i.m.m.ArticleFavoriteMapper.insert   : ==>  Preparing: insert into article_favorites (article_id, user_id) values (?, ?)
    2026-04-15 09:04:25.899 DEBUG 83996 --- [    Test worker] i.s.i.m.m.ArticleFavoriteMapper.insert   : ==> Parameters: 2775d008-cbe6-436d-b0c7-4fb0c5cb029b(String), d3b7e3e7-dd94-41e8-b5fa-4f55a53dfb57(String)
    2026-04-15 09:04:25.900 DEBUG 83996 --- [    Test worker] i.s.i.m.m.ArticleFavoriteMapper.insert   : <==    Updates: 1
    2026-04-15 09:04:25.900 DEBUG 83996 --- [    Test worker] i.s.i.m.r.A.queryArticles                : ==>  Preparing: select DISTINCT(A.id) articleId, A.created_at from articles A left join article_tags AT on A.id = AT.article_id left join tags T on T.id = AT.tag_id left join article_favorites AF on AF.article_id = A.id left join users AU on AU.id = A.user_id left join users AFU on AFU.id = AF.user_id WHERE AFU.username = ? order by A.created_at desc limit ?, ?
    2026-04-15 09:04:25.900 DEBUG 83996 --- [    Test worker] i.s.i.m.r.A.queryArticles                : ==> Parameters: other(String), 0(Integer), 20(Integer)
    2026-04-15 09:04:25.901 DEBUG 83996 --- [    Test worker] i.s.i.m.r.A.queryArticles                : <==      Total: 1
    2026-04-15 09:04:25.901 DEBUG 83996 --- [    Test worker] i.s.i.m.r.A.countArticle                 : ==>  Preparing: select count(DISTINCT A.id) from articles A left join article_tags AT on A.id = AT.article_id left join tags T on T.id = AT.tag_id left join article_favorites AF on AF.article_id = A.id left join users AU on AU.id = A.user_id left join users AFU on AFU.id = AF.user_id WHERE AFU.username = ?
    2026-04-15 09:04:25.901 DEBUG 83996 --- [    Test worker] i.s.i.m.r.A.countArticle                 : ==> Parameters: other(String)
    2026-04-15 09:04:25.901 DEBUG 83996 --- [    Test worker] i.s.i.m.r.A.countArticle                 : <==      Total: 1
    2026-04-15 09:04:25.902 DEBUG 83996 --- [    Test worker] i.s.i.m.r.A.findArticles                 : ==>  Preparing: select A.id articleId, A.slug articleSlug, A.title articleTitle, A.description articleDescription, A.body articleBody, A.created_at articleCreatedAt, A.updated_at articleUpdatedAt, T.name tagName, U.id userId, U.username userUsername, U.bio userBio, U.image userImage from articles A left join article_tags AT on A.id = AT.article_id left join tags T on T.id = AT.tag_id left join users U on U.id = A.user_id where A.id in ( ? ) order by A.created_at desc
    2026-04-15 09:04:25.902 DEBUG 83996 --- [    Test worker] i.s.i.m.r.A.findArticles                 : ==> Parameters: 2775d008-cbe6-436d-b0c7-4fb0c5cb029b(String)
    2026-04-15 09:04:25.903 DEBUG 83996 --- [    Test worker] i.s.i.m.r.A.findArticles                 : <==      Total: 2
    2026-04-15 09:04:25.905  INFO 83996 --- [    Test worker] o.s.t.c.transaction.TransactionContext   : Rolled back transaction for test: [DefaultTestContext@130f8e03 testClass = ArticleQueryServiceTest, testInstance = io.spring.application.article.ArticleQueryServiceTest@1bf2cf15, testMethod = should_query_article_by_favorite@ArticleQueryServiceTest, testException = [null], mergedContextConfiguration = [MergedContextConfiguration@56c278bf testClass = ArticleQueryServiceTest, locations = '{}', classes = '{class io.spring.RealWorldApplication}', contextInitializerClasses = '[]', activeProfiles = '{test}', propertySourceLocations = '{}', propertySourceProperties = '{org.mybatis.spring.boot.test.autoconfigure.MybatisTestContextBootstrapper=true}', contextCustomizers = set[org.springframework.boot.test.autoconfigure.OverrideAutoConfigurationContextCustomizerFactory$DisableAutoConfigurationContextCustomizer@4e9bd2c8, org.springframework.boot.test.autoconfigure.actuate.metrics.MetricsExportContextCustomizerFactory$DisableMetricExportContextCustomizer@146587a2, org.springframework.boot.test.autoconfigure.filter.TypeExcludeFiltersContextCustomizer@351584c0, org.springframework.boot.test.autoconfigure.properties.PropertyMappingContextCustomizer@a3d5432f, org.springframework.boot.test.autoconfigure.web.servlet.WebDriverContextCustomizerFactory$Customizer@115667d, [ImportsContextCustomizer@5985102f key = [io.spring.application.ArticleQueryService, io.spring.infrastructure.repository.MyBatisUserRepository, io.spring.infrastructure.repository.MyBatisArticleRepository, io.spring.infrastructure.repository.MyBatisArticleFavoriteRepository, org.springframework.boot.test.autoconfigure.jdbc.TestDatabaseAutoConfiguration, org.springframework.boot.autoconfigure.jdbc.DataSourceAutoConfiguration, org.springframework.boot.autoconfigure.cache.CacheAutoConfiguration, org.springframework.boot.autoconfigure.flyway.FlywayAutoConfiguration, org.springframework.boot.autoconfigure.jdbc.DataSourceTransactionManagerAutoConfiguration, org.springframework.boot.autoconfigure.jdbc.JdbcTemplateAutoConfiguration, org.springframework.boot.autoconfigure.liquibase.LiquibaseAutoConfiguration, org.springframework.boot.autoconfigure.transaction.TransactionAutoConfiguration, org.springframework.boot.autoconfigure.sql.init.SqlInitializationAutoConfiguration, org.mybatis.spring.boot.autoconfigure.MybatisLanguageDriverAutoConfiguration, org.mybatis.spring.boot.autoconfigure.MybatisAutoConfiguration]], org.springframework.boot.test.context.filter.ExcludeFilterContextCustomizer@497486b3, org.springframework.boot.test.json.DuplicateJsonObjectContextCustomizerFactory$DuplicateJsonObjectContextCustomizer@6127a7e, org.springframework.boot.test.mock.mockito.MockitoContextCustomizer@0, org.springframework.boot.test.context.SpringBootTestArgs@1, org.springframework.boot.test.context.SpringBootTestWebEnvironment@0], contextLoader = 'org.springframework.boot.test.context.SpringBootContextLoader', parent = [null]], attributes = map['org.springframework.test.context.event.ApplicationEventsTestExecutionListener.recordApplicationEvents' -> false]]

CommentQueryServiceTest STANDARD_OUT
    2026-04-15 09:04:25.906  INFO 83996 --- [    Test worker] m.s.b.t.a.MybatisTestContextBootstrapper : Neither @ContextConfiguration nor @ContextHierarchy found for test class [io.spring.application.comment.CommentQueryServiceTest], using SpringBootContextLoader
    2026-04-15 09:04:25.907  INFO 83996 --- [    Test worker] o.s.t.c.support.AbstractContextLoader    : Could not detect default resource locations for test class [io.spring.application.comment.CommentQueryServiceTest]: no resource found for suffixes {-context.xml, Context.groovy}.
    2026-04-15 09:04:25.907  INFO 83996 --- [    Test worker] t.c.s.AnnotationConfigContextLoaderUtils : Could not detect default configuration classes for test class [io.spring.application.comment.CommentQueryServiceTest]: CommentQueryServiceTest does not declare any static, non-private, non-final, nested classes annotated with @Configuration.
    2026-04-15 09:04:25.911  INFO 83996 --- [    Test worker] .b.t.c.SpringBootTestContextBootstrapper : Found @SpringBootConfiguration io.spring.RealWorldApplication for test class io.spring.application.comment.CommentQueryServiceTest
    2026-04-15 09:04:25.912  INFO 83996 --- [    Test worker] m.s.b.t.a.MybatisTestContextBootstrapper : Loaded default TestExecutionListener class names from location [META-INF/spring.factories]: [org.springframework.security.test.context.support.WithSecurityContextTestExecutionListener, org.springframework.security.test.context.support.ReactorContextTestExecutionListener, org.springframework.boot.test.autoconfigure.restdocs.RestDocsTestExecutionListener, org.springframework.boot.test.autoconfigure.web.client.MockRestServiceServerResetTestExecutionListener, org.springframework.boot.test.autoconfigure.web.servlet.MockMvcPrintOnlyOnFailureTestExecutionListener, org.springframework.boot.test.autoconfigure.web.servlet.WebDriverTestExecutionListener, org.springframework.boot.test.autoconfigure.webservices.client.MockWebServiceServerTestExecutionListener, org.springframework.boot.test.mock.mockito.MockitoTestExecutionListener, org.springframework.boot.test.mock.mockito.ResetMocksTestExecutionListener, org.springframework.test.context.web.ServletTestExecutionListener, org.springframework.test.context.support.DirtiesContextBeforeModesTestExecutionListener, org.springframework.test.context.event.ApplicationEventsTestExecutionListener, org.springframework.test.context.support.DependencyInjectionTestExecutionListener, org.springframework.test.context.support.DirtiesContextTestExecutionListener, org.springframework.test.context.transaction.TransactionalTestExecutionListener, org.springframework.test.context.jdbc.SqlScriptsTestExecutionListener, org.springframework.test.context.event.EventPublishingTestExecutionListener]
    2026-04-15 09:04:25.912  INFO 83996 --- [    Test worker] m.s.b.t.a.MybatisTestContextBootstrapper : Using TestExecutionListeners: [org.springframework.test.context.web.ServletTestExecutionListener@2164f202, org.springframework.test.context.support.DirtiesContextBeforeModesTestExecutionListener@5242e9f7, org.springframework.test.context.event.ApplicationEventsTestExecutionListener@48b9ee43, org.springframework.boot.test.mock.mockito.MockitoTestExecutionListener@7c9e149, org.springframework.boot.test.autoconfigure.SpringBootDependencyInjectionTestExecutionListener@1bbf750, org.springframework.test.context.support.DirtiesContextTestExecutionListener@4473bbc1, org.springframework.test.context.transaction.TransactionalTestExecutionListener@433f8efa, org.springframework.test.context.jdbc.SqlScriptsTestExecutionListener@bb4fc7d, org.springframework.security.test.context.support.WithSecurityContextTestExecutionListener@55eb9b2c, org.springframework.test.context.event.EventPublishingTestExecutionListener@c9f9fe3, org.springframework.security.test.context.support.ReactorContextTestExecutionListener@33e888d4, org.springframework.boot.test.autoconfigure.restdocs.RestDocsTestExecutionListener@1f93cdc0, org.springframework.boot.test.autoconfigure.web.client.MockRestServiceServerResetTestExecutionListener@162807e5, org.springframework.boot.test.autoconfigure.web.servlet.MockMvcPrintOnlyOnFailureTestExecutionListener@66b8f244, org.springframework.boot.test.autoconfigure.web.servlet.WebDriverTestExecutionListener@1161786f, org.springframework.boot.test.autoconfigure.webservices.client.MockWebServiceServerTestExecutionListener@101d4a4e, org.springframework.boot.test.mock.mockito.ResetMocksTestExecutionListener@46dc6087]

      .   ____          _            __ _ _
     /\\ / ___'_ __ _ _(_)_ __  __ _ \ \ \ \
    ( ( )\___ | '_ | '_| | '_ \/ _` | \ \ \ \
     \\/  ___)| |_)| | | | | || (_| |  ) ) ) )
      '  |____| .__|_| |_|_| |_\__, | / / / /
     =========|_|==============|___/=/_/_/_/
     :: Spring Boot ::                (v2.6.3)

    2026-04-15 09:04:25.928  INFO 83996 --- [    Test worker] i.s.a.comment.CommentQueryServiceTest    : Starting CommentQueryServiceTest using Java 11.0.30 on devin-box with PID 83996 (started by ubuntu in /home/ubuntu/repos/spring-boot-realworld-example-app)
    2026-04-15 09:04:25.928  INFO 83996 --- [    Test worker] i.s.a.comment.CommentQueryServiceTest    : The following profiles are active: test
    2026-04-15 09:04:26.187  INFO 83996 --- [    Test worker] com.zaxxer.hikari.HikariDataSource       : HikariPool-3 - Starting...
    2026-04-15 09:04:26.188  INFO 83996 --- [    Test worker] com.zaxxer.hikari.HikariDataSource       : HikariPool-3 - Start completed.
    2026-04-15 09:04:26.188  INFO 83996 --- [    Test worker] o.f.c.internal.license.VersionPrinter    : Flyway Community Edition 8.0.5 by Redgate
    2026-04-15 09:04:26.188  INFO 83996 --- [    Test worker] o.f.c.i.database.base.BaseDatabaseType   : Database: jdbc:sqlite::memory: (SQLite 3.36)
    2026-04-15 09:04:26.189  INFO 83996 --- [    Test worker] o.f.core.internal.command.DbValidate     : Successfully validated 1 migration (execution time 00:00.000s)
    2026-04-15 09:04:26.190  INFO 83996 --- [    Test worker] o.f.c.i.s.JdbcTableSchemaHistory         : Creating Schema History table "main"."flyway_schema_history" ...
    2026-04-15 09:04:26.191  INFO 83996 --- [    Test worker] o.f.core.internal.command.DbMigrate      : Current version of schema "main": << Empty Schema >>
    2026-04-15 09:04:26.194  INFO 83996 --- [    Test worker] o.f.core.internal.command.DbMigrate      : Migrating schema "main" to version "1 - create tables"
    2026-04-15 09:04:26.196  INFO 83996 --- [    Test worker] o.f.core.internal.command.DbMigrate      : Successfully applied 1 migration to schema "main", now at version v1 (execution time 00:00.004s)
    2026-04-15 09:04:26.221  INFO 83996 --- [    Test worker] i.s.a.comment.CommentQueryServiceTest    : Started CommentQueryServiceTest in 0.308 seconds (JVM running for 13.83)

CommentQueryServiceTest > should_read_comments_of_article() STANDARD_OUT
    2026-04-15 09:04:26.226  INFO 83996 --- [    Test worker] o.s.t.c.transaction.TransactionContext   : Began transaction (1) for test context [DefaultTestContext@6b7b046 testClass = CommentQueryServiceTest, testInstance = io.spring.application.comment.CommentQueryServiceTest@7ece1800, testMethod = should_read_comments_of_article@CommentQueryServiceTest, testException = [null], mergedContextConfiguration = [MergedContextConfiguration@13095872 testClass = CommentQueryServiceTest, locations = '{}', classes = '{class io.spring.RealWorldApplication}', contextInitializerClasses = '[]', activeProfiles = '{test}', propertySourceLocations = '{}', propertySourceProperties = '{org.mybatis.spring.boot.test.autoconfigure.MybatisTestContextBootstrapper=true}', contextCustomizers = set[org.springframework.boot.test.autoconfigure.OverrideAutoConfigurationContextCustomizerFactory$DisableAutoConfigurationContextCustomizer@4e9bd2c8, org.springframework.boot.test.autoconfigure.actuate.metrics.MetricsExportContextCustomizerFactory$DisableMetricExportContextCustomizer@146587a2, org.springframework.boot.test.autoconfigure.filter.TypeExcludeFiltersContextCustomizer@351584c0, org.springframework.boot.test.autoconfigure.properties.PropertyMappingContextCustomizer@a3d5432f, org.springframework.boot.test.autoconfigure.web.servlet.WebDriverContextCustomizerFactory$Customizer@115667d, [ImportsContextCustomizer@4c062325 key = [io.spring.infrastructure.repository.MyBatisCommentRepository, io.spring.infrastructure.repository.MyBatisUserRepository, io.spring.application.CommentQueryService, io.spring.infrastructure.repository.MyBatisArticleRepository, org.springframework.boot.test.autoconfigure.jdbc.TestDatabaseAutoConfiguration, org.springframework.boot.autoconfigure.jdbc.DataSourceAutoConfiguration, org.springframework.boot.autoconfigure.cache.CacheAutoConfiguration, org.springframework.boot.autoconfigure.flyway.FlywayAutoConfiguration, org.springframework.boot.autoconfigure.jdbc.DataSourceTransactionManagerAutoConfiguration, org.springframework.boot.autoconfigure.jdbc.JdbcTemplateAutoConfiguration, org.springframework.boot.autoconfigure.liquibase.LiquibaseAutoConfiguration, org.springframework.boot.autoconfigure.transaction.TransactionAutoConfiguration, org.springframework.boot.autoconfigure.sql.init.SqlInitializationAutoConfiguration, org.mybatis.spring.boot.autoconfigure.MybatisLanguageDriverAutoConfiguration, org.mybatis.spring.boot.autoconfigure.MybatisAutoConfiguration]], org.springframework.boot.test.context.filter.ExcludeFilterContextCustomizer@497486b3, org.springframework.boot.test.json.DuplicateJsonObjectContextCustomizerFactory$DuplicateJsonObjectContextCustomizer@6127a7e, org.springframework.boot.test.mock.mockito.MockitoContextCustomizer@0, org.springframework.boot.test.context.SpringBootTestArgs@1, org.springframework.boot.test.context.SpringBootTestWebEnvironment@0], contextLoader = 'org.springframework.boot.test.context.SpringBootContextLoader', parent = [null]], attributes = map['org.springframework.test.context.event.ApplicationEventsTestExecutionListener.recordApplicationEvents' -> false]]; transaction manager [org.springframework.jdbc.support.JdbcTransactionManager@77889f63]; rollback [true]
    2026-04-15 09:04:26.227 DEBUG 83996 --- [    Test worker] i.s.i.m.mapper.UserMapper.findById       : ==>  Preparing: select id, username, email, password, bio, image from users where id = ?
    2026-04-15 09:04:26.227 DEBUG 83996 --- [    Test worker] i.s.i.m.mapper.UserMapper.findById       : ==> Parameters: 22b56b34-ac59-4e3d-bc4f-239f4bbb0a4e(String)
    2026-04-15 09:04:26.227 DEBUG 83996 --- [    Test worker] i.s.i.mybatis.mapper.UserMapper.insert   : ==>  Preparing: insert into users (id, username, email, password, bio, image) values( ?, ?, ?, ?, ?, ? )
    2026-04-15 09:04:26.227 DEBUG 83996 --- [    Test worker] i.s.i.mybatis.mapper.UserMapper.insert   : ==> Parameters: 22b56b34-ac59-4e3d-bc4f-239f4bbb0a4e(String), aisensiy(String), aisensiy@test.com(String), 123(String), (String), (String)
    2026-04-15 09:04:26.228 DEBUG 83996 --- [    Test worker] i.s.i.mybatis.mapper.UserMapper.insert   : <==    Updates: 1
    2026-04-15 09:04:26.228 DEBUG 83996 --- [    Test worker] i.s.i.m.mapper.ArticleMapper.findById    : ==>  Preparing: select A.id articleId, A.slug articleSlug, A.title articleTitle, A.description articleDescription, A.body articleBody, A.user_id articleUserId, A.created_at articleCreatedAt, A.updated_at articleUpdatedAt, T.id tagId, T.name tagName from articles A left join article_tags AT on A.id = AT.article_id left join tags T on T.id = AT.tag_id where A.id = ?
    2026-04-15 09:04:26.229 DEBUG 83996 --- [    Test worker] i.s.i.m.mapper.ArticleMapper.findById    : ==> Parameters: c7d27559-e018-4c81-a075-b0e8d2cbedf3(String)
    2026-04-15 09:04:26.229 DEBUG 83996 --- [    Test worker] i.s.i.m.mapper.ArticleMapper.findTag     : ==>  Preparing: select id, name from tags where name = ?
    2026-04-15 09:04:26.229 DEBUG 83996 --- [    Test worker] i.s.i.m.mapper.ArticleMapper.findTag     : ==> Parameters: java(String)
    2026-04-15 09:04:26.229 DEBUG 83996 --- [    Test worker] i.s.i.m.mapper.ArticleMapper.insertTag   : ==>  Preparing: insert into tags (id, name) values (?, ?)
    2026-04-15 09:04:26.229 DEBUG 83996 --- [    Test worker] i.s.i.m.mapper.ArticleMapper.insertTag   : ==> Parameters: 2cc15564-a504-44d2-a671-37a1a78b1afc(String), java(String)
    2026-04-15 09:04:26.229 DEBUG 83996 --- [    Test worker] i.s.i.m.mapper.ArticleMapper.insertTag   : <==    Updates: 1
    2026-04-15 09:04:26.230 DEBUG 83996 --- [    Test worker] i.s.i.m.m.A.insertArticleTagRelation     : ==>  Preparing: insert into article_tags (article_id, tag_id) values(?, ?)
    2026-04-15 09:04:26.230 DEBUG 83996 --- [    Test worker] i.s.i.m.m.A.insertArticleTagRelation     : ==> Parameters: c7d27559-e018-4c81-a075-b0e8d2cbedf3(String), 2cc15564-a504-44d2-a671-37a1a78b1afc(String)
    2026-04-15 09:04:26.230 DEBUG 83996 --- [    Test worker] i.s.i.m.m.A.insertArticleTagRelation     : <==    Updates: 1
    2026-04-15 09:04:26.230 DEBUG 83996 --- [    Test worker] i.s.i.m.mapper.ArticleMapper.insert      : ==>  Preparing: insert into articles(id, slug, title, description, body, user_id, created_at, updated_at) values( ?, ?, ?, ?, ?, ?, ?, ?)
    2026-04-15 09:04:26.230 DEBUG 83996 --- [    Test worker] i.s.i.m.mapper.ArticleMapper.insert      : ==> Parameters: c7d27559-e018-4c81-a075-b0e8d2cbedf3(String), title(String), title(String), desc(String), body(String), 22b56b34-ac59-4e3d-bc4f-239f4bbb0a4e(String), 2026-04-15 09:04:26.228(Timestamp), 2026-04-15 09:04:26.228(Timestamp)
    2026-04-15 09:04:26.230 DEBUG 83996 --- [    Test worker] i.s.i.m.mapper.ArticleMapper.insert      : <==    Updates: 1
    2026-04-15 09:04:26.230 DEBUG 83996 --- [    Test worker] i.s.i.m.mapper.UserMapper.findById       : ==>  Preparing: select id, username, email, password, bio, image from users where id = ?
    2026-04-15 09:04:26.231 DEBUG 83996 --- [    Test worker] i.s.i.m.mapper.UserMapper.findById       : ==> Parameters: 7a5577ef-597c-427d-96df-bfdbdb1e8deb(String)
    2026-04-15 09:04:26.231 DEBUG 83996 --- [    Test worker] i.s.i.mybatis.mapper.UserMapper.insert   : ==>  Preparing: insert into users (id, username, email, password, bio, image) values( ?, ?, ?, ?, ?, ? )
    2026-04-15 09:04:26.231 DEBUG 83996 --- [    Test worker] i.s.i.mybatis.mapper.UserMapper.insert   : ==> Parameters: 7a5577ef-597c-427d-96df-bfdbdb1e8deb(String), user2(String), user2@email.com(String), 123(String), (String), (String)
    2026-04-15 09:04:26.231 DEBUG 83996 --- [    Test worker] i.s.i.mybatis.mapper.UserMapper.insert   : <==    Updates: 1
    2026-04-15 09:04:26.231 DEBUG 83996 --- [    Test worker] i.s.i.m.mapper.UserMapper.findRelation   : ==>  Preparing: SELECT F.user_id followUserId, F.follow_id followTargetId from follows F where F.user_id = ? and F.follow_id = ?
    2026-04-15 09:04:26.231 DEBUG 83996 --- [    Test worker] i.s.i.m.mapper.UserMapper.findRelation   : ==> Parameters: 22b56b34-ac59-4e3d-bc4f-239f4bbb0a4e(String), 7a5577ef-597c-427d-96df-bfdbdb1e8deb(String)
    2026-04-15 09:04:26.231 DEBUG 83996 --- [    Test worker] i.s.i.m.mapper.UserMapper.saveRelation   : ==>  Preparing: insert into follows(user_id, follow_id) values (?, ?)
    2026-04-15 09:04:26.232 DEBUG 83996 --- [    Test worker] i.s.i.m.mapper.UserMapper.saveRelation   : ==> Parameters: 22b56b34-ac59-4e3d-bc4f-239f4bbb0a4e(String), 7a5577ef-597c-427d-96df-bfdbdb1e8deb(String)
    2026-04-15 09:04:26.232 DEBUG 83996 --- [    Test worker] i.s.i.m.mapper.UserMapper.saveRelation   : <==    Updates: 1
    2026-04-15 09:04:26.232 DEBUG 83996 --- [    Test worker] i.s.i.m.mapper.CommentMapper.insert      : ==>  Preparing: insert into comments(id, body, user_id, article_id, created_at, updated_at) values ( ?, ?, ?, ?, ?, ? )
    2026-04-15 09:04:26.232 DEBUG 83996 --- [    Test worker] i.s.i.m.mapper.CommentMapper.insert      : ==> Parameters: 21a4c753-1062-4cce-a7d1-bef556773782(String), content1(String), 22b56b34-ac59-4e3d-bc4f-239f4bbb0a4e(String), c7d27559-e018-4c81-a075-b0e8d2cbedf3(String), 2026-04-15 09:04:26.232(Timestamp), 2026-04-15 09:04:26.232(Timestamp)
    2026-04-15 09:04:26.232 DEBUG 83996 --- [    Test worker] i.s.i.m.mapper.CommentMapper.insert      : <==    Updates: 1
    2026-04-15 09:04:26.232 DEBUG 83996 --- [    Test worker] i.s.i.m.mapper.CommentMapper.insert      : ==>  Preparing: insert into comments(id, body, user_id, article_id, created_at, updated_at) values ( ?, ?, ?, ?, ?, ? )
    2026-04-15 09:04:26.232 DEBUG 83996 --- [    Test worker] i.s.i.m.mapper.CommentMapper.insert      : ==> Parameters: 80088189-25d7-4927-978f-627287b48126(String), content2(String), 7a5577ef-597c-427d-96df-bfdbdb1e8deb(String), c7d27559-e018-4c81-a075-b0e8d2cbedf3(String), 2026-04-15 09:04:26.232(Timestamp), 2026-04-15 09:04:26.232(Timestamp)
    2026-04-15 09:04:26.232 DEBUG 83996 --- [    Test worker] i.s.i.m.mapper.CommentMapper.insert      : <==    Updates: 1
    2026-04-15 09:04:26.236  INFO 83996 --- [    Test worker] o.s.t.c.transaction.TransactionContext   : Rolled back transaction for test: [DefaultTestContext@6b7b046 testClass = CommentQueryServiceTest, testInstance = io.spring.application.comment.CommentQueryServiceTest@7ece1800, testMethod = should_read_comments_of_article@CommentQueryServiceTest, testException = [null], mergedContextConfiguration = [MergedContextConfiguration@13095872 testClass = CommentQueryServiceTest, locations = '{}', classes = '{class io.spring.RealWorldApplication}', contextInitializerClasses = '[]', activeProfiles = '{test}', propertySourceLocations = '{}', propertySourceProperties = '{org.mybatis.spring.boot.test.autoconfigure.MybatisTestContextBootstrapper=true}', contextCustomizers = set[org.springframework.boot.test.autoconfigure.OverrideAutoConfigurationContextCustomizerFactory$DisableAutoConfigurationContextCustomizer@4e9bd2c8, org.springframework.boot.test.autoconfigure.actuate.metrics.MetricsExportContextCustomizerFactory$DisableMetricExportContextCustomizer@146587a2, org.springframework.boot.test.autoconfigure.filter.TypeExcludeFiltersContextCustomizer@351584c0, org.springframework.boot.test.autoconfigure.properties.PropertyMappingContextCustomizer@a3d5432f, org.springframework.boot.test.autoconfigure.web.servlet.WebDriverContextCustomizerFactory$Customizer@115667d, [ImportsContextCustomizer@4c062325 key = [io.spring.infrastructure.repository.MyBatisCommentRepository, io.spring.infrastructure.repository.MyBatisUserRepository, io.spring.application.CommentQueryService, io.spring.infrastructure.repository.MyBatisArticleRepository, org.springframework.boot.test.autoconfigure.jdbc.TestDatabaseAutoConfiguration, org.springframework.boot.autoconfigure.jdbc.DataSourceAutoConfiguration, org.springframework.boot.autoconfigure.cache.CacheAutoConfiguration, org.springframework.boot.autoconfigure.flyway.FlywayAutoConfiguration, org.springframework.boot.autoconfigure.jdbc.DataSourceTransactionManagerAutoConfiguration, org.springframework.boot.autoconfigure.jdbc.JdbcTemplateAutoConfiguration, org.springframework.boot.autoconfigure.liquibase.LiquibaseAutoConfiguration, org.springframework.boot.autoconfigure.transaction.TransactionAutoConfiguration, org.springframework.boot.autoconfigure.sql.init.SqlInitializationAutoConfiguration, org.mybatis.spring.boot.autoconfigure.MybatisLanguageDriverAutoConfiguration, org.mybatis.spring.boot.autoconfigure.MybatisAutoConfiguration]], org.springframework.boot.test.context.filter.ExcludeFilterContextCustomizer@497486b3, org.springframework.boot.test.json.DuplicateJsonObjectContextCustomizerFactory$DuplicateJsonObjectContextCustomizer@6127a7e, org.springframework.boot.test.mock.mockito.MockitoContextCustomizer@0, org.springframework.boot.test.context.SpringBootTestArgs@1, org.springframework.boot.test.context.SpringBootTestWebEnvironment@0], contextLoader = 'org.springframework.boot.test.context.SpringBootContextLoader', parent = [null]], attributes = map['org.springframework.test.context.event.ApplicationEventsTestExecutionListener.recordApplicationEvents' -> false]]

CommentQueryServiceTest > should_read_comment_success() STANDARD_OUT
    2026-04-15 09:04:26.237  INFO 83996 --- [    Test worker] o.s.t.c.transaction.TransactionContext   : Began transaction (1) for test context [DefaultTestContext@6b7b046 testClass = CommentQueryServiceTest, testInstance = io.spring.application.comment.CommentQueryServiceTest@53309bfd, testMethod = should_read_comment_success@CommentQueryServiceTest, testException = [null], mergedContextConfiguration = [MergedContextConfiguration@13095872 testClass = CommentQueryServiceTest, locations = '{}', classes = '{class io.spring.RealWorldApplication}', contextInitializerClasses = '[]', activeProfiles = '{test}', propertySourceLocations = '{}', propertySourceProperties = '{org.mybatis.spring.boot.test.autoconfigure.MybatisTestContextBootstrapper=true}', contextCustomizers = set[org.springframework.boot.test.autoconfigure.OverrideAutoConfigurationContextCustomizerFactory$DisableAutoConfigurationContextCustomizer@4e9bd2c8, org.springframework.boot.test.autoconfigure.actuate.metrics.MetricsExportContextCustomizerFactory$DisableMetricExportContextCustomizer@146587a2, org.springframework.boot.test.autoconfigure.filter.TypeExcludeFiltersContextCustomizer@351584c0, org.springframework.boot.test.autoconfigure.properties.PropertyMappingContextCustomizer@a3d5432f, org.springframework.boot.test.autoconfigure.web.servlet.WebDriverContextCustomizerFactory$Customizer@115667d, [ImportsContextCustomizer@4c062325 key = [io.spring.infrastructure.repository.MyBatisCommentRepository, io.spring.infrastructure.repository.MyBatisUserRepository, io.spring.application.CommentQueryService, io.spring.infrastructure.repository.MyBatisArticleRepository, org.springframework.boot.test.autoconfigure.jdbc.TestDatabaseAutoConfiguration, org.springframework.boot.autoconfigure.jdbc.DataSourceAutoConfiguration, org.springframework.boot.autoconfigure.cache.CacheAutoConfiguration, org.springframework.boot.autoconfigure.flyway.FlywayAutoConfiguration, org.springframework.boot.autoconfigure.jdbc.DataSourceTransactionManagerAutoConfiguration, org.springframework.boot.autoconfigure.jdbc.JdbcTemplateAutoConfiguration, org.springframework.boot.autoconfigure.liquibase.LiquibaseAutoConfiguration, org.springframework.boot.autoconfigure.transaction.TransactionAutoConfiguration, org.springframework.boot.autoconfigure.sql.init.SqlInitializationAutoConfiguration, org.mybatis.spring.boot.autoconfigure.MybatisLanguageDriverAutoConfiguration, org.mybatis.spring.boot.autoconfigure.MybatisAutoConfiguration]], org.springframework.boot.test.context.filter.ExcludeFilterContextCustomizer@497486b3, org.springframework.boot.test.json.DuplicateJsonObjectContextCustomizerFactory$DuplicateJsonObjectContextCustomizer@6127a7e, org.springframework.boot.test.mock.mockito.MockitoContextCustomizer@0, org.springframework.boot.test.context.SpringBootTestArgs@1, org.springframework.boot.test.context.SpringBootTestWebEnvironment@0], contextLoader = 'org.springframework.boot.test.context.SpringBootContextLoader', parent = [null]], attributes = map['org.springframework.test.context.event.ApplicationEventsTestExecutionListener.recordApplicationEvents' -> false]]; transaction manager [org.springframework.jdbc.support.JdbcTransactionManager@77889f63]; rollback [true]
    2026-04-15 09:04:26.238 DEBUG 83996 --- [    Test worker] i.s.i.m.mapper.UserMapper.findById       : ==>  Preparing: select id, username, email, password, bio, image from users where id = ?
    2026-04-15 09:04:26.238 DEBUG 83996 --- [    Test worker] i.s.i.m.mapper.UserMapper.findById       : ==> Parameters: 891f5e16-945d-404f-bc64-5f151a25fbf7(String)
    2026-04-15 09:04:26.238 DEBUG 83996 --- [    Test worker] i.s.i.mybatis.mapper.UserMapper.insert   : ==>  Preparing: insert into users (id, username, email, password, bio, image) values( ?, ?, ?, ?, ?, ? )
    2026-04-15 09:04:26.239 DEBUG 83996 --- [    Test worker] i.s.i.mybatis.mapper.UserMapper.insert   : ==> Parameters: 891f5e16-945d-404f-bc64-5f151a25fbf7(String), aisensiy(String), aisensiy@test.com(String), 123(String), (String), (String)
    2026-04-15 09:04:26.239 DEBUG 83996 --- [    Test worker] i.s.i.mybatis.mapper.UserMapper.insert   : <==    Updates: 1
    2026-04-15 09:04:26.239 DEBUG 83996 --- [    Test worker] i.s.i.m.mapper.CommentMapper.insert      : ==>  Preparing: insert into comments(id, body, user_id, article_id, created_at, updated_at) values ( ?, ?, ?, ?, ?, ? )
    2026-04-15 09:04:26.239 DEBUG 83996 --- [    Test worker] i.s.i.m.mapper.CommentMapper.insert      : ==> Parameters: 862fc97b-c747-421c-bca3-ee00977ad48f(String), content(String), 891f5e16-945d-404f-bc64-5f151a25fbf7(String), 123(String), 2026-04-15 09:04:26.239(Timestamp), 2026-04-15 09:04:26.239(Timestamp)
    2026-04-15 09:04:26.239 DEBUG 83996 --- [    Test worker] i.s.i.m.mapper.CommentMapper.insert      : <==    Updates: 1
    2026-04-15 09:04:26.241  INFO 83996 --- [    Test worker] o.s.t.c.transaction.TransactionContext   : Rolled back transaction for test: [DefaultTestContext@6b7b046 testClass = CommentQueryServiceTest, testInstance = io.spring.application.comment.CommentQueryServiceTest@53309bfd, testMethod = should_read_comment_success@CommentQueryServiceTest, testException = [null], mergedContextConfiguration = [MergedContextConfiguration@13095872 testClass = CommentQueryServiceTest, locations = '{}', classes = '{class io.spring.RealWorldApplication}', contextInitializerClasses = '[]', activeProfiles = '{test}', propertySourceLocations = '{}', propertySourceProperties = '{org.mybatis.spring.boot.test.autoconfigure.MybatisTestContextBootstrapper=true}', contextCustomizers = set[org.springframework.boot.test.autoconfigure.OverrideAutoConfigurationContextCustomizerFactory$DisableAutoConfigurationContextCustomizer@4e9bd2c8, org.springframework.boot.test.autoconfigure.actuate.metrics.MetricsExportContextCustomizerFactory$DisableMetricExportContextCustomizer@146587a2, org.springframework.boot.test.autoconfigure.filter.TypeExcludeFiltersContextCustomizer@351584c0, org.springframework.boot.test.autoconfigure.properties.PropertyMappingContextCustomizer@a3d5432f, org.springframework.boot.test.autoconfigure.web.servlet.WebDriverContextCustomizerFactory$Customizer@115667d, [ImportsContextCustomizer@4c062325 key = [io.spring.infrastructure.repository.MyBatisCommentRepository, io.spring.infrastructure.repository.MyBatisUserRepository, io.spring.application.CommentQueryService, io.spring.infrastructure.repository.MyBatisArticleRepository, org.springframework.boot.test.autoconfigure.jdbc.TestDatabaseAutoConfiguration, org.springframework.boot.autoconfigure.jdbc.DataSourceAutoConfiguration, org.springframework.boot.autoconfigure.cache.CacheAutoConfiguration, org.springframework.boot.autoconfigure.flyway.FlywayAutoConfiguration, org.springframework.boot.autoconfigure.jdbc.DataSourceTransactionManagerAutoConfiguration, org.springframework.boot.autoconfigure.jdbc.JdbcTemplateAutoConfiguration, org.springframework.boot.autoconfigure.liquibase.LiquibaseAutoConfiguration, org.springframework.boot.autoconfigure.transaction.TransactionAutoConfiguration, org.springframework.boot.autoconfigure.sql.init.SqlInitializationAutoConfiguration, org.mybatis.spring.boot.autoconfigure.MybatisLanguageDriverAutoConfiguration, org.mybatis.spring.boot.autoconfigure.MybatisAutoConfiguration]], org.springframework.boot.test.context.filter.ExcludeFilterContextCustomizer@497486b3, org.springframework.boot.test.json.DuplicateJsonObjectContextCustomizerFactory$DuplicateJsonObjectContextCustomizer@6127a7e, org.springframework.boot.test.mock.mockito.MockitoContextCustomizer@0, org.springframework.boot.test.context.SpringBootTestArgs@1, org.springframework.boot.test.context.SpringBootTestWebEnvironment@0], contextLoader = 'org.springframework.boot.test.context.SpringBootContextLoader', parent = [null]], attributes = map['org.springframework.test.context.event.ApplicationEventsTestExecutionListener.recordApplicationEvents' -> false]]

ProfileQueryServiceTest STANDARD_OUT
    2026-04-15 09:04:26.243  INFO 83996 --- [    Test worker] m.s.b.t.a.MybatisTestContextBootstrapper : Neither @ContextConfiguration nor @ContextHierarchy found for test class [io.spring.application.profile.ProfileQueryServiceTest], using SpringBootContextLoader
    2026-04-15 09:04:26.243  INFO 83996 --- [    Test worker] o.s.t.c.support.AbstractContextLoader    : Could not detect default resource locations for test class [io.spring.application.profile.ProfileQueryServiceTest]: no resource found for suffixes {-context.xml, Context.groovy}.
    2026-04-15 09:04:26.243  INFO 83996 --- [    Test worker] t.c.s.AnnotationConfigContextLoaderUtils : Could not detect default configuration classes for test class [io.spring.application.profile.ProfileQueryServiceTest]: ProfileQueryServiceTest does not declare any static, non-private, non-final, nested classes annotated with @Configuration.
    2026-04-15 09:04:26.247  INFO 83996 --- [    Test worker] .b.t.c.SpringBootTestContextBootstrapper : Found @SpringBootConfiguration io.spring.RealWorldApplication for test class io.spring.application.profile.ProfileQueryServiceTest
    2026-04-15 09:04:26.247  INFO 83996 --- [    Test worker] m.s.b.t.a.MybatisTestContextBootstrapper : Loaded default TestExecutionListener class names from location [META-INF/spring.factories]: [org.springframework.security.test.context.support.WithSecurityContextTestExecutionListener, org.springframework.security.test.context.support.ReactorContextTestExecutionListener, org.springframework.boot.test.autoconfigure.restdocs.RestDocsTestExecutionListener, org.springframework.boot.test.autoconfigure.web.client.MockRestServiceServerResetTestExecutionListener, org.springframework.boot.test.autoconfigure.web.servlet.MockMvcPrintOnlyOnFailureTestExecutionListener, org.springframework.boot.test.autoconfigure.web.servlet.WebDriverTestExecutionListener, org.springframework.boot.test.autoconfigure.webservices.client.MockWebServiceServerTestExecutionListener, org.springframework.boot.test.mock.mockito.MockitoTestExecutionListener, org.springframework.boot.test.mock.mockito.ResetMocksTestExecutionListener, org.springframework.test.context.web.ServletTestExecutionListener, org.springframework.test.context.support.DirtiesContextBeforeModesTestExecutionListener, org.springframework.test.context.event.ApplicationEventsTestExecutionListener, org.springframework.test.context.support.DependencyInjectionTestExecutionListener, org.springframework.test.context.support.DirtiesContextTestExecutionListener, org.springframework.test.context.transaction.TransactionalTestExecutionListener, org.springframework.test.context.jdbc.SqlScriptsTestExecutionListener, org.springframework.test.context.event.EventPublishingTestExecutionListener]
    2026-04-15 09:04:26.248  INFO 83996 --- [    Test worker] m.s.b.t.a.MybatisTestContextBootstrapper : Using TestExecutionListeners: [org.springframework.test.context.web.ServletTestExecutionListener@4135b7f9, org.springframework.test.context.support.DirtiesContextBeforeModesTestExecutionListener@3847fe81, org.springframework.test.context.event.ApplicationEventsTestExecutionListener@163697a8, org.springframework.boot.test.mock.mockito.MockitoTestExecutionListener@13021796, org.springframework.boot.test.autoconfigure.SpringBootDependencyInjectionTestExecutionListener@7f64f070, org.springframework.test.context.support.DirtiesContextTestExecutionListener@78d0baeb, org.springframework.test.context.transaction.TransactionalTestExecutionListener@5a79e98e, org.springframework.test.context.jdbc.SqlScriptsTestExecutionListener@5944fbf0, org.springframework.security.test.context.support.WithSecurityContextTestExecutionListener@1fb77d8, org.springframework.test.context.event.EventPublishingTestExecutionListener@7c0182ee, org.springframework.security.test.context.support.ReactorContextTestExecutionListener@69a12179, org.springframework.boot.test.autoconfigure.restdocs.RestDocsTestExecutionListener@17c4dcc6, org.springframework.boot.test.autoconfigure.web.client.MockRestServiceServerResetTestExecutionListener@4ddb2c51, org.springframework.boot.test.autoconfigure.web.servlet.MockMvcPrintOnlyOnFailureTestExecutionListener@3dbdc1f6, org.springframework.boot.test.autoconfigure.web.servlet.WebDriverTestExecutionListener@5df785d1, org.springframework.boot.test.autoconfigure.webservices.client.MockWebServiceServerTestExecutionListener@6ce45045, org.springframework.boot.test.mock.mockito.ResetMocksTestExecutionListener@78c9502c]

      .   ____          _            __ _ _
     /\\ / ___'_ __ _ _(_)_ __  __ _ \ \ \ \
    ( ( )\___ | '_ | '_| | '_ \/ _` | \ \ \ \
     \\/  ___)| |_)| | | | | || (_| |  ) ) ) )
      '  |____| .__|_| |_|_| |_\__, | / / / /
     =========|_|==============|___/=/_/_/_/
     :: Spring Boot ::                (v2.6.3)

    2026-04-15 09:04:26.264  INFO 83996 --- [    Test worker] i.s.a.profile.ProfileQueryServiceTest    : Starting ProfileQueryServiceTest using Java 11.0.30 on devin-box with PID 83996 (started by ubuntu in /home/ubuntu/repos/spring-boot-realworld-example-app)
    2026-04-15 09:04:26.265  INFO 83996 --- [    Test worker] i.s.a.profile.ProfileQueryServiceTest    : The following profiles are active: test
    2026-04-15 09:04:26.467  INFO 83996 --- [    Test worker] com.zaxxer.hikari.HikariDataSource       : HikariPool-4 - Starting...
    2026-04-15 09:04:26.468  INFO 83996 --- [    Test worker] com.zaxxer.hikari.HikariDataSource       : HikariPool-4 - Start completed.
    2026-04-15 09:04:26.468  INFO 83996 --- [    Test worker] o.f.c.internal.license.VersionPrinter    : Flyway Community Edition 8.0.5 by Redgate
    2026-04-15 09:04:26.468  INFO 83996 --- [    Test worker] o.f.c.i.database.base.BaseDatabaseType   : Database: jdbc:sqlite::memory: (SQLite 3.36)
    2026-04-15 09:04:26.470  INFO 83996 --- [    Test worker] o.f.core.internal.command.DbValidate     : Successfully validated 1 migration (execution time 00:00.000s)
    2026-04-15 09:04:26.470  INFO 83996 --- [    Test worker] o.f.c.i.s.JdbcTableSchemaHistory         : Creating Schema History table "main"."flyway_schema_history" ...
    2026-04-15 09:04:26.471  INFO 83996 --- [    Test worker] o.f.core.internal.command.DbMigrate      : Current version of schema "main": << Empty Schema >>
    2026-04-15 09:04:26.474  INFO 83996 --- [    Test worker] o.f.core.internal.command.DbMigrate      : Migrating schema "main" to version "1 - create tables"
    2026-04-15 09:04:26.476  INFO 83996 --- [    Test worker] o.f.core.internal.command.DbMigrate      : Successfully applied 1 migration to schema "main", now at version v1 (execution time 00:00.004s)
    2026-04-15 09:04:26.503  INFO 83996 --- [    Test worker] i.s.a.profile.ProfileQueryServiceTest    : Started ProfileQueryServiceTest in 0.253 seconds (JVM running for 14.112)

ProfileQueryServiceTest > should_fetch_profile_success() STANDARD_OUT
    2026-04-15 09:04:26.506  INFO 83996 --- [    Test worker] o.s.t.c.transaction.TransactionContext   : Began transaction (1) for test context [DefaultTestContext@3f3e21d7 testClass = ProfileQueryServiceTest, testInstance = io.spring.application.profile.ProfileQueryServiceTest@109a4e10, testMethod = should_fetch_profile_success@ProfileQueryServiceTest, testException = [null], mergedContextConfiguration = [MergedContextConfiguration@37ea5612 testClass = ProfileQueryServiceTest, locations = '{}', classes = '{class io.spring.RealWorldApplication}', contextInitializerClasses = '[]', activeProfiles = '{test}', propertySourceLocations = '{}', propertySourceProperties = '{org.mybatis.spring.boot.test.autoconfigure.MybatisTestContextBootstrapper=true}', contextCustomizers = set[org.springframework.boot.test.autoconfigure.OverrideAutoConfigurationContextCustomizerFactory$DisableAutoConfigurationContextCustomizer@4e9bd2c8, org.springframework.boot.test.autoconfigure.actuate.metrics.MetricsExportContextCustomizerFactory$DisableMetricExportContextCustomizer@146587a2, org.springframework.boot.test.autoconfigure.filter.TypeExcludeFiltersContextCustomizer@351584c0, org.springframework.boot.test.autoconfigure.properties.PropertyMappingContextCustomizer@a3d5432f, org.springframework.boot.test.autoconfigure.web.servlet.WebDriverContextCustomizerFactory$Customizer@115667d, [ImportsContextCustomizer@2f6601f4 key = [org.springframework.boot.test.autoconfigure.jdbc.TestDatabaseAutoConfiguration, org.springframework.boot.autoconfigure.jdbc.DataSourceAutoConfiguration, org.springframework.boot.autoconfigure.cache.CacheAutoConfiguration, org.springframework.boot.autoconfigure.flyway.FlywayAutoConfiguration, org.springframework.boot.autoconfigure.jdbc.DataSourceTransactionManagerAutoConfiguration, org.springframework.boot.autoconfigure.jdbc.JdbcTemplateAutoConfiguration, org.springframework.boot.autoconfigure.liquibase.LiquibaseAutoConfiguration, org.springframework.boot.autoconfigure.transaction.TransactionAutoConfiguration, org.springframework.boot.autoconfigure.sql.init.SqlInitializationAutoConfiguration, org.mybatis.spring.boot.autoconfigure.MybatisLanguageDriverAutoConfiguration, org.mybatis.spring.boot.autoconfigure.MybatisAutoConfiguration, io.spring.application.ProfileQueryService, io.spring.infrastructure.repository.MyBatisUserRepository]], org.springframework.boot.test.context.filter.ExcludeFilterContextCustomizer@497486b3, org.springframework.boot.test.json.DuplicateJsonObjectContextCustomizerFactory$DuplicateJsonObjectContextCustomizer@6127a7e, org.springframework.boot.test.mock.mockito.MockitoContextCustomizer@0, org.springframework.boot.test.context.SpringBootTestArgs@1, org.springframework.boot.test.context.SpringBootTestWebEnvironment@0], contextLoader = 'org.springframework.boot.test.context.SpringBootContextLoader', parent = [null]], attributes = map['org.springframework.test.context.event.ApplicationEventsTestExecutionListener.recordApplicationEvents' -> false]]; transaction manager [org.springframework.jdbc.support.JdbcTransactionManager@6118ad56]; rollback [true]
    2026-04-15 09:04:26.507 DEBUG 83996 --- [    Test worker] i.s.i.m.mapper.UserMapper.findById       : ==>  Preparing: select id, username, email, password, bio, image from users where id = ?
    2026-04-15 09:04:26.508 DEBUG 83996 --- [    Test worker] i.s.i.m.mapper.UserMapper.findById       : ==> Parameters: 9e017de4-1f07-4e3e-9c21-a2a2308bfdf2(String)
    2026-04-15 09:04:26.508 DEBUG 83996 --- [    Test worker] i.s.i.mybatis.mapper.UserMapper.insert   : ==>  Preparing: insert into users (id, username, email, password, bio, image) values( ?, ?, ?, ?, ?, ? )
    2026-04-15 09:04:26.508 DEBUG 83996 --- [    Test worker] i.s.i.mybatis.mapper.UserMapper.insert   : ==> Parameters: 9e017de4-1f07-4e3e-9c21-a2a2308bfdf2(String), p(String), p@test.com(String), 123(String), (String), (String)
    2026-04-15 09:04:26.508 DEBUG 83996 --- [    Test worker] i.s.i.mybatis.mapper.UserMapper.insert   : <==    Updates: 1
    2026-04-15 09:04:26.511  INFO 83996 --- [    Test worker] o.s.t.c.transaction.TransactionContext   : Rolled back transaction for test: [DefaultTestContext@3f3e21d7 testClass = ProfileQueryServiceTest, testInstance = io.spring.application.profile.ProfileQueryServiceTest@109a4e10, testMethod = should_fetch_profile_success@ProfileQueryServiceTest, testException = [null], mergedContextConfiguration = [MergedContextConfiguration@37ea5612 testClass = ProfileQueryServiceTest, locations = '{}', classes = '{class io.spring.RealWorldApplication}', contextInitializerClasses = '[]', activeProfiles = '{test}', propertySourceLocations = '{}', propertySourceProperties = '{org.mybatis.spring.boot.test.autoconfigure.MybatisTestContextBootstrapper=true}', contextCustomizers = set[org.springframework.boot.test.autoconfigure.OverrideAutoConfigurationContextCustomizerFactory$DisableAutoConfigurationContextCustomizer@4e9bd2c8, org.springframework.boot.test.autoconfigure.actuate.metrics.MetricsExportContextCustomizerFactory$DisableMetricExportContextCustomizer@146587a2, org.springframework.boot.test.autoconfigure.filter.TypeExcludeFiltersContextCustomizer@351584c0, org.springframework.boot.test.autoconfigure.properties.PropertyMappingContextCustomizer@a3d5432f, org.springframework.boot.test.autoconfigure.web.servlet.WebDriverContextCustomizerFactory$Customizer@115667d, [ImportsContextCustomizer@2f6601f4 key = [org.springframework.boot.test.autoconfigure.jdbc.TestDatabaseAutoConfiguration, org.springframework.boot.autoconfigure.jdbc.DataSourceAutoConfiguration, org.springframework.boot.autoconfigure.cache.CacheAutoConfiguration, org.springframework.boot.autoconfigure.flyway.FlywayAutoConfiguration, org.springframework.boot.autoconfigure.jdbc.DataSourceTransactionManagerAutoConfiguration, org.springframework.boot.autoconfigure.jdbc.JdbcTemplateAutoConfiguration, org.springframework.boot.autoconfigure.liquibase.LiquibaseAutoConfiguration, org.springframework.boot.autoconfigure.transaction.TransactionAutoConfiguration, org.springframework.boot.autoconfigure.sql.init.SqlInitializationAutoConfiguration, org.mybatis.spring.boot.autoconfigure.MybatisLanguageDriverAutoConfiguration, org.mybatis.spring.boot.autoconfigure.MybatisAutoConfiguration, io.spring.application.ProfileQueryService, io.spring.infrastructure.repository.MyBatisUserRepository]], org.springframework.boot.test.context.filter.ExcludeFilterContextCustomizer@497486b3, org.springframework.boot.test.json.DuplicateJsonObjectContextCustomizerFactory$DuplicateJsonObjectContextCustomizer@6127a7e, org.springframework.boot.test.mock.mockito.MockitoContextCustomizer@0, org.springframework.boot.test.context.SpringBootTestArgs@1, org.springframework.boot.test.context.SpringBootTestWebEnvironment@0], contextLoader = 'org.springframework.boot.test.context.SpringBootContextLoader', parent = [null]], attributes = map['org.springframework.test.context.event.ApplicationEventsTestExecutionListener.recordApplicationEvents' -> false]]

TagsQueryServiceTest STANDARD_OUT
    2026-04-15 09:04:26.512  INFO 83996 --- [    Test worker] m.s.b.t.a.MybatisTestContextBootstrapper : Neither @ContextConfiguration nor @ContextHierarchy found for test class [io.spring.application.tag.TagsQueryServiceTest], using SpringBootContextLoader
    2026-04-15 09:04:26.513  INFO 83996 --- [    Test worker] o.s.t.c.support.AbstractContextLoader    : Could not detect default resource locations for test class [io.spring.application.tag.TagsQueryServiceTest]: no resource found for suffixes {-context.xml, Context.groovy}.
    2026-04-15 09:04:26.513  INFO 83996 --- [    Test worker] t.c.s.AnnotationConfigContextLoaderUtils : Could not detect default configuration classes for test class [io.spring.application.tag.TagsQueryServiceTest]: TagsQueryServiceTest does not declare any static, non-private, non-final, nested classes annotated with @Configuration.
    2026-04-15 09:04:26.516  INFO 83996 --- [    Test worker] .b.t.c.SpringBootTestContextBootstrapper : Found @SpringBootConfiguration io.spring.RealWorldApplication for test class io.spring.application.tag.TagsQueryServiceTest
    2026-04-15 09:04:26.517  INFO 83996 --- [    Test worker] m.s.b.t.a.MybatisTestContextBootstrapper : Loaded default TestExecutionListener class names from location [META-INF/spring.factories]: [org.springframework.security.test.context.support.WithSecurityContextTestExecutionListener, org.springframework.security.test.context.support.ReactorContextTestExecutionListener, org.springframework.boot.test.autoconfigure.restdocs.RestDocsTestExecutionListener, org.springframework.boot.test.autoconfigure.web.client.MockRestServiceServerResetTestExecutionListener, org.springframework.boot.test.autoconfigure.web.servlet.MockMvcPrintOnlyOnFailureTestExecutionListener, org.springframework.boot.test.autoconfigure.web.servlet.WebDriverTestExecutionListener, org.springframework.boot.test.autoconfigure.webservices.client.MockWebServiceServerTestExecutionListener, org.springframework.boot.test.mock.mockito.MockitoTestExecutionListener, org.springframework.boot.test.mock.mockito.ResetMocksTestExecutionListener, org.springframework.test.context.web.ServletTestExecutionListener, org.springframework.test.context.support.DirtiesContextBeforeModesTestExecutionListener, org.springframework.test.context.event.ApplicationEventsTestExecutionListener, org.springframework.test.context.support.DependencyInjectionTestExecutionListener, org.springframework.test.context.support.DirtiesContextTestExecutionListener, org.springframework.test.context.transaction.TransactionalTestExecutionListener, org.springframework.test.context.jdbc.SqlScriptsTestExecutionListener, org.springframework.test.context.event.EventPublishingTestExecutionListener]
    2026-04-15 09:04:26.517  INFO 83996 --- [    Test worker] m.s.b.t.a.MybatisTestContextBootstrapper : Using TestExecutionListeners: [org.springframework.test.context.web.ServletTestExecutionListener@500497e3, org.springframework.test.context.support.DirtiesContextBeforeModesTestExecutionListener@309d298, org.springframework.test.context.event.ApplicationEventsTestExecutionListener@5e5db72e, org.springframework.boot.test.mock.mockito.MockitoTestExecutionListener@7da298aa, org.springframework.boot.test.autoconfigure.SpringBootDependencyInjectionTestExecutionListener@9edb372, org.springframework.test.context.support.DirtiesContextTestExecutionListener@44bd3dc5, org.springframework.test.context.transaction.TransactionalTestExecutionListener@77ea06bb, org.springframework.test.context.jdbc.SqlScriptsTestExecutionListener@1e64a724, org.springframework.security.test.context.support.WithSecurityContextTestExecutionListener@7a76e1b9, org.springframework.test.context.event.EventPublishingTestExecutionListener@5708b827, org.springframework.security.test.context.support.ReactorContextTestExecutionListener@70f0a3a3, org.springframework.boot.test.autoconfigure.restdocs.RestDocsTestExecutionListener@4b16671e, org.springframework.boot.test.autoconfigure.web.client.MockRestServiceServerResetTestExecutionListener@6203cec, org.springframework.boot.test.autoconfigure.web.servlet.MockMvcPrintOnlyOnFailureTestExecutionListener@147b758f, org.springframework.boot.test.autoconfigure.web.servlet.WebDriverTestExecutionListener@61e33118, org.springframework.boot.test.autoconfigure.webservices.client.MockWebServiceServerTestExecutionListener@193594ad, org.springframework.boot.test.mock.mockito.ResetMocksTestExecutionListener@1ef50c3b]

      .   ____          _            __ _ _
     /\\ / ___'_ __ _ _(_)_ __  __ _ \ \ \ \
    ( ( )\___ | '_ | '_| | '_ \/ _` | \ \ \ \
     \\/  ___)| |_)| | | | | || (_| |  ) ) ) )
      '  |____| .__|_| |_|_| |_\__, | / / / /
     =========|_|==============|___/=/_/_/_/
     :: Spring Boot ::                (v2.6.3)

    2026-04-15 09:04:26.531  INFO 83996 --- [    Test worker] i.s.a.tag.TagsQueryServiceTest           : Starting TagsQueryServiceTest using Java 11.0.30 on devin-box with PID 83996 (started by ubuntu in /home/ubuntu/repos/spring-boot-realworld-example-app)
    2026-04-15 09:04:26.531  INFO 83996 --- [    Test worker] i.s.a.tag.TagsQueryServiceTest           : The following profiles are active: test
    2026-04-15 09:04:26.728  INFO 83996 --- [    Test worker] com.zaxxer.hikari.HikariDataSource       : HikariPool-5 - Starting...
    2026-04-15 09:04:26.729  INFO 83996 --- [    Test worker] com.zaxxer.hikari.HikariDataSource       : HikariPool-5 - Start completed.
    2026-04-15 09:04:26.729  INFO 83996 --- [    Test worker] o.f.c.internal.license.VersionPrinter    : Flyway Community Edition 8.0.5 by Redgate
    2026-04-15 09:04:26.729  INFO 83996 --- [    Test worker] o.f.c.i.database.base.BaseDatabaseType   : Database: jdbc:sqlite::memory: (SQLite 3.36)
    2026-04-15 09:04:26.730  INFO 83996 --- [    Test worker] o.f.core.internal.command.DbValidate     : Successfully validated 1 migration (execution time 00:00.000s)
    2026-04-15 09:04:26.730  INFO 83996 --- [    Test worker] o.f.c.i.s.JdbcTableSchemaHistory         : Creating Schema History table "main"."flyway_schema_history" ...
    2026-04-15 09:04:26.732  INFO 83996 --- [    Test worker] o.f.core.internal.command.DbMigrate      : Current version of schema "main": << Empty Schema >>
    2026-04-15 09:04:26.734  INFO 83996 --- [    Test worker] o.f.core.internal.command.DbMigrate      : Migrating schema "main" to version "1 - create tables"
    2026-04-15 09:04:26.735  INFO 83996 --- [    Test worker] o.f.core.internal.command.DbMigrate      : Successfully applied 1 migration to schema "main", now at version v1 (execution time 00:00.003s)
    2026-04-15 09:04:26.760  INFO 83996 --- [    Test worker] i.s.a.tag.TagsQueryServiceTest           : Started TagsQueryServiceTest in 0.241 seconds (JVM running for 14.369)

TagsQueryServiceTest > should_get_all_tags() STANDARD_OUT
    2026-04-15 09:04:26.765  INFO 83996 --- [    Test worker] o.s.t.c.transaction.TransactionContext   : Began transaction (1) for test context [DefaultTestContext@2a4a3668 testClass = TagsQueryServiceTest, testInstance = io.spring.application.tag.TagsQueryServiceTest@39911d6a, testMethod = should_get_all_tags@TagsQueryServiceTest, testException = [null], mergedContextConfiguration = [MergedContextConfiguration@54ad5fce testClass = TagsQueryServiceTest, locations = '{}', classes = '{class io.spring.RealWorldApplication}', contextInitializerClasses = '[]', activeProfiles = '{test}', propertySourceLocations = '{}', propertySourceProperties = '{org.mybatis.spring.boot.test.autoconfigure.MybatisTestContextBootstrapper=true}', contextCustomizers = set[org.springframework.boot.test.autoconfigure.OverrideAutoConfigurationContextCustomizerFactory$DisableAutoConfigurationContextCustomizer@4e9bd2c8, org.springframework.boot.test.autoconfigure.actuate.metrics.MetricsExportContextCustomizerFactory$DisableMetricExportContextCustomizer@146587a2, org.springframework.boot.test.autoconfigure.filter.TypeExcludeFiltersContextCustomizer@351584c0, org.springframework.boot.test.autoconfigure.properties.PropertyMappingContextCustomizer@a3d5432f, org.springframework.boot.test.autoconfigure.web.servlet.WebDriverContextCustomizerFactory$Customizer@115667d, [ImportsContextCustomizer@63b187f key = [io.spring.application.TagsQueryService, io.spring.infrastructure.repository.MyBatisArticleRepository, org.springframework.boot.test.autoconfigure.jdbc.TestDatabaseAutoConfiguration, org.springframework.boot.autoconfigure.jdbc.DataSourceAutoConfiguration, org.springframework.boot.autoconfigure.cache.CacheAutoConfiguration, org.springframework.boot.autoconfigure.flyway.FlywayAutoConfiguration, org.springframework.boot.autoconfigure.jdbc.DataSourceTransactionManagerAutoConfiguration, org.springframework.boot.autoconfigure.jdbc.JdbcTemplateAutoConfiguration, org.springframework.boot.autoconfigure.liquibase.LiquibaseAutoConfiguration, org.springframework.boot.autoconfigure.transaction.TransactionAutoConfiguration, org.springframework.boot.autoconfigure.sql.init.SqlInitializationAutoConfiguration, org.mybatis.spring.boot.autoconfigure.MybatisLanguageDriverAutoConfiguration, org.mybatis.spring.boot.autoconfigure.MybatisAutoConfiguration]], org.springframework.boot.test.context.filter.ExcludeFilterContextCustomizer@497486b3, org.springframework.boot.test.json.DuplicateJsonObjectContextCustomizerFactory$DuplicateJsonObjectContextCustomizer@6127a7e, org.springframework.boot.test.mock.mockito.MockitoContextCustomizer@0, org.springframework.boot.test.context.SpringBootTestArgs@1, org.springframework.boot.test.context.SpringBootTestWebEnvironment@0], contextLoader = 'org.springframework.boot.test.context.SpringBootContextLoader', parent = [null]], attributes = map['org.springframework.test.context.event.ApplicationEventsTestExecutionListener.recordApplicationEvents' -> false]]; transaction manager [org.springframework.jdbc.support.JdbcTransactionManager@7d3987a6]; rollback [true]
    2026-04-15 09:04:26.767 DEBUG 83996 --- [    Test worker] i.s.i.m.mapper.ArticleMapper.findById    : ==>  Preparing: select A.id articleId, A.slug articleSlug, A.title articleTitle, A.description articleDescription, A.body articleBody, A.user_id articleUserId, A.created_at articleCreatedAt, A.updated_at articleUpdatedAt, T.id tagId, T.name tagName from articles A left join article_tags AT on A.id = AT.article_id left join tags T on T.id = AT.tag_id where A.id = ?
    2026-04-15 09:04:26.767 DEBUG 83996 --- [    Test worker] i.s.i.m.mapper.ArticleMapper.findById    : ==> Parameters: 0681c4fa-5b83-4ca8-ac68-d13978ce7043(String)
    2026-04-15 09:04:26.768 DEBUG 83996 --- [    Test worker] i.s.i.m.mapper.ArticleMapper.findTag     : ==>  Preparing: select id, name from tags where name = ?
    2026-04-15 09:04:26.768 DEBUG 83996 --- [    Test worker] i.s.i.m.mapper.ArticleMapper.findTag     : ==> Parameters: java(String)
    2026-04-15 09:04:26.768 DEBUG 83996 --- [    Test worker] i.s.i.m.mapper.ArticleMapper.insertTag   : ==>  Preparing: insert into tags (id, name) values (?, ?)
    2026-04-15 09:04:26.768 DEBUG 83996 --- [    Test worker] i.s.i.m.mapper.ArticleMapper.insertTag   : ==> Parameters: d4f380ba-0c67-47a5-b197-cade3ee4e856(String), java(String)
    2026-04-15 09:04:26.768 DEBUG 83996 --- [    Test worker] i.s.i.m.mapper.ArticleMapper.insertTag   : <==    Updates: 1
    2026-04-15 09:04:26.768 DEBUG 83996 --- [    Test worker] i.s.i.m.m.A.insertArticleTagRelation     : ==>  Preparing: insert into article_tags (article_id, tag_id) values(?, ?)
    2026-04-15 09:04:26.768 DEBUG 83996 --- [    Test worker] i.s.i.m.m.A.insertArticleTagRelation     : ==> Parameters: 0681c4fa-5b83-4ca8-ac68-d13978ce7043(String), d4f380ba-0c67-47a5-b197-cade3ee4e856(String)
    2026-04-15 09:04:26.768 DEBUG 83996 --- [    Test worker] i.s.i.m.m.A.insertArticleTagRelation     : <==    Updates: 1
    2026-04-15 09:04:26.769 DEBUG 83996 --- [    Test worker] i.s.i.m.mapper.ArticleMapper.insert      : ==>  Preparing: insert into articles(id, slug, title, description, body, user_id, created_at, updated_at) values( ?, ?, ?, ?, ?, ?, ?, ?)
    2026-04-15 09:04:26.769 DEBUG 83996 --- [    Test worker] i.s.i.m.mapper.ArticleMapper.insert      : ==> Parameters: 0681c4fa-5b83-4ca8-ac68-d13978ce7043(String), test(String), test(String), test(String), test(String), 123(String), 2026-04-15 09:04:26.766(Timestamp), 2026-04-15 09:04:26.766(Timestamp)
    2026-04-15 09:04:26.769 DEBUG 83996 --- [    Test worker] i.s.i.m.mapper.ArticleMapper.insert      : <==    Updates: 1
    2026-04-15 09:04:26.771  INFO 83996 --- [    Test worker] o.s.t.c.transaction.TransactionContext   : Rolled back transaction for test: [DefaultTestContext@2a4a3668 testClass = TagsQueryServiceTest, testInstance = io.spring.application.tag.TagsQueryServiceTest@39911d6a, testMethod = should_get_all_tags@TagsQueryServiceTest, testException = [null], mergedContextConfiguration = [MergedContextConfiguration@54ad5fce testClass = TagsQueryServiceTest, locations = '{}', classes = '{class io.spring.RealWorldApplication}', contextInitializerClasses = '[]', activeProfiles = '{test}', propertySourceLocations = '{}', propertySourceProperties = '{org.mybatis.spring.boot.test.autoconfigure.MybatisTestContextBootstrapper=true}', contextCustomizers = set[org.springframework.boot.test.autoconfigure.OverrideAutoConfigurationContextCustomizerFactory$DisableAutoConfigurationContextCustomizer@4e9bd2c8, org.springframework.boot.test.autoconfigure.actuate.metrics.MetricsExportContextCustomizerFactory$DisableMetricExportContextCustomizer@146587a2, org.springframework.boot.test.autoconfigure.filter.TypeExcludeFiltersContextCustomizer@351584c0, org.springframework.boot.test.autoconfigure.properties.PropertyMappingContextCustomizer@a3d5432f, org.springframework.boot.test.autoconfigure.web.servlet.WebDriverContextCustomizerFactory$Customizer@115667d, [ImportsContextCustomizer@63b187f key = [io.spring.application.TagsQueryService, io.spring.infrastructure.repository.MyBatisArticleRepository, org.springframework.boot.test.autoconfigure.jdbc.TestDatabaseAutoConfiguration, org.springframework.boot.autoconfigure.jdbc.DataSourceAutoConfiguration, org.springframework.boot.autoconfigure.cache.CacheAutoConfiguration, org.springframework.boot.autoconfigure.flyway.FlywayAutoConfiguration, org.springframework.boot.autoconfigure.jdbc.DataSourceTransactionManagerAutoConfiguration, org.springframework.boot.autoconfigure.jdbc.JdbcTemplateAutoConfiguration, org.springframework.boot.autoconfigure.liquibase.LiquibaseAutoConfiguration, org.springframework.boot.autoconfigure.transaction.TransactionAutoConfiguration, org.springframework.boot.autoconfigure.sql.init.SqlInitializationAutoConfiguration, org.mybatis.spring.boot.autoconfigure.MybatisLanguageDriverAutoConfiguration, org.mybatis.spring.boot.autoconfigure.MybatisAutoConfiguration]], org.springframework.boot.test.context.filter.ExcludeFilterContextCustomizer@497486b3, org.springframework.boot.test.json.DuplicateJsonObjectContextCustomizerFactory$DuplicateJsonObjectContextCustomizer@6127a7e, org.springframework.boot.test.mock.mockito.MockitoContextCustomizer@0, org.springframework.boot.test.context.SpringBootTestArgs@1, org.springframework.boot.test.context.SpringBootTestWebEnvironment@0], contextLoader = 'org.springframework.boot.test.context.SpringBootContextLoader', parent = [null]], attributes = map['org.springframework.test.context.event.ApplicationEventsTestExecutionListener.recordApplicationEvents' -> false]]

ArticleRepositoryTransactionTest STANDARD_OUT
    2026-04-15 09:04:26.776  INFO 83996 --- [    Test worker] .b.t.c.SpringBootTestContextBootstrapper : Neither @ContextConfiguration nor @ContextHierarchy found for test class [io.spring.infrastructure.article.ArticleRepositoryTransactionTest], using SpringBootContextLoader
    2026-04-15 09:04:26.777  INFO 83996 --- [    Test worker] o.s.t.c.support.AbstractContextLoader    : Could not detect default resource locations for test class [io.spring.infrastructure.article.ArticleRepositoryTransactionTest]: no resource found for suffixes {-context.xml, Context.groovy}.
    2026-04-15 09:04:26.777  INFO 83996 --- [    Test worker] t.c.s.AnnotationConfigContextLoaderUtils : Could not detect default configuration classes for test class [io.spring.infrastructure.article.ArticleRepositoryTransactionTest]: ArticleRepositoryTransactionTest does not declare any static, non-private, non-final, nested classes annotated with @Configuration.
    2026-04-15 09:04:26.784  INFO 83996 --- [    Test worker] .b.t.c.SpringBootTestContextBootstrapper : Found @SpringBootConfiguration io.spring.RealWorldApplication for test class io.spring.infrastructure.article.ArticleRepositoryTransactionTest
    2026-04-15 09:04:26.785  INFO 83996 --- [    Test worker] .b.t.c.SpringBootTestContextBootstrapper : Loaded default TestExecutionListener class names from location [META-INF/spring.factories]: [org.springframework.security.test.context.support.WithSecurityContextTestExecutionListener, org.springframework.security.test.context.support.ReactorContextTestExecutionListener, org.springframework.boot.test.autoconfigure.restdocs.RestDocsTestExecutionListener, org.springframework.boot.test.autoconfigure.web.client.MockRestServiceServerResetTestExecutionListener, org.springframework.boot.test.autoconfigure.web.servlet.MockMvcPrintOnlyOnFailureTestExecutionListener, org.springframework.boot.test.autoconfigure.web.servlet.WebDriverTestExecutionListener, org.springframework.boot.test.autoconfigure.webservices.client.MockWebServiceServerTestExecutionListener, org.springframework.boot.test.mock.mockito.MockitoTestExecutionListener, org.springframework.boot.test.mock.mockito.ResetMocksTestExecutionListener, org.springframework.test.context.web.ServletTestExecutionListener, org.springframework.test.context.support.DirtiesContextBeforeModesTestExecutionListener, org.springframework.test.context.event.ApplicationEventsTestExecutionListener, org.springframework.test.context.support.DependencyInjectionTestExecutionListener, org.springframework.test.context.support.DirtiesContextTestExecutionListener, org.springframework.test.context.transaction.TransactionalTestExecutionListener, org.springframework.test.context.jdbc.SqlScriptsTestExecutionListener, org.springframework.test.context.event.EventPublishingTestExecutionListener]
    2026-04-15 09:04:26.786  INFO 83996 --- [    Test worker] .b.t.c.SpringBootTestContextBootstrapper : Using TestExecutionListeners: [org.springframework.test.context.web.ServletTestExecutionListener@6a56a99a, org.springframework.test.context.support.DirtiesContextBeforeModesTestExecutionListener@1d900d84, org.springframework.test.context.event.ApplicationEventsTestExecutionListener@3e13f2c8, org.springframework.boot.test.mock.mockito.MockitoTestExecutionListener@64a16a10, org.springframework.boot.test.autoconfigure.SpringBootDependencyInjectionTestExecutionListener@3b641567, org.springframework.test.context.support.DirtiesContextTestExecutionListener@2685c3a2, org.springframework.test.context.transaction.TransactionalTestExecutionListener@7a1f008, org.springframework.test.context.jdbc.SqlScriptsTestExecutionListener@68bffb06, org.springframework.security.test.context.support.WithSecurityContextTestExecutionListener@736b145b, org.springframework.test.context.event.EventPublishingTestExecutionListener@7bfb5147, org.springframework.security.test.context.support.ReactorContextTestExecutionListener@7352cf80, org.springframework.boot.test.autoconfigure.restdocs.RestDocsTestExecutionListener@64a27d27, org.springframework.boot.test.autoconfigure.web.client.MockRestServiceServerResetTestExecutionListener@4f407424, org.springframework.boot.test.autoconfigure.web.servlet.MockMvcPrintOnlyOnFailureTestExecutionListener@6e9065e2, org.springframework.boot.test.autoconfigure.web.servlet.WebDriverTestExecutionListener@bdb997f, org.springframework.boot.test.autoconfigure.webservices.client.MockWebServiceServerTestExecutionListener@7ce78666, org.springframework.boot.test.mock.mockito.ResetMocksTestExecutionListener@304a2c8a]

      .   ____          _            __ _ _
     /\\ / ___'_ __ _ _(_)_ __  __ _ \ \ \ \
    ( ( )\___ | '_ | '_| | '_ \/ _` | \ \ \ \
     \\/  ___)| |_)| | | | | || (_| |  ) ) ) )
      '  |____| .__|_| |_|_| |_\__, | / / / /
     =========|_|==============|___/=/_/_/_/
     :: Spring Boot ::                (v2.6.3)

    2026-04-15 09:04:26.801  INFO 83996 --- [    Test worker] i.s.i.a.ArticleRepositoryTransactionTest : Starting ArticleRepositoryTransactionTest using Java 11.0.30 on devin-box with PID 83996 (started by ubuntu in /home/ubuntu/repos/spring-boot-realworld-example-app)
    2026-04-15 09:04:26.802  INFO 83996 --- [    Test worker] i.s.i.a.ArticleRepositoryTransactionTest : The following profiles are active: test
    2026-04-15 09:04:27.124  INFO 83996 --- [    Test worker] .s.s.UserDetailsServiceAutoConfiguration : 

    Using generated security password: 6085eb50-5524-49b1-b433-6ec8cb48d5c4

    2026-04-15 09:04:27.155  INFO 83996 --- [    Test worker] o.s.s.web.DefaultSecurityFilterChain     : Will secure any request with [org.springframework.security.web.context.request.async.WebAsyncManagerIntegrationFilter@6de7c6bd, org.springframework.security.web.context.SecurityContextPersistenceFilter@4ce6f39e, org.springframework.security.web.header.HeaderWriterFilter@74d56a25, org.springframework.web.filter.CorsFilter@4355f7b6, org.springframework.security.web.authentication.logout.LogoutFilter@6e79cc31, io.spring.api.security.JwtTokenFilter@5ce50896, org.springframework.security.web.savedrequest.RequestCacheAwareFilter@68f2ccb2, org.springframework.security.web.servletapi.SecurityContextHolderAwareRequestFilter@37a907cb, org.springframework.security.web.authentication.AnonymousAuthenticationFilter@4071aa13, org.springframework.security.web.session.SessionManagementFilter@66589578, org.springframework.security.web.access.ExceptionTranslationFilter@2981a626, org.springframework.security.web.access.intercept.FilterSecurityInterceptor@3385f1a8]
    2026-04-15 09:04:27.288  INFO 83996 --- [    Test worker] com.zaxxer.hikari.HikariDataSource       : HikariPool-6 - Starting...
    2026-04-15 09:04:27.289  INFO 83996 --- [    Test worker] com.zaxxer.hikari.HikariDataSource       : HikariPool-6 - Start completed.
    2026-04-15 09:04:27.290  INFO 83996 --- [    Test worker] o.f.c.internal.license.VersionPrinter    : Flyway Community Edition 8.0.5 by Redgate
    2026-04-15 09:04:27.290  INFO 83996 --- [    Test worker] o.f.c.i.database.base.BaseDatabaseType   : Database: jdbc:sqlite::memory: (SQLite 3.36)
    2026-04-15 09:04:27.291  INFO 83996 --- [    Test worker] o.f.core.internal.command.DbValidate     : Successfully validated 1 migration (execution time 00:00.000s)
    2026-04-15 09:04:27.291  INFO 83996 --- [    Test worker] o.f.c.i.s.JdbcTableSchemaHistory         : Creating Schema History table "main"."flyway_schema_history" ...
    2026-04-15 09:04:27.292  INFO 83996 --- [    Test worker] o.f.core.internal.command.DbMigrate      : Current version of schema "main": << Empty Schema >>
    2026-04-15 09:04:27.294  INFO 83996 --- [    Test worker] o.f.core.internal.command.DbMigrate      : Migrating schema "main" to version "1 - create tables"
    2026-04-15 09:04:27.295  INFO 83996 --- [    Test worker] o.f.core.internal.command.DbMigrate      : Successfully applied 1 migration to schema "main", now at version v1 (execution time 00:00.003s)
    2026-04-15 09:04:27.340  INFO 83996 --- [    Test worker] i.s.i.a.ArticleRepositoryTransactionTest : Started ArticleRepositoryTransactionTest in 0.552 seconds (JVM running for 14.948)

ArticleRepositoryTransactionTest > transactional_test() STANDARD_OUT
    2026-04-15 09:04:27.347 DEBUG 83996 --- [    Test worker] i.s.i.m.mapper.UserMapper.findById       : ==>  Preparing: select id, username, email, password, bio, image from users where id = ?
    2026-04-15 09:04:27.347 DEBUG 83996 --- [    Test worker] i.s.i.m.mapper.UserMapper.findById       : ==> Parameters: 85c4c8a4-5c63-47c1-b148-5a65c201b188(String)
    2026-04-15 09:04:27.348 DEBUG 83996 --- [    Test worker] i.s.i.mybatis.mapper.UserMapper.insert   : ==>  Preparing: insert into users (id, username, email, password, bio, image) values( ?, ?, ?, ?, ?, ? )
    2026-04-15 09:04:27.348 DEBUG 83996 --- [    Test worker] i.s.i.mybatis.mapper.UserMapper.insert   : ==> Parameters: 85c4c8a4-5c63-47c1-b148-5a65c201b188(String), aisensiy(String), aisensiy@gmail.com(String), 123(String), bio(String), default(String)
    2026-04-15 09:04:27.348 DEBUG 83996 --- [    Test worker] i.s.i.mybatis.mapper.UserMapper.insert   : <==    Updates: 1
    2026-04-15 09:04:27.349 DEBUG 83996 --- [    Test worker] i.s.i.m.mapper.ArticleMapper.findById    : ==>  Preparing: select A.id articleId, A.slug articleSlug, A.title articleTitle, A.description articleDescription, A.body articleBody, A.user_id articleUserId, A.created_at articleCreatedAt, A.updated_at articleUpdatedAt, T.id tagId, T.name tagName from articles A left join article_tags AT on A.id = AT.article_id left join tags T on T.id = AT.tag_id where A.id = ?
    2026-04-15 09:04:27.350 DEBUG 83996 --- [    Test worker] i.s.i.m.mapper.ArticleMapper.findById    : ==> Parameters: d18fb74d-fa42-441e-ae97-97f0625b8f26(String)
    2026-04-15 09:04:27.350 DEBUG 83996 --- [    Test worker] i.s.i.m.mapper.ArticleMapper.findTag     : ==>  Preparing: select id, name from tags where name = ?
    2026-04-15 09:04:27.350 DEBUG 83996 --- [    Test worker] i.s.i.m.mapper.ArticleMapper.findTag     : ==> Parameters: spring(String)
    2026-04-15 09:04:27.350 DEBUG 83996 --- [    Test worker] i.s.i.m.mapper.ArticleMapper.insertTag   : ==>  Preparing: insert into tags (id, name) values (?, ?)
    2026-04-15 09:04:27.350 DEBUG 83996 --- [    Test worker] i.s.i.m.mapper.ArticleMapper.insertTag   : ==> Parameters: 792e861e-e4a5-48e5-b257-bd9ad17b9ca6(String), spring(String)
    2026-04-15 09:04:27.350 DEBUG 83996 --- [    Test worker] i.s.i.m.mapper.ArticleMapper.insertTag   : <==    Updates: 1
    2026-04-15 09:04:27.351 DEBUG 83996 --- [    Test worker] i.s.i.m.m.A.insertArticleTagRelation     : ==>  Preparing: insert into article_tags (article_id, tag_id) values(?, ?)
    2026-04-15 09:04:27.351 DEBUG 83996 --- [    Test worker] i.s.i.m.m.A.insertArticleTagRelation     : ==> Parameters: d18fb74d-fa42-441e-ae97-97f0625b8f26(String), 792e861e-e4a5-48e5-b257-bd9ad17b9ca6(String)
    2026-04-15 09:04:27.351 DEBUG 83996 --- [    Test worker] i.s.i.m.m.A.insertArticleTagRelation     : <==    Updates: 1
    2026-04-15 09:04:27.351 DEBUG 83996 --- [    Test worker] i.s.i.m.mapper.ArticleMapper.findTag     : ==>  Preparing: select id, name from tags where name = ?
    2026-04-15 09:04:27.351 DEBUG 83996 --- [    Test worker] i.s.i.m.mapper.ArticleMapper.findTag     : ==> Parameters: java(String)
    2026-04-15 09:04:27.351 DEBUG 83996 --- [    Test worker] i.s.i.m.mapper.ArticleMapper.insertTag   : ==>  Preparing: insert into tags (id, name) values (?, ?)
    2026-04-15 09:04:27.351 DEBUG 83996 --- [    Test worker] i.s.i.m.mapper.ArticleMapper.insertTag   : ==> Parameters: 59d52053-554a-47f9-b7f4-c68b276ed2a8(String), java(String)
    2026-04-15 09:04:27.351 DEBUG 83996 --- [    Test worker] i.s.i.m.mapper.ArticleMapper.insertTag   : <==    Updates: 1
    2026-04-15 09:04:27.351 DEBUG 83996 --- [    Test worker] i.s.i.m.m.A.insertArticleTagRelation     : ==>  Preparing: insert into article_tags (article_id, tag_id) values(?, ?)
    2026-04-15 09:04:27.351 DEBUG 83996 --- [    Test worker] i.s.i.m.m.A.insertArticleTagRelation     : ==> Parameters: d18fb74d-fa42-441e-ae97-97f0625b8f26(String), 59d52053-554a-47f9-b7f4-c68b276ed2a8(String)
    2026-04-15 09:04:27.351 DEBUG 83996 --- [    Test worker] i.s.i.m.m.A.insertArticleTagRelation     : <==    Updates: 1
    2026-04-15 09:04:27.352 DEBUG 83996 --- [    Test worker] i.s.i.m.mapper.ArticleMapper.insert      : ==>  Preparing: insert into articles(id, slug, title, description, body, user_id, created_at, updated_at) values( ?, ?, ?, ?, ?, ?, ?, ?)
    2026-04-15 09:04:27.352 DEBUG 83996 --- [    Test worker] i.s.i.m.mapper.ArticleMapper.insert      : ==> Parameters: d18fb74d-fa42-441e-ae97-97f0625b8f26(String), test(String), test(String), desc(String), body(String), 85c4c8a4-5c63-47c1-b148-5a65c201b188(String), 2026-04-15 09:04:27.348(Timestamp), 2026-04-15 09:04:27.348(Timestamp)
    2026-04-15 09:04:27.352 DEBUG 83996 --- [    Test worker] i.s.i.m.mapper.ArticleMapper.insert      : <==    Updates: 1
    2026-04-15 09:04:27.353 DEBUG 83996 --- [    Test worker] i.s.i.m.mapper.ArticleMapper.findById    : ==>  Preparing: select A.id articleId, A.slug articleSlug, A.title articleTitle, A.description articleDescription, A.body articleBody, A.user_id articleUserId, A.created_at articleCreatedAt, A.updated_at articleUpdatedAt, T.id tagId, T.name tagName from articles A left join article_tags AT on A.id = AT.article_id left join tags T on T.id = AT.tag_id where A.id = ?
    2026-04-15 09:04:27.353 DEBUG 83996 --- [    Test worker] i.s.i.m.mapper.ArticleMapper.findById    : ==> Parameters: 108fd7cf-29c0-4518-a74f-70009ed77170(String)
    2026-04-15 09:04:27.353 DEBUG 83996 --- [    Test worker] i.s.i.m.mapper.ArticleMapper.findTag     : ==>  Preparing: select id, name from tags where name = ?
    2026-04-15 09:04:27.353 DEBUG 83996 --- [    Test worker] i.s.i.m.mapper.ArticleMapper.findTag     : ==> Parameters: spring(String)
    2026-04-15 09:04:27.354 DEBUG 83996 --- [    Test worker] i.s.i.m.mapper.ArticleMapper.findTag     : <==      Total: 1
    2026-04-15 09:04:27.354 DEBUG 83996 --- [    Test worker] i.s.i.m.m.A.insertArticleTagRelation     : ==>  Preparing: insert into article_tags (article_id, tag_id) values(?, ?)
    2026-04-15 09:04:27.354 DEBUG 83996 --- [    Test worker] i.s.i.m.m.A.insertArticleTagRelation     : ==> Parameters: 108fd7cf-29c0-4518-a74f-70009ed77170(String), 792e861e-e4a5-48e5-b257-bd9ad17b9ca6(String)
    2026-04-15 09:04:27.354 DEBUG 83996 --- [    Test worker] i.s.i.m.m.A.insertArticleTagRelation     : <==    Updates: 1
    2026-04-15 09:04:27.354 DEBUG 83996 --- [    Test worker] i.s.i.m.mapper.ArticleMapper.findTag     : ==>  Preparing: select id, name from tags where name = ?
    2026-04-15 09:04:27.354 DEBUG 83996 --- [    Test worker] i.s.i.m.mapper.ArticleMapper.findTag     : ==> Parameters: other(String)
    2026-04-15 09:04:27.354 DEBUG 83996 --- [    Test worker] i.s.i.m.mapper.ArticleMapper.insertTag   : ==>  Preparing: insert into tags (id, name) values (?, ?)
    2026-04-15 09:04:27.354 DEBUG 83996 --- [    Test worker] i.s.i.m.mapper.ArticleMapper.insertTag   : ==> Parameters: 50a1d259-5301-4cb8-9195-5f8e6beb8965(String), other(String)
    2026-04-15 09:04:27.354 DEBUG 83996 --- [    Test worker] i.s.i.m.mapper.ArticleMapper.insertTag   : <==    Updates: 1
    2026-04-15 09:04:27.354 DEBUG 83996 --- [    Test worker] i.s.i.m.m.A.insertArticleTagRelation     : ==>  Preparing: insert into article_tags (article_id, tag_id) values(?, ?)
    2026-04-15 09:04:27.354 DEBUG 83996 --- [    Test worker] i.s.i.m.m.A.insertArticleTagRelation     : ==> Parameters: 108fd7cf-29c0-4518-a74f-70009ed77170(String), 50a1d259-5301-4cb8-9195-5f8e6beb8965(String)
    2026-04-15 09:04:27.354 DEBUG 83996 --- [    Test worker] i.s.i.m.m.A.insertArticleTagRelation     : <==    Updates: 1
    2026-04-15 09:04:27.354 DEBUG 83996 --- [    Test worker] i.s.i.m.mapper.ArticleMapper.findTag     : ==>  Preparing: select id, name from tags where name = ?
    2026-04-15 09:04:27.354 DEBUG 83996 --- [    Test worker] i.s.i.m.mapper.ArticleMapper.findTag     : ==> Parameters: java(String)
    2026-04-15 09:04:27.355 DEBUG 83996 --- [    Test worker] i.s.i.m.mapper.ArticleMapper.findTag     : <==      Total: 1
    2026-04-15 09:04:27.355 DEBUG 83996 --- [    Test worker] i.s.i.m.m.A.insertArticleTagRelation     : ==>  Preparing: insert into article_tags (article_id, tag_id) values(?, ?)
    2026-04-15 09:04:27.355 DEBUG 83996 --- [    Test worker] i.s.i.m.m.A.insertArticleTagRelation     : ==> Parameters: 108fd7cf-29c0-4518-a74f-70009ed77170(String), 59d52053-554a-47f9-b7f4-c68b276ed2a8(String)
    2026-04-15 09:04:27.355 DEBUG 83996 --- [    Test worker] i.s.i.m.m.A.insertArticleTagRelation     : <==    Updates: 1
    2026-04-15 09:04:27.355 DEBUG 83996 --- [    Test worker] i.s.i.m.mapper.ArticleMapper.insert      : ==>  Preparing: insert into articles(id, slug, title, description, body, user_id, created_at, updated_at) values( ?, ?, ?, ?, ?, ?, ?, ?)
    2026-04-15 09:04:27.356 DEBUG 83996 --- [    Test worker] i.s.i.m.mapper.ArticleMapper.insert      : ==> Parameters: 108fd7cf-29c0-4518-a74f-70009ed77170(String), test(String), test(String), desc(String), body(String), 85c4c8a4-5c63-47c1-b148-5a65c201b188(String), 2026-04-15 09:04:27.352(Timestamp), 2026-04-15 09:04:27.352(Timestamp)
    2026-04-15 09:04:27.394 DEBUG 83996 --- [    Test worker] i.s.i.m.mapper.ArticleMapper.findTag     : ==>  Preparing: select id, name from tags where name = ?
    2026-04-15 09:04:27.394 DEBUG 83996 --- [    Test worker] i.s.i.m.mapper.ArticleMapper.findTag     : ==> Parameters: other(String)

MyBatisArticleRepositoryTest STANDARD_OUT
    2026-04-15 09:04:27.399  INFO 83996 --- [    Test worker] m.s.b.t.a.MybatisTestContextBootstrapper : Neither @ContextConfiguration nor @ContextHierarchy found for test class [io.spring.infrastructure.article.MyBatisArticleRepositoryTest], using SpringBootContextLoader
    2026-04-15 09:04:27.399  INFO 83996 --- [    Test worker] o.s.t.c.support.AbstractContextLoader    : Could not detect default resource locations for test class [io.spring.infrastructure.article.MyBatisArticleRepositoryTest]: no resource found for suffixes {-context.xml, Context.groovy}.
    2026-04-15 09:04:27.399  INFO 83996 --- [    Test worker] t.c.s.AnnotationConfigContextLoaderUtils : Could not detect default configuration classes for test class [io.spring.infrastructure.article.MyBatisArticleRepositoryTest]: MyBatisArticleRepositoryTest does not declare any static, non-private, non-final, nested classes annotated with @Configuration.
    2026-04-15 09:04:27.401  INFO 83996 --- [    Test worker] .b.t.c.SpringBootTestContextBootstrapper : Found @SpringBootConfiguration io.spring.RealWorldApplication for test class io.spring.infrastructure.article.MyBatisArticleRepositoryTest
    2026-04-15 09:04:27.401  INFO 83996 --- [    Test worker] m.s.b.t.a.MybatisTestContextBootstrapper : Loaded default TestExecutionListener class names from location [META-INF/spring.factories]: [org.springframework.security.test.context.support.WithSecurityContextTestExecutionListener, org.springframework.security.test.context.support.ReactorContextTestExecutionListener, org.springframework.boot.test.autoconfigure.restdocs.RestDocsTestExecutionListener, org.springframework.boot.test.autoconfigure.web.client.MockRestServiceServerResetTestExecutionListener, org.springframework.boot.test.autoconfigure.web.servlet.MockMvcPrintOnlyOnFailureTestExecutionListener, org.springframework.boot.test.autoconfigure.web.servlet.WebDriverTestExecutionListener, org.springframework.boot.test.autoconfigure.webservices.client.MockWebServiceServerTestExecutionListener, org.springframework.boot.test.mock.mockito.MockitoTestExecutionListener, org.springframework.boot.test.mock.mockito.ResetMocksTestExecutionListener, org.springframework.test.context.web.ServletTestExecutionListener, org.springframework.test.context.support.DirtiesContextBeforeModesTestExecutionListener, org.springframework.test.context.event.ApplicationEventsTestExecutionListener, org.springframework.test.context.support.DependencyInjectionTestExecutionListener, org.springframework.test.context.support.DirtiesContextTestExecutionListener, org.springframework.test.context.transaction.TransactionalTestExecutionListener, org.springframework.test.context.jdbc.SqlScriptsTestExecutionListener, org.springframework.test.context.event.EventPublishingTestExecutionListener]
    2026-04-15 09:04:27.401  INFO 83996 --- [    Test worker] m.s.b.t.a.MybatisTestContextBootstrapper : Using TestExecutionListeners: [org.springframework.test.context.web.ServletTestExecutionListener@59ba219d, org.springframework.test.context.support.DirtiesContextBeforeModesTestExecutionListener@5cf69333, org.springframework.test.context.event.ApplicationEventsTestExecutionListener@79611f57, org.springframework.boot.test.mock.mockito.MockitoTestExecutionListener@38e10ff0, org.springframework.boot.test.autoconfigure.SpringBootDependencyInjectionTestExecutionListener@30df67b8, org.springframework.test.context.support.DirtiesContextTestExecutionListener@58d8059b, org.springframework.test.context.transaction.TransactionalTestExecutionListener@29323270, org.springframework.test.context.jdbc.SqlScriptsTestExecutionListener@191c2629, org.springframework.security.test.context.support.WithSecurityContextTestExecutionListener@52357015, org.springframework.test.context.event.EventPublishingTestExecutionListener@4a595315, org.springframework.security.test.context.support.ReactorContextTestExecutionListener@7240599c, org.springframework.boot.test.autoconfigure.restdocs.RestDocsTestExecutionListener@a151493, org.springframework.boot.test.autoconfigure.web.client.MockRestServiceServerResetTestExecutionListener@7359781c, org.springframework.boot.test.autoconfigure.web.servlet.MockMvcPrintOnlyOnFailureTestExecutionListener@73985c99, org.springframework.boot.test.autoconfigure.web.servlet.WebDriverTestExecutionListener@36477cf, org.springframework.boot.test.autoconfigure.webservices.client.MockWebServiceServerTestExecutionListener@21775abc, org.springframework.boot.test.mock.mockito.ResetMocksTestExecutionListener@19d65f16]

      .   ____          _            __ _ _
     /\\ / ___'_ __ _ _(_)_ __  __ _ \ \ \ \
    ( ( )\___ | '_ | '_| | '_ \/ _` | \ \ \ \
     \\/  ___)| |_)| | | | | || (_| |  ) ) ) )
      '  |____| .__|_| |_|_| |_\__, | / / / /
     =========|_|==============|___/=/_/_/_/
     :: Spring Boot ::                (v2.6.3)

    2026-04-15 09:04:27.413  INFO 83996 --- [    Test worker] i.s.i.a.MyBatisArticleRepositoryTest     : Starting MyBatisArticleRepositoryTest using Java 11.0.30 on devin-box with PID 83996 (started by ubuntu in /home/ubuntu/repos/spring-boot-realworld-example-app)
    2026-04-15 09:04:27.414  INFO 83996 --- [    Test worker] i.s.i.a.MyBatisArticleRepositoryTest     : The following profiles are active: test
    2026-04-15 09:04:27.611  INFO 83996 --- [    Test worker] com.zaxxer.hikari.HikariDataSource       : HikariPool-7 - Starting...
    2026-04-15 09:04:27.611  INFO 83996 --- [    Test worker] com.zaxxer.hikari.HikariDataSource       : HikariPool-7 - Start completed.
    2026-04-15 09:04:27.612  INFO 83996 --- [    Test worker] o.f.c.internal.license.VersionPrinter    : Flyway Community Edition 8.0.5 by Redgate
    2026-04-15 09:04:27.612  INFO 83996 --- [    Test worker] o.f.c.i.database.base.BaseDatabaseType   : Database: jdbc:sqlite::memory: (SQLite 3.36)
    2026-04-15 09:04:27.613  INFO 83996 --- [    Test worker] o.f.core.internal.command.DbValidate     : Successfully validated 1 migration (execution time 00:00.000s)
    2026-04-15 09:04:27.613  INFO 83996 --- [    Test worker] o.f.c.i.s.JdbcTableSchemaHistory         : Creating Schema History table "main"."flyway_schema_history" ...
    2026-04-15 09:04:27.615  INFO 83996 --- [    Test worker] o.f.core.internal.command.DbMigrate      : Current version of schema "main": << Empty Schema >>
    2026-04-15 09:04:27.616  INFO 83996 --- [    Test worker] o.f.core.internal.command.DbMigrate      : Migrating schema "main" to version "1 - create tables"
    2026-04-15 09:04:27.618  INFO 83996 --- [    Test worker] o.f.core.internal.command.DbMigrate      : Successfully applied 1 migration to schema "main", now at version v1 (execution time 00:00.003s)
    2026-04-15 09:04:27.636  INFO 83996 --- [    Test worker] i.s.i.a.MyBatisArticleRepositoryTest     : Started MyBatisArticleRepositoryTest in 0.233 seconds (JVM running for 15.245)

MyBatisArticleRepositoryTest > should_update_and_fetch_article_success() STANDARD_OUT
    2026-04-15 09:04:27.638  INFO 83996 --- [    Test worker] o.s.t.c.transaction.TransactionContext   : Began transaction (1) for test context [DefaultTestContext@238d045a testClass = MyBatisArticleRepositoryTest, testInstance = io.spring.infrastructure.article.MyBatisArticleRepositoryTest@1706a95b, testMethod = should_update_and_fetch_article_success@MyBatisArticleRepositoryTest, testException = [null], mergedContextConfiguration = [MergedContextConfiguration@55d41b85 testClass = MyBatisArticleRepositoryTest, locations = '{}', classes = '{class io.spring.RealWorldApplication}', contextInitializerClasses = '[]', activeProfiles = '{test}', propertySourceLocations = '{}', propertySourceProperties = '{org.mybatis.spring.boot.test.autoconfigure.MybatisTestContextBootstrapper=true}', contextCustomizers = set[org.springframework.boot.test.autoconfigure.OverrideAutoConfigurationContextCustomizerFactory$DisableAutoConfigurationContextCustomizer@4e9bd2c8, org.springframework.boot.test.autoconfigure.actuate.metrics.MetricsExportContextCustomizerFactory$DisableMetricExportContextCustomizer@146587a2, org.springframework.boot.test.autoconfigure.filter.TypeExcludeFiltersContextCustomizer@351584c0, org.springframework.boot.test.autoconfigure.properties.PropertyMappingContextCustomizer@a3d5432f, org.springframework.boot.test.autoconfigure.web.servlet.WebDriverContextCustomizerFactory$Customizer@115667d, [ImportsContextCustomizer@567400fb key = [io.spring.infrastructure.repository.MyBatisArticleRepository, io.spring.infrastructure.repository.MyBatisUserRepository, org.springframework.boot.test.autoconfigure.jdbc.TestDatabaseAutoConfiguration, org.springframework.boot.autoconfigure.jdbc.DataSourceAutoConfiguration, org.springframework.boot.autoconfigure.cache.CacheAutoConfiguration, org.springframework.boot.autoconfigure.flyway.FlywayAutoConfiguration, org.springframework.boot.autoconfigure.jdbc.DataSourceTransactionManagerAutoConfiguration, org.springframework.boot.autoconfigure.jdbc.JdbcTemplateAutoConfiguration, org.springframework.boot.autoconfigure.liquibase.LiquibaseAutoConfiguration, org.springframework.boot.autoconfigure.transaction.TransactionAutoConfiguration, org.springframework.boot.autoconfigure.sql.init.SqlInitializationAutoConfiguration, org.mybatis.spring.boot.autoconfigure.MybatisLanguageDriverAutoConfiguration, org.mybatis.spring.boot.autoconfigure.MybatisAutoConfiguration]], org.springframework.boot.test.context.filter.ExcludeFilterContextCustomizer@497486b3, org.springframework.boot.test.json.DuplicateJsonObjectContextCustomizerFactory$DuplicateJsonObjectContextCustomizer@6127a7e, org.springframework.boot.test.mock.mockito.MockitoContextCustomizer@0, org.springframework.boot.test.context.SpringBootTestArgs@1, org.springframework.boot.test.context.SpringBootTestWebEnvironment@0], contextLoader = 'org.springframework.boot.test.context.SpringBootContextLoader', parent = [null]], attributes = map['org.springframework.test.context.event.ApplicationEventsTestExecutionListener.recordApplicationEvents' -> false]]; transaction manager [org.springframework.jdbc.support.JdbcTransactionManager@1d1071bb]; rollback [true]
    2026-04-15 09:04:27.640 DEBUG 83996 --- [    Test worker] i.s.i.m.mapper.UserMapper.findById       : ==>  Preparing: select id, username, email, password, bio, image from users where id = ?
    2026-04-15 09:04:27.640 DEBUG 83996 --- [    Test worker] i.s.i.m.mapper.UserMapper.findById       : ==> Parameters: 66be00cc-2afd-4b3a-a106-c9825e8e21ce(String)
    2026-04-15 09:04:27.640 DEBUG 83996 --- [    Test worker] i.s.i.mybatis.mapper.UserMapper.insert   : ==>  Preparing: insert into users (id, username, email, password, bio, image) values( ?, ?, ?, ?, ?, ? )
    2026-04-15 09:04:27.640 DEBUG 83996 --- [    Test worker] i.s.i.mybatis.mapper.UserMapper.insert   : ==> Parameters: 66be00cc-2afd-4b3a-a106-c9825e8e21ce(String), aisensiy(String), aisensiy@gmail.com(String), 123(String), bio(String), default(String)
    2026-04-15 09:04:27.640 DEBUG 83996 --- [    Test worker] i.s.i.mybatis.mapper.UserMapper.insert   : <==    Updates: 1
    2026-04-15 09:04:27.641 DEBUG 83996 --- [    Test worker] i.s.i.m.mapper.ArticleMapper.findById    : ==>  Preparing: select A.id articleId, A.slug articleSlug, A.title articleTitle, A.description articleDescription, A.body articleBody, A.user_id articleUserId, A.created_at articleCreatedAt, A.updated_at articleUpdatedAt, T.id tagId, T.name tagName from articles A left join article_tags AT on A.id = AT.article_id left join tags T on T.id = AT.tag_id where A.id = ?
    2026-04-15 09:04:27.641 DEBUG 83996 --- [    Test worker] i.s.i.m.mapper.ArticleMapper.findById    : ==> Parameters: d248ae45-ecf9-4bda-aad8-5bec6c9fb915(String)
    2026-04-15 09:04:27.641 DEBUG 83996 --- [    Test worker] i.s.i.m.mapper.ArticleMapper.findTag     : ==>  Preparing: select id, name from tags where name = ?
    2026-04-15 09:04:27.641 DEBUG 83996 --- [    Test worker] i.s.i.m.mapper.ArticleMapper.findTag     : ==> Parameters: spring(String)
    2026-04-15 09:04:27.642 DEBUG 83996 --- [    Test worker] i.s.i.m.mapper.ArticleMapper.insertTag   : ==>  Preparing: insert into tags (id, name) values (?, ?)
    2026-04-15 09:04:27.642 DEBUG 83996 --- [    Test worker] i.s.i.m.mapper.ArticleMapper.insertTag   : ==> Parameters: 59c9d3b8-7978-4de9-8108-22e916102ceb(String), spring(String)
    2026-04-15 09:04:27.642 DEBUG 83996 --- [    Test worker] i.s.i.m.mapper.ArticleMapper.insertTag   : <==    Updates: 1
    2026-04-15 09:04:27.642 DEBUG 83996 --- [    Test worker] i.s.i.m.m.A.insertArticleTagRelation     : ==>  Preparing: insert into article_tags (article_id, tag_id) values(?, ?)
    2026-04-15 09:04:27.642 DEBUG 83996 --- [    Test worker] i.s.i.m.m.A.insertArticleTagRelation     : ==> Parameters: d248ae45-ecf9-4bda-aad8-5bec6c9fb915(String), 59c9d3b8-7978-4de9-8108-22e916102ceb(String)
    2026-04-15 09:04:27.642 DEBUG 83996 --- [    Test worker] i.s.i.m.m.A.insertArticleTagRelation     : <==    Updates: 1
    2026-04-15 09:04:27.642 DEBUG 83996 --- [    Test worker] i.s.i.m.mapper.ArticleMapper.findTag     : ==>  Preparing: select id, name from tags where name = ?
    2026-04-15 09:04:27.642 DEBUG 83996 --- [    Test worker] i.s.i.m.mapper.ArticleMapper.findTag     : ==> Parameters: java(String)
    2026-04-15 09:04:27.642 DEBUG 83996 --- [    Test worker] i.s.i.m.mapper.ArticleMapper.insertTag   : ==>  Preparing: insert into tags (id, name) values (?, ?)
    2026-04-15 09:04:27.642 DEBUG 83996 --- [    Test worker] i.s.i.m.mapper.ArticleMapper.insertTag   : ==> Parameters: 21bda7d3-5b80-429f-b4bc-3796af63960d(String), java(String)
    2026-04-15 09:04:27.642 DEBUG 83996 --- [    Test worker] i.s.i.m.mapper.ArticleMapper.insertTag   : <==    Updates: 1
    2026-04-15 09:04:27.643 DEBUG 83996 --- [    Test worker] i.s.i.m.m.A.insertArticleTagRelation     : ==>  Preparing: insert into article_tags (article_id, tag_id) values(?, ?)
    2026-04-15 09:04:27.643 DEBUG 83996 --- [    Test worker] i.s.i.m.m.A.insertArticleTagRelation     : ==> Parameters: d248ae45-ecf9-4bda-aad8-5bec6c9fb915(String), 21bda7d3-5b80-429f-b4bc-3796af63960d(String)
    2026-04-15 09:04:27.643 DEBUG 83996 --- [    Test worker] i.s.i.m.m.A.insertArticleTagRelation     : <==    Updates: 1
    2026-04-15 09:04:27.643 DEBUG 83996 --- [    Test worker] i.s.i.m.mapper.ArticleMapper.insert      : ==>  Preparing: insert into articles(id, slug, title, description, body, user_id, created_at, updated_at) values( ?, ?, ?, ?, ?, ?, ?, ?)
    2026-04-15 09:04:27.643 DEBUG 83996 --- [    Test worker] i.s.i.m.mapper.ArticleMapper.insert      : ==> Parameters: d248ae45-ecf9-4bda-aad8-5bec6c9fb915(String), test(String), test(String), desc(String), body(String), 66be00cc-2afd-4b3a-a106-c9825e8e21ce(String), 2026-04-15 09:04:27.64(Timestamp), 2026-04-15 09:04:27.64(Timestamp)
    2026-04-15 09:04:27.643 DEBUG 83996 --- [    Test worker] i.s.i.m.mapper.ArticleMapper.insert      : <==    Updates: 1
    2026-04-15 09:04:27.643 DEBUG 83996 --- [    Test worker] i.s.i.m.mapper.ArticleMapper.findById    : ==>  Preparing: select A.id articleId, A.slug articleSlug, A.title articleTitle, A.description articleDescription, A.body articleBody, A.user_id articleUserId, A.created_at articleCreatedAt, A.updated_at articleUpdatedAt, T.id tagId, T.name tagName from articles A left join article_tags AT on A.id = AT.article_id left join tags T on T.id = AT.tag_id where A.id = ?
    2026-04-15 09:04:27.644 DEBUG 83996 --- [    Test worker] i.s.i.m.mapper.ArticleMapper.findById    : ==> Parameters: d248ae45-ecf9-4bda-aad8-5bec6c9fb915(String)
    2026-04-15 09:04:27.644 DEBUG 83996 --- [    Test worker] i.s.i.m.mapper.ArticleMapper.findById    : <==      Total: 2
    2026-04-15 09:04:27.648 DEBUG 83996 --- [    Test worker] i.s.i.m.mapper.ArticleMapper.update      : ==>  Preparing: update articles SET title = ?, slug = ?, description = ?, body = ? where id = ?
    2026-04-15 09:04:27.648 DEBUG 83996 --- [    Test worker] i.s.i.m.mapper.ArticleMapper.update      : ==> Parameters: new test 2(String), new-test-2(String), desc(String), body(String), d248ae45-ecf9-4bda-aad8-5bec6c9fb915(String)
    2026-04-15 09:04:27.648 DEBUG 83996 --- [    Test worker] i.s.i.m.mapper.ArticleMapper.update      : <==    Updates: 1
    new-test-2
    2026-04-15 09:04:27.648 DEBUG 83996 --- [    Test worker] i.s.i.m.mapper.ArticleMapper.findBySlug  : ==>  Preparing: select A.id articleId, A.slug articleSlug, A.title articleTitle, A.description articleDescription, A.body articleBody, A.user_id articleUserId, A.created_at articleCreatedAt, A.updated_at articleUpdatedAt, T.id tagId, T.name tagName from articles A left join article_tags AT on A.id = AT.article_id left join tags T on T.id = AT.tag_id where A.slug = ?
    2026-04-15 09:04:27.648 DEBUG 83996 --- [    Test worker] i.s.i.m.mapper.ArticleMapper.findBySlug  : ==> Parameters: new-test-2(String)
    2026-04-15 09:04:27.649 DEBUG 83996 --- [    Test worker] i.s.i.m.mapper.ArticleMapper.findBySlug  : <==      Total: 2
    2026-04-15 09:04:27.651  INFO 83996 --- [    Test worker] o.s.t.c.transaction.TransactionContext   : Rolled back transaction for test: [DefaultTestContext@238d045a testClass = MyBatisArticleRepositoryTest, testInstance = io.spring.infrastructure.article.MyBatisArticleRepositoryTest@1706a95b, testMethod = should_update_and_fetch_article_success@MyBatisArticleRepositoryTest, testException = [null], mergedContextConfiguration = [MergedContextConfiguration@55d41b85 testClass = MyBatisArticleRepositoryTest, locations = '{}', classes = '{class io.spring.RealWorldApplication}', contextInitializerClasses = '[]', activeProfiles = '{test}', propertySourceLocations = '{}', propertySourceProperties = '{org.mybatis.spring.boot.test.autoconfigure.MybatisTestContextBootstrapper=true}', contextCustomizers = set[org.springframework.boot.test.autoconfigure.OverrideAutoConfigurationContextCustomizerFactory$DisableAutoConfigurationContextCustomizer@4e9bd2c8, org.springframework.boot.test.autoconfigure.actuate.metrics.MetricsExportContextCustomizerFactory$DisableMetricExportContextCustomizer@146587a2, org.springframework.boot.test.autoconfigure.filter.TypeExcludeFiltersContextCustomizer@351584c0, org.springframework.boot.test.autoconfigure.properties.PropertyMappingContextCustomizer@a3d5432f, org.springframework.boot.test.autoconfigure.web.servlet.WebDriverContextCustomizerFactory$Customizer@115667d, [ImportsContextCustomizer@567400fb key = [io.spring.infrastructure.repository.MyBatisArticleRepository, io.spring.infrastructure.repository.MyBatisUserRepository, org.springframework.boot.test.autoconfigure.jdbc.TestDatabaseAutoConfiguration, org.springframework.boot.autoconfigure.jdbc.DataSourceAutoConfiguration, org.springframework.boot.autoconfigure.cache.CacheAutoConfiguration, org.springframework.boot.autoconfigure.flyway.FlywayAutoConfiguration, org.springframework.boot.autoconfigure.jdbc.DataSourceTransactionManagerAutoConfiguration, org.springframework.boot.autoconfigure.jdbc.JdbcTemplateAutoConfiguration, org.springframework.boot.autoconfigure.liquibase.LiquibaseAutoConfiguration, org.springframework.boot.autoconfigure.transaction.TransactionAutoConfiguration, org.springframework.boot.autoconfigure.sql.init.SqlInitializationAutoConfiguration, org.mybatis.spring.boot.autoconfigure.MybatisLanguageDriverAutoConfiguration, org.mybatis.spring.boot.autoconfigure.MybatisAutoConfiguration]], org.springframework.boot.test.context.filter.ExcludeFilterContextCustomizer@497486b3, org.springframework.boot.test.json.DuplicateJsonObjectContextCustomizerFactory$DuplicateJsonObjectContextCustomizer@6127a7e, org.springframework.boot.test.mock.mockito.MockitoContextCustomizer@0, org.springframework.boot.test.context.SpringBootTestArgs@1, org.springframework.boot.test.context.SpringBootTestWebEnvironment@0], contextLoader = 'org.springframework.boot.test.context.SpringBootContextLoader', parent = [null]], attributes = map['org.springframework.test.context.event.ApplicationEventsTestExecutionListener.recordApplicationEvents' -> false]]

MyBatisArticleRepositoryTest > should_delete_article() STANDARD_OUT
    2026-04-15 09:04:27.652  INFO 83996 --- [    Test worker] o.s.t.c.transaction.TransactionContext   : Began transaction (1) for test context [DefaultTestContext@238d045a testClass = MyBatisArticleRepositoryTest, testInstance = io.spring.infrastructure.article.MyBatisArticleRepositoryTest@7538033f, testMethod = should_delete_article@MyBatisArticleRepositoryTest, testException = [null], mergedContextConfiguration = [MergedContextConfiguration@55d41b85 testClass = MyBatisArticleRepositoryTest, locations = '{}', classes = '{class io.spring.RealWorldApplication}', contextInitializerClasses = '[]', activeProfiles = '{test}', propertySourceLocations = '{}', propertySourceProperties = '{org.mybatis.spring.boot.test.autoconfigure.MybatisTestContextBootstrapper=true}', contextCustomizers = set[org.springframework.boot.test.autoconfigure.OverrideAutoConfigurationContextCustomizerFactory$DisableAutoConfigurationContextCustomizer@4e9bd2c8, org.springframework.boot.test.autoconfigure.actuate.metrics.MetricsExportContextCustomizerFactory$DisableMetricExportContextCustomizer@146587a2, org.springframework.boot.test.autoconfigure.filter.TypeExcludeFiltersContextCustomizer@351584c0, org.springframework.boot.test.autoconfigure.properties.PropertyMappingContextCustomizer@a3d5432f, org.springframework.boot.test.autoconfigure.web.servlet.WebDriverContextCustomizerFactory$Customizer@115667d, [ImportsContextCustomizer@567400fb key = [io.spring.infrastructure.repository.MyBatisArticleRepository, io.spring.infrastructure.repository.MyBatisUserRepository, org.springframework.boot.test.autoconfigure.jdbc.TestDatabaseAutoConfiguration, org.springframework.boot.autoconfigure.jdbc.DataSourceAutoConfiguration, org.springframework.boot.autoconfigure.cache.CacheAutoConfiguration, org.springframework.boot.autoconfigure.flyway.FlywayAutoConfiguration, org.springframework.boot.autoconfigure.jdbc.DataSourceTransactionManagerAutoConfiguration, org.springframework.boot.autoconfigure.jdbc.JdbcTemplateAutoConfiguration, org.springframework.boot.autoconfigure.liquibase.LiquibaseAutoConfiguration, org.springframework.boot.autoconfigure.transaction.TransactionAutoConfiguration, org.springframework.boot.autoconfigure.sql.init.SqlInitializationAutoConfiguration, org.mybatis.spring.boot.autoconfigure.MybatisLanguageDriverAutoConfiguration, org.mybatis.spring.boot.autoconfigure.MybatisAutoConfiguration]], org.springframework.boot.test.context.filter.ExcludeFilterContextCustomizer@497486b3, org.springframework.boot.test.json.DuplicateJsonObjectContextCustomizerFactory$DuplicateJsonObjectContextCustomizer@6127a7e, org.springframework.boot.test.mock.mockito.MockitoContextCustomizer@0, org.springframework.boot.test.context.SpringBootTestArgs@1, org.springframework.boot.test.context.SpringBootTestWebEnvironment@0], contextLoader = 'org.springframework.boot.test.context.SpringBootContextLoader', parent = [null]], attributes = map['org.springframework.test.context.event.ApplicationEventsTestExecutionListener.recordApplicationEvents' -> false]]; transaction manager [org.springframework.jdbc.support.JdbcTransactionManager@1d1071bb]; rollback [true]
    2026-04-15 09:04:27.653 DEBUG 83996 --- [    Test worker] i.s.i.m.mapper.UserMapper.findById       : ==>  Preparing: select id, username, email, password, bio, image from users where id = ?
    2026-04-15 09:04:27.653 DEBUG 83996 --- [    Test worker] i.s.i.m.mapper.UserMapper.findById       : ==> Parameters: 0674c84b-fc64-4723-9d47-f9a3f9bee438(String)
    2026-04-15 09:04:27.653 DEBUG 83996 --- [    Test worker] i.s.i.mybatis.mapper.UserMapper.insert   : ==>  Preparing: insert into users (id, username, email, password, bio, image) values( ?, ?, ?, ?, ?, ? )
    2026-04-15 09:04:27.654 DEBUG 83996 --- [    Test worker] i.s.i.mybatis.mapper.UserMapper.insert   : ==> Parameters: 0674c84b-fc64-4723-9d47-f9a3f9bee438(String), aisensiy(String), aisensiy@gmail.com(String), 123(String), bio(String), default(String)
    2026-04-15 09:04:27.654 DEBUG 83996 --- [    Test worker] i.s.i.mybatis.mapper.UserMapper.insert   : <==    Updates: 1
    2026-04-15 09:04:27.654 DEBUG 83996 --- [    Test worker] i.s.i.m.mapper.ArticleMapper.findById    : ==>  Preparing: select A.id articleId, A.slug articleSlug, A.title articleTitle, A.description articleDescription, A.body articleBody, A.user_id articleUserId, A.created_at articleCreatedAt, A.updated_at articleUpdatedAt, T.id tagId, T.name tagName from articles A left join article_tags AT on A.id = AT.article_id left join tags T on T.id = AT.tag_id where A.id = ?
    2026-04-15 09:04:27.654 DEBUG 83996 --- [    Test worker] i.s.i.m.mapper.ArticleMapper.findById    : ==> Parameters: 493b3802-152e-43ad-a2f8-0bdcce91153f(String)
    2026-04-15 09:04:27.654 DEBUG 83996 --- [    Test worker] i.s.i.m.mapper.ArticleMapper.findTag     : ==>  Preparing: select id, name from tags where name = ?
    2026-04-15 09:04:27.655 DEBUG 83996 --- [    Test worker] i.s.i.m.mapper.ArticleMapper.findTag     : ==> Parameters: spring(String)
    2026-04-15 09:04:27.655 DEBUG 83996 --- [    Test worker] i.s.i.m.mapper.ArticleMapper.insertTag   : ==>  Preparing: insert into tags (id, name) values (?, ?)
    2026-04-15 09:04:27.655 DEBUG 83996 --- [    Test worker] i.s.i.m.mapper.ArticleMapper.insertTag   : ==> Parameters: 2eb1f1d7-25b8-4d9c-bfe7-33c6a810a6db(String), spring(String)
    2026-04-15 09:04:27.655 DEBUG 83996 --- [    Test worker] i.s.i.m.mapper.ArticleMapper.insertTag   : <==    Updates: 1
    2026-04-15 09:04:27.655 DEBUG 83996 --- [    Test worker] i.s.i.m.m.A.insertArticleTagRelation     : ==>  Preparing: insert into article_tags (article_id, tag_id) values(?, ?)
    2026-04-15 09:04:27.655 DEBUG 83996 --- [    Test worker] i.s.i.m.m.A.insertArticleTagRelation     : ==> Parameters: 493b3802-152e-43ad-a2f8-0bdcce91153f(String), 2eb1f1d7-25b8-4d9c-bfe7-33c6a810a6db(String)
    2026-04-15 09:04:27.655 DEBUG 83996 --- [    Test worker] i.s.i.m.m.A.insertArticleTagRelation     : <==    Updates: 1
    2026-04-15 09:04:27.655 DEBUG 83996 --- [    Test worker] i.s.i.m.mapper.ArticleMapper.findTag     : ==>  Preparing: select id, name from tags where name = ?
    2026-04-15 09:04:27.655 DEBUG 83996 --- [    Test worker] i.s.i.m.mapper.ArticleMapper.findTag     : ==> Parameters: java(String)
    2026-04-15 09:04:27.656 DEBUG 83996 --- [    Test worker] i.s.i.m.mapper.ArticleMapper.insertTag   : ==>  Preparing: insert into tags (id, name) values (?, ?)
    2026-04-15 09:04:27.656 DEBUG 83996 --- [    Test worker] i.s.i.m.mapper.ArticleMapper.insertTag   : ==> Parameters: 07e1acb5-0c36-44e5-adc9-bb66fd99ce27(String), java(String)
    2026-04-15 09:04:27.656 DEBUG 83996 --- [    Test worker] i.s.i.m.mapper.ArticleMapper.insertTag   : <==    Updates: 1
    2026-04-15 09:04:27.656 DEBUG 83996 --- [    Test worker] i.s.i.m.m.A.insertArticleTagRelation     : ==>  Preparing: insert into article_tags (article_id, tag_id) values(?, ?)
    2026-04-15 09:04:27.656 DEBUG 83996 --- [    Test worker] i.s.i.m.m.A.insertArticleTagRelation     : ==> Parameters: 493b3802-152e-43ad-a2f8-0bdcce91153f(String), 07e1acb5-0c36-44e5-adc9-bb66fd99ce27(String)
    2026-04-15 09:04:27.656 DEBUG 83996 --- [    Test worker] i.s.i.m.m.A.insertArticleTagRelation     : <==    Updates: 1
    2026-04-15 09:04:27.656 DEBUG 83996 --- [    Test worker] i.s.i.m.mapper.ArticleMapper.insert      : ==>  Preparing: insert into articles(id, slug, title, description, body, user_id, created_at, updated_at) values( ?, ?, ?, ?, ?, ?, ?, ?)
    2026-04-15 09:04:27.656 DEBUG 83996 --- [    Test worker] i.s.i.m.mapper.ArticleMapper.insert      : ==> Parameters: 493b3802-152e-43ad-a2f8-0bdcce91153f(String), test(String), test(String), desc(String), body(String), 0674c84b-fc64-4723-9d47-f9a3f9bee438(String), 2026-04-15 09:04:27.654(Timestamp), 2026-04-15 09:04:27.654(Timestamp)
    2026-04-15 09:04:27.656 DEBUG 83996 --- [    Test worker] i.s.i.m.mapper.ArticleMapper.insert      : <==    Updates: 1
    2026-04-15 09:04:27.657 DEBUG 83996 --- [    Test worker] i.s.i.m.mapper.ArticleMapper.delete      : ==>  Preparing: delete from articles where id = ?
    2026-04-15 09:04:27.657 DEBUG 83996 --- [    Test worker] i.s.i.m.mapper.ArticleMapper.delete      : ==> Parameters: 493b3802-152e-43ad-a2f8-0bdcce91153f(String)
    2026-04-15 09:04:27.657 DEBUG 83996 --- [    Test worker] i.s.i.m.mapper.ArticleMapper.delete      : <==    Updates: 1
    2026-04-15 09:04:27.657 DEBUG 83996 --- [    Test worker] i.s.i.m.mapper.ArticleMapper.findById    : ==>  Preparing: select A.id articleId, A.slug articleSlug, A.title articleTitle, A.description articleDescription, A.body articleBody, A.user_id articleUserId, A.created_at articleCreatedAt, A.updated_at articleUpdatedAt, T.id tagId, T.name tagName from articles A left join article_tags AT on A.id = AT.article_id left join tags T on T.id = AT.tag_id where A.id = ?
    2026-04-15 09:04:27.657 DEBUG 83996 --- [    Test worker] i.s.i.m.mapper.ArticleMapper.findById    : ==> Parameters: 493b3802-152e-43ad-a2f8-0bdcce91153f(String)
    2026-04-15 09:04:27.658  INFO 83996 --- [    Test worker] o.s.t.c.transaction.TransactionContext   : Rolled back transaction for test: [DefaultTestContext@238d045a testClass = MyBatisArticleRepositoryTest, testInstance = io.spring.infrastructure.article.MyBatisArticleRepositoryTest@7538033f, testMethod = should_delete_article@MyBatisArticleRepositoryTest, testException = [null], mergedContextConfiguration = [MergedContextConfiguration@55d41b85 testClass = MyBatisArticleRepositoryTest, locations = '{}', classes = '{class io.spring.RealWorldApplication}', contextInitializerClasses = '[]', activeProfiles = '{test}', propertySourceLocations = '{}', propertySourceProperties = '{org.mybatis.spring.boot.test.autoconfigure.MybatisTestContextBootstrapper=true}', contextCustomizers = set[org.springframework.boot.test.autoconfigure.OverrideAutoConfigurationContextCustomizerFactory$DisableAutoConfigurationContextCustomizer@4e9bd2c8, org.springframework.boot.test.autoconfigure.actuate.metrics.MetricsExportContextCustomizerFactory$DisableMetricExportContextCustomizer@146587a2, org.springframework.boot.test.autoconfigure.filter.TypeExcludeFiltersContextCustomizer@351584c0, org.springframework.boot.test.autoconfigure.properties.PropertyMappingContextCustomizer@a3d5432f, org.springframework.boot.test.autoconfigure.web.servlet.WebDriverContextCustomizerFactory$Customizer@115667d, [ImportsContextCustomizer@567400fb key = [io.spring.infrastructure.repository.MyBatisArticleRepository, io.spring.infrastructure.repository.MyBatisUserRepository, org.springframework.boot.test.autoconfigure.jdbc.TestDatabaseAutoConfiguration, org.springframework.boot.autoconfigure.jdbc.DataSourceAutoConfiguration, org.springframework.boot.autoconfigure.cache.CacheAutoConfiguration, org.springframework.boot.autoconfigure.flyway.FlywayAutoConfiguration, org.springframework.boot.autoconfigure.jdbc.DataSourceTransactionManagerAutoConfiguration, org.springframework.boot.autoconfigure.jdbc.JdbcTemplateAutoConfiguration, org.springframework.boot.autoconfigure.liquibase.LiquibaseAutoConfiguration, org.springframework.boot.autoconfigure.transaction.TransactionAutoConfiguration, org.springframework.boot.autoconfigure.sql.init.SqlInitializationAutoConfiguration, org.mybatis.spring.boot.autoconfigure.MybatisLanguageDriverAutoConfiguration, org.mybatis.spring.boot.autoconfigure.MybatisAutoConfiguration]], org.springframework.boot.test.context.filter.ExcludeFilterContextCustomizer@497486b3, org.springframework.boot.test.json.DuplicateJsonObjectContextCustomizerFactory$DuplicateJsonObjectContextCustomizer@6127a7e, org.springframework.boot.test.mock.mockito.MockitoContextCustomizer@0, org.springframework.boot.test.context.SpringBootTestArgs@1, org.springframework.boot.test.context.SpringBootTestWebEnvironment@0], contextLoader = 'org.springframework.boot.test.context.SpringBootContextLoader', parent = [null]], attributes = map['org.springframework.test.context.event.ApplicationEventsTestExecutionListener.recordApplicationEvents' -> false]]

MyBatisArticleRepositoryTest > should_create_and_fetch_article_success() STANDARD_OUT
    2026-04-15 09:04:27.660  INFO 83996 --- [    Test worker] o.s.t.c.transaction.TransactionContext   : Began transaction (1) for test context [DefaultTestContext@238d045a testClass = MyBatisArticleRepositoryTest, testInstance = io.spring.infrastructure.article.MyBatisArticleRepositoryTest@c5a82d6, testMethod = should_create_and_fetch_article_success@MyBatisArticleRepositoryTest, testException = [null], mergedContextConfiguration = [MergedContextConfiguration@55d41b85 testClass = MyBatisArticleRepositoryTest, locations = '{}', classes = '{class io.spring.RealWorldApplication}', contextInitializerClasses = '[]', activeProfiles = '{test}', propertySourceLocations = '{}', propertySourceProperties = '{org.mybatis.spring.boot.test.autoconfigure.MybatisTestContextBootstrapper=true}', contextCustomizers = set[org.springframework.boot.test.autoconfigure.OverrideAutoConfigurationContextCustomizerFactory$DisableAutoConfigurationContextCustomizer@4e9bd2c8, org.springframework.boot.test.autoconfigure.actuate.metrics.MetricsExportContextCustomizerFactory$DisableMetricExportContextCustomizer@146587a2, org.springframework.boot.test.autoconfigure.filter.TypeExcludeFiltersContextCustomizer@351584c0, org.springframework.boot.test.autoconfigure.properties.PropertyMappingContextCustomizer@a3d5432f, org.springframework.boot.test.autoconfigure.web.servlet.WebDriverContextCustomizerFactory$Customizer@115667d, [ImportsContextCustomizer@567400fb key = [io.spring.infrastructure.repository.MyBatisArticleRepository, io.spring.infrastructure.repository.MyBatisUserRepository, org.springframework.boot.test.autoconfigure.jdbc.TestDatabaseAutoConfiguration, org.springframework.boot.autoconfigure.jdbc.DataSourceAutoConfiguration, org.springframework.boot.autoconfigure.cache.CacheAutoConfiguration, org.springframework.boot.autoconfigure.flyway.FlywayAutoConfiguration, org.springframework.boot.autoconfigure.jdbc.DataSourceTransactionManagerAutoConfiguration, org.springframework.boot.autoconfigure.jdbc.JdbcTemplateAutoConfiguration, org.springframework.boot.autoconfigure.liquibase.LiquibaseAutoConfiguration, org.springframework.boot.autoconfigure.transaction.TransactionAutoConfiguration, org.springframework.boot.autoconfigure.sql.init.SqlInitializationAutoConfiguration, org.mybatis.spring.boot.autoconfigure.MybatisLanguageDriverAutoConfiguration, org.mybatis.spring.boot.autoconfigure.MybatisAutoConfiguration]], org.springframework.boot.test.context.filter.ExcludeFilterContextCustomizer@497486b3, org.springframework.boot.test.json.DuplicateJsonObjectContextCustomizerFactory$DuplicateJsonObjectContextCustomizer@6127a7e, org.springframework.boot.test.mock.mockito.MockitoContextCustomizer@0, org.springframework.boot.test.context.SpringBootTestArgs@1, org.springframework.boot.test.context.SpringBootTestWebEnvironment@0], contextLoader = 'org.springframework.boot.test.context.SpringBootContextLoader', parent = [null]], attributes = map['org.springframework.test.context.event.ApplicationEventsTestExecutionListener.recordApplicationEvents' -> false]]; transaction manager [org.springframework.jdbc.support.JdbcTransactionManager@1d1071bb]; rollback [true]
    2026-04-15 09:04:27.661 DEBUG 83996 --- [    Test worker] i.s.i.m.mapper.UserMapper.findById       : ==>  Preparing: select id, username, email, password, bio, image from users where id = ?
    2026-04-15 09:04:27.661 DEBUG 83996 --- [    Test worker] i.s.i.m.mapper.UserMapper.findById       : ==> Parameters: eb55993e-d8dc-471b-9537-4c565232056c(String)
    2026-04-15 09:04:27.661 DEBUG 83996 --- [    Test worker] i.s.i.mybatis.mapper.UserMapper.insert   : ==>  Preparing: insert into users (id, username, email, password, bio, image) values( ?, ?, ?, ?, ?, ? )
    2026-04-15 09:04:27.661 DEBUG 83996 --- [    Test worker] i.s.i.mybatis.mapper.UserMapper.insert   : ==> Parameters: eb55993e-d8dc-471b-9537-4c565232056c(String), aisensiy(String), aisensiy@gmail.com(String), 123(String), bio(String), default(String)
    2026-04-15 09:04:27.661 DEBUG 83996 --- [    Test worker] i.s.i.mybatis.mapper.UserMapper.insert   : <==    Updates: 1
    2026-04-15 09:04:27.661 DEBUG 83996 --- [    Test worker] i.s.i.m.mapper.ArticleMapper.findById    : ==>  Preparing: select A.id articleId, A.slug articleSlug, A.title articleTitle, A.description articleDescription, A.body articleBody, A.user_id articleUserId, A.created_at articleCreatedAt, A.updated_at articleUpdatedAt, T.id tagId, T.name tagName from articles A left join article_tags AT on A.id = AT.article_id left join tags T on T.id = AT.tag_id where A.id = ?
    2026-04-15 09:04:27.662 DEBUG 83996 --- [    Test worker] i.s.i.m.mapper.ArticleMapper.findById    : ==> Parameters: 7463ffde-66da-4910-b83e-ba365f79a50c(String)
    2026-04-15 09:04:27.662 DEBUG 83996 --- [    Test worker] i.s.i.m.mapper.ArticleMapper.findTag     : ==>  Preparing: select id, name from tags where name = ?
    2026-04-15 09:04:27.662 DEBUG 83996 --- [    Test worker] i.s.i.m.mapper.ArticleMapper.findTag     : ==> Parameters: spring(String)
    2026-04-15 09:04:27.662 DEBUG 83996 --- [    Test worker] i.s.i.m.mapper.ArticleMapper.insertTag   : ==>  Preparing: insert into tags (id, name) values (?, ?)
    2026-04-15 09:04:27.662 DEBUG 83996 --- [    Test worker] i.s.i.m.mapper.ArticleMapper.insertTag   : ==> Parameters: de9b9ecb-7bb7-47aa-b9e2-3eb4008c5e87(String), spring(String)
    2026-04-15 09:04:27.662 DEBUG 83996 --- [    Test worker] i.s.i.m.mapper.ArticleMapper.insertTag   : <==    Updates: 1
    2026-04-15 09:04:27.662 DEBUG 83996 --- [    Test worker] i.s.i.m.m.A.insertArticleTagRelation     : ==>  Preparing: insert into article_tags (article_id, tag_id) values(?, ?)
    2026-04-15 09:04:27.662 DEBUG 83996 --- [    Test worker] i.s.i.m.m.A.insertArticleTagRelation     : ==> Parameters: 7463ffde-66da-4910-b83e-ba365f79a50c(String), de9b9ecb-7bb7-47aa-b9e2-3eb4008c5e87(String)
    2026-04-15 09:04:27.662 DEBUG 83996 --- [    Test worker] i.s.i.m.m.A.insertArticleTagRelation     : <==    Updates: 1
    2026-04-15 09:04:27.662 DEBUG 83996 --- [    Test worker] i.s.i.m.mapper.ArticleMapper.findTag     : ==>  Preparing: select id, name from tags where name = ?
    2026-04-15 09:04:27.663 DEBUG 83996 --- [    Test worker] i.s.i.m.mapper.ArticleMapper.findTag     : ==> Parameters: java(String)
    2026-04-15 09:04:27.663 DEBUG 83996 --- [    Test worker] i.s.i.m.mapper.ArticleMapper.insertTag   : ==>  Preparing: insert into tags (id, name) values (?, ?)
    2026-04-15 09:04:27.663 DEBUG 83996 --- [    Test worker] i.s.i.m.mapper.ArticleMapper.insertTag   : ==> Parameters: 31691239-9ca8-4634-a244-0390a5fba08a(String), java(String)
    2026-04-15 09:04:27.663 DEBUG 83996 --- [    Test worker] i.s.i.m.mapper.ArticleMapper.insertTag   : <==    Updates: 1
    2026-04-15 09:04:27.663 DEBUG 83996 --- [    Test worker] i.s.i.m.m.A.insertArticleTagRelation     : ==>  Preparing: insert into article_tags (article_id, tag_id) values(?, ?)
    2026-04-15 09:04:27.663 DEBUG 83996 --- [    Test worker] i.s.i.m.m.A.insertArticleTagRelation     : ==> Parameters: 7463ffde-66da-4910-b83e-ba365f79a50c(String), 31691239-9ca8-4634-a244-0390a5fba08a(String)
    2026-04-15 09:04:27.663 DEBUG 83996 --- [    Test worker] i.s.i.m.m.A.insertArticleTagRelation     : <==    Updates: 1
    2026-04-15 09:04:27.663 DEBUG 83996 --- [    Test worker] i.s.i.m.mapper.ArticleMapper.insert      : ==>  Preparing: insert into articles(id, slug, title, description, body, user_id, created_at, updated_at) values( ?, ?, ?, ?, ?, ?, ?, ?)
    2026-04-15 09:04:27.663 DEBUG 83996 --- [    Test worker] i.s.i.m.mapper.ArticleMapper.insert      : ==> Parameters: 7463ffde-66da-4910-b83e-ba365f79a50c(String), test(String), test(String), desc(String), body(String), eb55993e-d8dc-471b-9537-4c565232056c(String), 2026-04-15 09:04:27.661(Timestamp), 2026-04-15 09:04:27.661(Timestamp)
    2026-04-15 09:04:27.663 DEBUG 83996 --- [    Test worker] i.s.i.m.mapper.ArticleMapper.insert      : <==    Updates: 1
    2026-04-15 09:04:27.663 DEBUG 83996 --- [    Test worker] i.s.i.m.mapper.ArticleMapper.findById    : ==>  Preparing: select A.id articleId, A.slug articleSlug, A.title articleTitle, A.description articleDescription, A.body articleBody, A.user_id articleUserId, A.created_at articleCreatedAt, A.updated_at articleUpdatedAt, T.id tagId, T.name tagName from articles A left join article_tags AT on A.id = AT.article_id left join tags T on T.id = AT.tag_id where A.id = ?
    2026-04-15 09:04:27.664 DEBUG 83996 --- [    Test worker] i.s.i.m.mapper.ArticleMapper.findById    : ==> Parameters: 7463ffde-66da-4910-b83e-ba365f79a50c(String)
    2026-04-15 09:04:27.664 DEBUG 83996 --- [    Test worker] i.s.i.m.mapper.ArticleMapper.findById    : <==      Total: 2
    2026-04-15 09:04:27.665  INFO 83996 --- [    Test worker] o.s.t.c.transaction.TransactionContext   : Rolled back transaction for test: [DefaultTestContext@238d045a testClass = MyBatisArticleRepositoryTest, testInstance = io.spring.infrastructure.article.MyBatisArticleRepositoryTest@c5a82d6, testMethod = should_create_and_fetch_article_success@MyBatisArticleRepositoryTest, testException = [null], mergedContextConfiguration = [MergedContextConfiguration@55d41b85 testClass = MyBatisArticleRepositoryTest, locations = '{}', classes = '{class io.spring.RealWorldApplication}', contextInitializerClasses = '[]', activeProfiles = '{test}', propertySourceLocations = '{}', propertySourceProperties = '{org.mybatis.spring.boot.test.autoconfigure.MybatisTestContextBootstrapper=true}', contextCustomizers = set[org.springframework.boot.test.autoconfigure.OverrideAutoConfigurationContextCustomizerFactory$DisableAutoConfigurationContextCustomizer@4e9bd2c8, org.springframework.boot.test.autoconfigure.actuate.metrics.MetricsExportContextCustomizerFactory$DisableMetricExportContextCustomizer@146587a2, org.springframework.boot.test.autoconfigure.filter.TypeExcludeFiltersContextCustomizer@351584c0, org.springframework.boot.test.autoconfigure.properties.PropertyMappingContextCustomizer@a3d5432f, org.springframework.boot.test.autoconfigure.web.servlet.WebDriverContextCustomizerFactory$Customizer@115667d, [ImportsContextCustomizer@567400fb key = [io.spring.infrastructure.repository.MyBatisArticleRepository, io.spring.infrastructure.repository.MyBatisUserRepository, org.springframework.boot.test.autoconfigure.jdbc.TestDatabaseAutoConfiguration, org.springframework.boot.autoconfigure.jdbc.DataSourceAutoConfiguration, org.springframework.boot.autoconfigure.cache.CacheAutoConfiguration, org.springframework.boot.autoconfigure.flyway.FlywayAutoConfiguration, org.springframework.boot.autoconfigure.jdbc.DataSourceTransactionManagerAutoConfiguration, org.springframework.boot.autoconfigure.jdbc.JdbcTemplateAutoConfiguration, org.springframework.boot.autoconfigure.liquibase.LiquibaseAutoConfiguration, org.springframework.boot.autoconfigure.transaction.TransactionAutoConfiguration, org.springframework.boot.autoconfigure.sql.init.SqlInitializationAutoConfiguration, org.mybatis.spring.boot.autoconfigure.MybatisLanguageDriverAutoConfiguration, org.mybatis.spring.boot.autoconfigure.MybatisAutoConfiguration]], org.springframework.boot.test.context.filter.ExcludeFilterContextCustomizer@497486b3, org.springframework.boot.test.json.DuplicateJsonObjectContextCustomizerFactory$DuplicateJsonObjectContextCustomizer@6127a7e, org.springframework.boot.test.mock.mockito.MockitoContextCustomizer@0, org.springframework.boot.test.context.SpringBootTestArgs@1, org.springframework.boot.test.context.SpringBootTestWebEnvironment@0], contextLoader = 'org.springframework.boot.test.context.SpringBootContextLoader', parent = [null]], attributes = map['org.springframework.test.context.event.ApplicationEventsTestExecutionListener.recordApplicationEvents' -> false]]

MyBatisCommentRepositoryTest STANDARD_OUT
    2026-04-15 09:04:27.667  INFO 83996 --- [    Test worker] m.s.b.t.a.MybatisTestContextBootstrapper : Neither @ContextConfiguration nor @ContextHierarchy found for test class [io.spring.infrastructure.comment.MyBatisCommentRepositoryTest], using SpringBootContextLoader
    2026-04-15 09:04:27.668  INFO 83996 --- [    Test worker] o.s.t.c.support.AbstractContextLoader    : Could not detect default resource locations for test class [io.spring.infrastructure.comment.MyBatisCommentRepositoryTest]: no resource found for suffixes {-context.xml, Context.groovy}.
    2026-04-15 09:04:27.668  INFO 83996 --- [    Test worker] t.c.s.AnnotationConfigContextLoaderUtils : Could not detect default configuration classes for test class [io.spring.infrastructure.comment.MyBatisCommentRepositoryTest]: MyBatisCommentRepositoryTest does not declare any static, non-private, non-final, nested classes annotated with @Configuration.
    2026-04-15 09:04:27.672  INFO 83996 --- [    Test worker] .b.t.c.SpringBootTestContextBootstrapper : Found @SpringBootConfiguration io.spring.RealWorldApplication for test class io.spring.infrastructure.comment.MyBatisCommentRepositoryTest
    2026-04-15 09:04:27.672  INFO 83996 --- [    Test worker] m.s.b.t.a.MybatisTestContextBootstrapper : Loaded default TestExecutionListener class names from location [META-INF/spring.factories]: [org.springframework.security.test.context.support.WithSecurityContextTestExecutionListener, org.springframework.security.test.context.support.ReactorContextTestExecutionListener, org.springframework.boot.test.autoconfigure.restdocs.RestDocsTestExecutionListener, org.springframework.boot.test.autoconfigure.web.client.MockRestServiceServerResetTestExecutionListener, org.springframework.boot.test.autoconfigure.web.servlet.MockMvcPrintOnlyOnFailureTestExecutionListener, org.springframework.boot.test.autoconfigure.web.servlet.WebDriverTestExecutionListener, org.springframework.boot.test.autoconfigure.webservices.client.MockWebServiceServerTestExecutionListener, org.springframework.boot.test.mock.mockito.MockitoTestExecutionListener, org.springframework.boot.test.mock.mockito.ResetMocksTestExecutionListener, org.springframework.test.context.web.ServletTestExecutionListener, org.springframework.test.context.support.DirtiesContextBeforeModesTestExecutionListener, org.springframework.test.context.event.ApplicationEventsTestExecutionListener, org.springframework.test.context.support.DependencyInjectionTestExecutionListener, org.springframework.test.context.support.DirtiesContextTestExecutionListener, org.springframework.test.context.transaction.TransactionalTestExecutionListener, org.springframework.test.context.jdbc.SqlScriptsTestExecutionListener, org.springframework.test.context.event.EventPublishingTestExecutionListener]
    2026-04-15 09:04:27.674  INFO 83996 --- [    Test worker] m.s.b.t.a.MybatisTestContextBootstrapper : Using TestExecutionListeners: [org.springframework.test.context.web.ServletTestExecutionListener@54c77b89, org.springframework.test.context.support.DirtiesContextBeforeModesTestExecutionListener@256ea0d6, org.springframework.test.context.event.ApplicationEventsTestExecutionListener@676bccaa, org.springframework.boot.test.mock.mockito.MockitoTestExecutionListener@68abd5e2, org.springframework.boot.test.autoconfigure.SpringBootDependencyInjectionTestExecutionListener@75fe04d, org.springframework.test.context.support.DirtiesContextTestExecutionListener@57679860, org.springframework.test.context.transaction.TransactionalTestExecutionListener@6ed000ba, org.springframework.test.context.jdbc.SqlScriptsTestExecutionListener@5862dc47, org.springframework.security.test.context.support.WithSecurityContextTestExecutionListener@20c7028e, org.springframework.test.context.event.EventPublishingTestExecutionListener@4b082a6e, org.springframework.security.test.context.support.ReactorContextTestExecutionListener@25b33665, org.springframework.boot.test.autoconfigure.restdocs.RestDocsTestExecutionListener@6b7d4670, org.springframework.boot.test.autoconfigure.web.client.MockRestServiceServerResetTestExecutionListener@7336fae3, org.springframework.boot.test.autoconfigure.web.servlet.MockMvcPrintOnlyOnFailureTestExecutionListener@79e7f5b1, org.springframework.boot.test.autoconfigure.web.servlet.WebDriverTestExecutionListener@45dbf4f6, org.springframework.boot.test.autoconfigure.webservices.client.MockWebServiceServerTestExecutionListener@449464fb, org.springframework.boot.test.mock.mockito.ResetMocksTestExecutionListener@b17f68]

      .   ____          _            __ _ _
     /\\ / ___'_ __ _ _(_)_ __  __ _ \ \ \ \
    ( ( )\___ | '_ | '_| | '_ \/ _` | \ \ \ \
     \\/  ___)| |_)| | | | | || (_| |  ) ) ) )
      '  |____| .__|_| |_|_| |_\__, | / / / /
     =========|_|==============|___/=/_/_/_/
     :: Spring Boot ::                (v2.6.3)

    2026-04-15 09:04:27.687  INFO 83996 --- [    Test worker] i.s.i.c.MyBatisCommentRepositoryTest     : Starting MyBatisCommentRepositoryTest using Java 11.0.30 on devin-box with PID 83996 (started by ubuntu in /home/ubuntu/repos/spring-boot-realworld-example-app)
    2026-04-15 09:04:27.687  INFO 83996 --- [    Test worker] i.s.i.c.MyBatisCommentRepositoryTest     : The following profiles are active: test
    2026-04-15 09:04:27.820  INFO 83996 --- [    Test worker] com.zaxxer.hikari.HikariDataSource       : HikariPool-8 - Starting...
    2026-04-15 09:04:27.821  INFO 83996 --- [    Test worker] com.zaxxer.hikari.HikariDataSource       : HikariPool-8 - Start completed.
    2026-04-15 09:04:27.821  INFO 83996 --- [    Test worker] o.f.c.internal.license.VersionPrinter    : Flyway Community Edition 8.0.5 by Redgate
    2026-04-15 09:04:27.821  INFO 83996 --- [    Test worker] o.f.c.i.database.base.BaseDatabaseType   : Database: jdbc:sqlite::memory: (SQLite 3.36)
    2026-04-15 09:04:27.822  INFO 83996 --- [    Test worker] o.f.core.internal.command.DbValidate     : Successfully validated 1 migration (execution time 00:00.000s)
    2026-04-15 09:04:27.822  INFO 83996 --- [    Test worker] o.f.c.i.s.JdbcTableSchemaHistory         : Creating Schema History table "main"."flyway_schema_history" ...
    2026-04-15 09:04:27.823  INFO 83996 --- [    Test worker] o.f.core.internal.command.DbMigrate      : Current version of schema "main": << Empty Schema >>
    2026-04-15 09:04:27.825  INFO 83996 --- [    Test worker] o.f.core.internal.command.DbMigrate      : Migrating schema "main" to version "1 - create tables"
    2026-04-15 09:04:27.826  INFO 83996 --- [    Test worker] o.f.core.internal.command.DbMigrate      : Successfully applied 1 migration to schema "main", now at version v1 (execution time 00:00.003s)
    2026-04-15 09:04:27.844  INFO 83996 --- [    Test worker] i.s.i.c.MyBatisCommentRepositoryTest     : Started MyBatisCommentRepositoryTest in 0.167 seconds (JVM running for 15.452)

MyBatisCommentRepositoryTest > should_create_and_fetch_comment_success() STANDARD_OUT
    2026-04-15 09:04:27.846  INFO 83996 --- [    Test worker] o.s.t.c.transaction.TransactionContext   : Began transaction (1) for test context [DefaultTestContext@5d79fade testClass = MyBatisCommentRepositoryTest, testInstance = io.spring.infrastructure.comment.MyBatisCommentRepositoryTest@33966111, testMethod = should_create_and_fetch_comment_success@MyBatisCommentRepositoryTest, testException = [null], mergedContextConfiguration = [MergedContextConfiguration@6d61cfe4 testClass = MyBatisCommentRepositoryTest, locations = '{}', classes = '{class io.spring.RealWorldApplication}', contextInitializerClasses = '[]', activeProfiles = '{test}', propertySourceLocations = '{}', propertySourceProperties = '{org.mybatis.spring.boot.test.autoconfigure.MybatisTestContextBootstrapper=true}', contextCustomizers = set[org.springframework.boot.test.autoconfigure.OverrideAutoConfigurationContextCustomizerFactory$DisableAutoConfigurationContextCustomizer@4e9bd2c8, org.springframework.boot.test.autoconfigure.actuate.metrics.MetricsExportContextCustomizerFactory$DisableMetricExportContextCustomizer@146587a2, org.springframework.boot.test.autoconfigure.filter.TypeExcludeFiltersContextCustomizer@351584c0, org.springframework.boot.test.autoconfigure.properties.PropertyMappingContextCustomizer@a3d5432f, org.springframework.boot.test.autoconfigure.web.servlet.WebDriverContextCustomizerFactory$Customizer@115667d, [ImportsContextCustomizer@592afd3 key = [io.spring.infrastructure.repository.MyBatisCommentRepository, org.springframework.boot.test.autoconfigure.jdbc.TestDatabaseAutoConfiguration, org.springframework.boot.autoconfigure.jdbc.DataSourceAutoConfiguration, org.springframework.boot.autoconfigure.cache.CacheAutoConfiguration, org.springframework.boot.autoconfigure.flyway.FlywayAutoConfiguration, org.springframework.boot.autoconfigure.jdbc.DataSourceTransactionManagerAutoConfiguration, org.springframework.boot.autoconfigure.jdbc.JdbcTemplateAutoConfiguration, org.springframework.boot.autoconfigure.liquibase.LiquibaseAutoConfiguration, org.springframework.boot.autoconfigure.transaction.TransactionAutoConfiguration, org.springframework.boot.autoconfigure.sql.init.SqlInitializationAutoConfiguration, org.mybatis.spring.boot.autoconfigure.MybatisLanguageDriverAutoConfiguration, org.mybatis.spring.boot.autoconfigure.MybatisAutoConfiguration]], org.springframework.boot.test.context.filter.ExcludeFilterContextCustomizer@497486b3, org.springframework.boot.test.json.DuplicateJsonObjectContextCustomizerFactory$DuplicateJsonObjectContextCustomizer@6127a7e, org.springframework.boot.test.mock.mockito.MockitoContextCustomizer@0, org.springframework.boot.test.context.SpringBootTestArgs@1, org.springframework.boot.test.context.SpringBootTestWebEnvironment@0], contextLoader = 'org.springframework.boot.test.context.SpringBootContextLoader', parent = [null]], attributes = map['org.springframework.test.context.event.ApplicationEventsTestExecutionListener.recordApplicationEvents' -> false]]; transaction manager [org.springframework.jdbc.support.JdbcTransactionManager@172f0ab5]; rollback [true]
    2026-04-15 09:04:27.848 DEBUG 83996 --- [    Test worker] i.s.i.m.mapper.CommentMapper.insert      : ==>  Preparing: insert into comments(id, body, user_id, article_id, created_at, updated_at) values ( ?, ?, ?, ?, ?, ? )
    2026-04-15 09:04:27.848 DEBUG 83996 --- [    Test worker] i.s.i.m.mapper.CommentMapper.insert      : ==> Parameters: 62083fce-c4f3-4304-a73d-9a61cce1c7cd(String), content(String), 123(String), 456(String), 2026-04-15 09:04:27.847(Timestamp), 2026-04-15 09:04:27.847(Timestamp)
    2026-04-15 09:04:27.848 DEBUG 83996 --- [    Test worker] i.s.i.m.mapper.CommentMapper.insert      : <==    Updates: 1
    2026-04-15 09:04:27.848 DEBUG 83996 --- [    Test worker] i.s.i.m.mapper.CommentMapper.findById    : ==>  Preparing: select id commentId, body commentBody, user_id commentUserId, article_id commentArticleId, created_at commentCreatedAt from comments where id = ? and article_id = ?
    2026-04-15 09:04:27.848 DEBUG 83996 --- [    Test worker] i.s.i.m.mapper.CommentMapper.findById    : ==> Parameters: 62083fce-c4f3-4304-a73d-9a61cce1c7cd(String), 456(String)
    2026-04-15 09:04:27.849 DEBUG 83996 --- [    Test worker] i.s.i.m.mapper.CommentMapper.findById    : <==      Total: 1
    2026-04-15 09:04:27.850  INFO 83996 --- [    Test worker] o.s.t.c.transaction.TransactionContext   : Rolled back transaction for test: [DefaultTestContext@5d79fade testClass = MyBatisCommentRepositoryTest, testInstance = io.spring.infrastructure.comment.MyBatisCommentRepositoryTest@33966111, testMethod = should_create_and_fetch_comment_success@MyBatisCommentRepositoryTest, testException = [null], mergedContextConfiguration = [MergedContextConfiguration@6d61cfe4 testClass = MyBatisCommentRepositoryTest, locations = '{}', classes = '{class io.spring.RealWorldApplication}', contextInitializerClasses = '[]', activeProfiles = '{test}', propertySourceLocations = '{}', propertySourceProperties = '{org.mybatis.spring.boot.test.autoconfigure.MybatisTestContextBootstrapper=true}', contextCustomizers = set[org.springframework.boot.test.autoconfigure.OverrideAutoConfigurationContextCustomizerFactory$DisableAutoConfigurationContextCustomizer@4e9bd2c8, org.springframework.boot.test.autoconfigure.actuate.metrics.MetricsExportContextCustomizerFactory$DisableMetricExportContextCustomizer@146587a2, org.springframework.boot.test.autoconfigure.filter.TypeExcludeFiltersContextCustomizer@351584c0, org.springframework.boot.test.autoconfigure.properties.PropertyMappingContextCustomizer@a3d5432f, org.springframework.boot.test.autoconfigure.web.servlet.WebDriverContextCustomizerFactory$Customizer@115667d, [ImportsContextCustomizer@592afd3 key = [io.spring.infrastructure.repository.MyBatisCommentRepository, org.springframework.boot.test.autoconfigure.jdbc.TestDatabaseAutoConfiguration, org.springframework.boot.autoconfigure.jdbc.DataSourceAutoConfiguration, org.springframework.boot.autoconfigure.cache.CacheAutoConfiguration, org.springframework.boot.autoconfigure.flyway.FlywayAutoConfiguration, org.springframework.boot.autoconfigure.jdbc.DataSourceTransactionManagerAutoConfiguration, org.springframework.boot.autoconfigure.jdbc.JdbcTemplateAutoConfiguration, org.springframework.boot.autoconfigure.liquibase.LiquibaseAutoConfiguration, org.springframework.boot.autoconfigure.transaction.TransactionAutoConfiguration, org.springframework.boot.autoconfigure.sql.init.SqlInitializationAutoConfiguration, org.mybatis.spring.boot.autoconfigure.MybatisLanguageDriverAutoConfiguration, org.mybatis.spring.boot.autoconfigure.MybatisAutoConfiguration]], org.springframework.boot.test.context.filter.ExcludeFilterContextCustomizer@497486b3, org.springframework.boot.test.json.DuplicateJsonObjectContextCustomizerFactory$DuplicateJsonObjectContextCustomizer@6127a7e, org.springframework.boot.test.mock.mockito.MockitoContextCustomizer@0, org.springframework.boot.test.context.SpringBootTestArgs@1, org.springframework.boot.test.context.SpringBootTestWebEnvironment@0], contextLoader = 'org.springframework.boot.test.context.SpringBootContextLoader', parent = [null]], attributes = map['org.springframework.test.context.event.ApplicationEventsTestExecutionListener.recordApplicationEvents' -> false]]

MyBatisArticleFavoriteRepositoryTest STANDARD_OUT
    2026-04-15 09:04:27.851  INFO 83996 --- [    Test worker] m.s.b.t.a.MybatisTestContextBootstrapper : Neither @ContextConfiguration nor @ContextHierarchy found for test class [io.spring.infrastructure.favorite.MyBatisArticleFavoriteRepositoryTest], using SpringBootContextLoader
    2026-04-15 09:04:27.852  INFO 83996 --- [    Test worker] o.s.t.c.support.AbstractContextLoader    : Could not detect default resource locations for test class [io.spring.infrastructure.favorite.MyBatisArticleFavoriteRepositoryTest]: no resource found for suffixes {-context.xml, Context.groovy}.
    2026-04-15 09:04:27.852  INFO 83996 --- [    Test worker] t.c.s.AnnotationConfigContextLoaderUtils : Could not detect default configuration classes for test class [io.spring.infrastructure.favorite.MyBatisArticleFavoriteRepositoryTest]: MyBatisArticleFavoriteRepositoryTest does not declare any static, non-private, non-final, nested classes annotated with @Configuration.
    2026-04-15 09:04:27.856  INFO 83996 --- [    Test worker] .b.t.c.SpringBootTestContextBootstrapper : Found @SpringBootConfiguration io.spring.RealWorldApplication for test class io.spring.infrastructure.favorite.MyBatisArticleFavoriteRepositoryTest
    2026-04-15 09:04:27.856  INFO 83996 --- [    Test worker] m.s.b.t.a.MybatisTestContextBootstrapper : Loaded default TestExecutionListener class names from location [META-INF/spring.factories]: [org.springframework.security.test.context.support.WithSecurityContextTestExecutionListener, org.springframework.security.test.context.support.ReactorContextTestExecutionListener, org.springframework.boot.test.autoconfigure.restdocs.RestDocsTestExecutionListener, org.springframework.boot.test.autoconfigure.web.client.MockRestServiceServerResetTestExecutionListener, org.springframework.boot.test.autoconfigure.web.servlet.MockMvcPrintOnlyOnFailureTestExecutionListener, org.springframework.boot.test.autoconfigure.web.servlet.WebDriverTestExecutionListener, org.springframework.boot.test.autoconfigure.webservices.client.MockWebServiceServerTestExecutionListener, org.springframework.boot.test.mock.mockito.MockitoTestExecutionListener, org.springframework.boot.test.mock.mockito.ResetMocksTestExecutionListener, org.springframework.test.context.web.ServletTestExecutionListener, org.springframework.test.context.support.DirtiesContextBeforeModesTestExecutionListener, org.springframework.test.context.event.ApplicationEventsTestExecutionListener, org.springframework.test.context.support.DependencyInjectionTestExecutionListener, org.springframework.test.context.support.DirtiesContextTestExecutionListener, org.springframework.test.context.transaction.TransactionalTestExecutionListener, org.springframework.test.context.jdbc.SqlScriptsTestExecutionListener, org.springframework.test.context.event.EventPublishingTestExecutionListener]
    2026-04-15 09:04:27.857  INFO 83996 --- [    Test worker] m.s.b.t.a.MybatisTestContextBootstrapper : Using TestExecutionListeners: [org.springframework.test.context.web.ServletTestExecutionListener@627f515c, org.springframework.test.context.support.DirtiesContextBeforeModesTestExecutionListener@688d3e2a, org.springframework.test.context.event.ApplicationEventsTestExecutionListener@4fc2e703, org.springframework.boot.test.mock.mockito.MockitoTestExecutionListener@6845895c, org.springframework.boot.test.autoconfigure.SpringBootDependencyInjectionTestExecutionListener@70a8c0b9, org.springframework.test.context.support.DirtiesContextTestExecutionListener@7155dce8, org.springframework.test.context.transaction.TransactionalTestExecutionListener@29f7c73e, org.springframework.test.context.jdbc.SqlScriptsTestExecutionListener@6dbcb435, org.springframework.security.test.context.support.WithSecurityContextTestExecutionListener@5b270c33, org.springframework.test.context.event.EventPublishingTestExecutionListener@4ca3923, org.springframework.security.test.context.support.ReactorContextTestExecutionListener@1313d0b3, org.springframework.boot.test.autoconfigure.restdocs.RestDocsTestExecutionListener@1b06c3f8, org.springframework.boot.test.autoconfigure.web.client.MockRestServiceServerResetTestExecutionListener@78a3023f, org.springframework.boot.test.autoconfigure.web.servlet.MockMvcPrintOnlyOnFailureTestExecutionListener@2d752f29, org.springframework.boot.test.autoconfigure.web.servlet.WebDriverTestExecutionListener@20eee47c, org.springframework.boot.test.autoconfigure.webservices.client.MockWebServiceServerTestExecutionListener@d5aea9a, org.springframework.boot.test.mock.mockito.ResetMocksTestExecutionListener@6d88a3f4]

      .   ____          _            __ _ _
     /\\ / ___'_ __ _ _(_)_ __  __ _ \ \ \ \
    ( ( )\___ | '_ | '_| | '_ \/ _` | \ \ \ \
     \\/  ___)| |_)| | | | | || (_| |  ) ) ) )
      '  |____| .__|_| |_|_| |_\__, | / / / /
     =========|_|==============|___/=/_/_/_/
     :: Spring Boot ::                (v2.6.3)

    2026-04-15 09:04:27.868  INFO 83996 --- [    Test worker] i.f.MyBatisArticleFavoriteRepositoryTest : Starting MyBatisArticleFavoriteRepositoryTest using Java 11.0.30 on devin-box with PID 83996 (started by ubuntu in /home/ubuntu/repos/spring-boot-realworld-example-app)
    2026-04-15 09:04:27.869  INFO 83996 --- [    Test worker] i.f.MyBatisArticleFavoriteRepositoryTest : The following profiles are active: test
    2026-04-15 09:04:28.000  INFO 83996 --- [    Test worker] com.zaxxer.hikari.HikariDataSource       : HikariPool-9 - Starting...
    2026-04-15 09:04:28.001  INFO 83996 --- [    Test worker] com.zaxxer.hikari.HikariDataSource       : HikariPool-9 - Start completed.
    2026-04-15 09:04:28.001  INFO 83996 --- [    Test worker] o.f.c.internal.license.VersionPrinter    : Flyway Community Edition 8.0.5 by Redgate
    2026-04-15 09:04:28.001  INFO 83996 --- [    Test worker] o.f.c.i.database.base.BaseDatabaseType   : Database: jdbc:sqlite::memory: (SQLite 3.36)
    2026-04-15 09:04:28.002  INFO 83996 --- [    Test worker] o.f.core.internal.command.DbValidate     : Successfully validated 1 migration (execution time 00:00.000s)
    2026-04-15 09:04:28.003  INFO 83996 --- [    Test worker] o.f.c.i.s.JdbcTableSchemaHistory         : Creating Schema History table "main"."flyway_schema_history" ...
    2026-04-15 09:04:28.004  INFO 83996 --- [    Test worker] o.f.core.internal.command.DbMigrate      : Current version of schema "main": << Empty Schema >>
    2026-04-15 09:04:28.006  INFO 83996 --- [    Test worker] o.f.core.internal.command.DbMigrate      : Migrating schema "main" to version "1 - create tables"
    2026-04-15 09:04:28.007  INFO 83996 --- [    Test worker] o.f.core.internal.command.DbMigrate      : Successfully applied 1 migration to schema "main", now at version v1 (execution time 00:00.002s)
    2026-04-15 09:04:28.025  INFO 83996 --- [    Test worker] i.f.MyBatisArticleFavoriteRepositoryTest : Started MyBatisArticleFavoriteRepositoryTest in 0.166 seconds (JVM running for 15.634)

MyBatisArticleFavoriteRepositoryTest > should_remove_favorite_success() STANDARD_OUT
    2026-04-15 09:04:28.028  INFO 83996 --- [    Test worker] o.s.t.c.transaction.TransactionContext   : Began transaction (1) for test context [DefaultTestContext@213031ce testClass = MyBatisArticleFavoriteRepositoryTest, testInstance = io.spring.infrastructure.favorite.MyBatisArticleFavoriteRepositoryTest@4a49b26f, testMethod = should_remove_favorite_success@MyBatisArticleFavoriteRepositoryTest, testException = [null], mergedContextConfiguration = [MergedContextConfiguration@e9b227f testClass = MyBatisArticleFavoriteRepositoryTest, locations = '{}', classes = '{class io.spring.RealWorldApplication}', contextInitializerClasses = '[]', activeProfiles = '{test}', propertySourceLocations = '{}', propertySourceProperties = '{org.mybatis.spring.boot.test.autoconfigure.MybatisTestContextBootstrapper=true}', contextCustomizers = set[org.springframework.boot.test.autoconfigure.OverrideAutoConfigurationContextCustomizerFactory$DisableAutoConfigurationContextCustomizer@4e9bd2c8, org.springframework.boot.test.autoconfigure.actuate.metrics.MetricsExportContextCustomizerFactory$DisableMetricExportContextCustomizer@146587a2, org.springframework.boot.test.autoconfigure.filter.TypeExcludeFiltersContextCustomizer@351584c0, org.springframework.boot.test.autoconfigure.properties.PropertyMappingContextCustomizer@a3d5432f, org.springframework.boot.test.autoconfigure.web.servlet.WebDriverContextCustomizerFactory$Customizer@115667d, [ImportsContextCustomizer@49a344c7 key = [io.spring.infrastructure.repository.MyBatisArticleFavoriteRepository, org.springframework.boot.test.autoconfigure.jdbc.TestDatabaseAutoConfiguration, org.springframework.boot.autoconfigure.jdbc.DataSourceAutoConfiguration, org.springframework.boot.autoconfigure.cache.CacheAutoConfiguration, org.springframework.boot.autoconfigure.flyway.FlywayAutoConfiguration, org.springframework.boot.autoconfigure.jdbc.DataSourceTransactionManagerAutoConfiguration, org.springframework.boot.autoconfigure.jdbc.JdbcTemplateAutoConfiguration, org.springframework.boot.autoconfigure.liquibase.LiquibaseAutoConfiguration, org.springframework.boot.autoconfigure.transaction.TransactionAutoConfiguration, org.springframework.boot.autoconfigure.sql.init.SqlInitializationAutoConfiguration, org.mybatis.spring.boot.autoconfigure.MybatisLanguageDriverAutoConfiguration, org.mybatis.spring.boot.autoconfigure.MybatisAutoConfiguration]], org.springframework.boot.test.context.filter.ExcludeFilterContextCustomizer@497486b3, org.springframework.boot.test.json.DuplicateJsonObjectContextCustomizerFactory$DuplicateJsonObjectContextCustomizer@6127a7e, org.springframework.boot.test.mock.mockito.MockitoContextCustomizer@0, org.springframework.boot.test.context.SpringBootTestArgs@1, org.springframework.boot.test.context.SpringBootTestWebEnvironment@0], contextLoader = 'org.springframework.boot.test.context.SpringBootContextLoader', parent = [null]], attributes = map['org.springframework.test.context.event.ApplicationEventsTestExecutionListener.recordApplicationEvents' -> false]]; transaction manager [org.springframework.jdbc.support.JdbcTransactionManager@69bdb27c]; rollback [true]
    2026-04-15 09:04:28.030 DEBUG 83996 --- [    Test worker] i.s.i.m.m.ArticleFavoriteMapper.find     : ==>  Preparing: select AF.article_id articleFavoriteArticleId, AF.user_id articleFavoriteUserId from article_favorites AF where AF.article_id = ? and AF.user_id = ?
    2026-04-15 09:04:28.030 DEBUG 83996 --- [    Test worker] i.s.i.m.m.ArticleFavoriteMapper.find     : ==> Parameters: 123(String), 456(String)
    2026-04-15 09:04:28.030 DEBUG 83996 --- [    Test worker] i.s.i.m.m.ArticleFavoriteMapper.insert   : ==>  Preparing: insert into article_favorites (article_id, user_id) values (?, ?)
    2026-04-15 09:04:28.030 DEBUG 83996 --- [    Test worker] i.s.i.m.m.ArticleFavoriteMapper.insert   : ==> Parameters: 123(String), 456(String)
    2026-04-15 09:04:28.030 DEBUG 83996 --- [    Test worker] i.s.i.m.m.ArticleFavoriteMapper.insert   : <==    Updates: 1
    2026-04-15 09:04:28.031 DEBUG 83996 --- [    Test worker] i.s.i.m.m.ArticleFavoriteMapper.delete   : ==>  Preparing: delete from article_favorites where article_id = ? and user_id = ?
    2026-04-15 09:04:28.031 DEBUG 83996 --- [    Test worker] i.s.i.m.m.ArticleFavoriteMapper.delete   : ==> Parameters: 123(String), 456(String)
    2026-04-15 09:04:28.031 DEBUG 83996 --- [    Test worker] i.s.i.m.m.ArticleFavoriteMapper.delete   : <==    Updates: 1
    2026-04-15 09:04:28.031 DEBUG 83996 --- [    Test worker] i.s.i.m.m.ArticleFavoriteMapper.find     : ==>  Preparing: select AF.article_id articleFavoriteArticleId, AF.user_id articleFavoriteUserId from article_favorites AF where AF.article_id = ? and AF.user_id = ?
    2026-04-15 09:04:28.031 DEBUG 83996 --- [    Test worker] i.s.i.m.m.ArticleFavoriteMapper.find     : ==> Parameters: 123(String), 456(String)
    2026-04-15 09:04:28.032  INFO 83996 --- [    Test worker] o.s.t.c.transaction.TransactionContext   : Rolled back transaction for test: [DefaultTestContext@213031ce testClass = MyBatisArticleFavoriteRepositoryTest, testInstance = io.spring.infrastructure.favorite.MyBatisArticleFavoriteRepositoryTest@4a49b26f, testMethod = should_remove_favorite_success@MyBatisArticleFavoriteRepositoryTest, testException = [null], mergedContextConfiguration = [MergedContextConfiguration@e9b227f testClass = MyBatisArticleFavoriteRepositoryTest, locations = '{}', classes = '{class io.spring.RealWorldApplication}', contextInitializerClasses = '[]', activeProfiles = '{test}', propertySourceLocations = '{}', propertySourceProperties = '{org.mybatis.spring.boot.test.autoconfigure.MybatisTestContextBootstrapper=true}', contextCustomizers = set[org.springframework.boot.test.autoconfigure.OverrideAutoConfigurationContextCustomizerFactory$DisableAutoConfigurationContextCustomizer@4e9bd2c8, org.springframework.boot.test.autoconfigure.actuate.metrics.MetricsExportContextCustomizerFactory$DisableMetricExportContextCustomizer@146587a2, org.springframework.boot.test.autoconfigure.filter.TypeExcludeFiltersContextCustomizer@351584c0, org.springframework.boot.test.autoconfigure.properties.PropertyMappingContextCustomizer@a3d5432f, org.springframework.boot.test.autoconfigure.web.servlet.WebDriverContextCustomizerFactory$Customizer@115667d, [ImportsContextCustomizer@49a344c7 key = [io.spring.infrastructure.repository.MyBatisArticleFavoriteRepository, org.springframework.boot.test.autoconfigure.jdbc.TestDatabaseAutoConfiguration, org.springframework.boot.autoconfigure.jdbc.DataSourceAutoConfiguration, org.springframework.boot.autoconfigure.cache.CacheAutoConfiguration, org.springframework.boot.autoconfigure.flyway.FlywayAutoConfiguration, org.springframework.boot.autoconfigure.jdbc.DataSourceTransactionManagerAutoConfiguration, org.springframework.boot.autoconfigure.jdbc.JdbcTemplateAutoConfiguration, org.springframework.boot.autoconfigure.liquibase.LiquibaseAutoConfiguration, org.springframework.boot.autoconfigure.transaction.TransactionAutoConfiguration, org.springframework.boot.autoconfigure.sql.init.SqlInitializationAutoConfiguration, org.mybatis.spring.boot.autoconfigure.MybatisLanguageDriverAutoConfiguration, org.mybatis.spring.boot.autoconfigure.MybatisAutoConfiguration]], org.springframework.boot.test.context.filter.ExcludeFilterContextCustomizer@497486b3, org.springframework.boot.test.json.DuplicateJsonObjectContextCustomizerFactory$DuplicateJsonObjectContextCustomizer@6127a7e, org.springframework.boot.test.mock.mockito.MockitoContextCustomizer@0, org.springframework.boot.test.context.SpringBootTestArgs@1, org.springframework.boot.test.context.SpringBootTestWebEnvironment@0], contextLoader = 'org.springframework.boot.test.context.SpringBootContextLoader', parent = [null]], attributes = map['org.springframework.test.context.event.ApplicationEventsTestExecutionListener.recordApplicationEvents' -> false]]

MyBatisArticleFavoriteRepositoryTest > should_save_and_fetch_articleFavorite_success() STANDARD_OUT
    2026-04-15 09:04:28.036  INFO 83996 --- [    Test worker] o.s.t.c.transaction.TransactionContext   : Began transaction (1) for test context [DefaultTestContext@213031ce testClass = MyBatisArticleFavoriteRepositoryTest, testInstance = io.spring.infrastructure.favorite.MyBatisArticleFavoriteRepositoryTest@6ae91e0b, testMethod = should_save_and_fetch_articleFavorite_success@MyBatisArticleFavoriteRepositoryTest, testException = [null], mergedContextConfiguration = [MergedContextConfiguration@e9b227f testClass = MyBatisArticleFavoriteRepositoryTest, locations = '{}', classes = '{class io.spring.RealWorldApplication}', contextInitializerClasses = '[]', activeProfiles = '{test}', propertySourceLocations = '{}', propertySourceProperties = '{org.mybatis.spring.boot.test.autoconfigure.MybatisTestContextBootstrapper=true}', contextCustomizers = set[org.springframework.boot.test.autoconfigure.OverrideAutoConfigurationContextCustomizerFactory$DisableAutoConfigurationContextCustomizer@4e9bd2c8, org.springframework.boot.test.autoconfigure.actuate.metrics.MetricsExportContextCustomizerFactory$DisableMetricExportContextCustomizer@146587a2, org.springframework.boot.test.autoconfigure.filter.TypeExcludeFiltersContextCustomizer@351584c0, org.springframework.boot.test.autoconfigure.properties.PropertyMappingContextCustomizer@a3d5432f, org.springframework.boot.test.autoconfigure.web.servlet.WebDriverContextCustomizerFactory$Customizer@115667d, [ImportsContextCustomizer@49a344c7 key = [io.spring.infrastructure.repository.MyBatisArticleFavoriteRepository, org.springframework.boot.test.autoconfigure.jdbc.TestDatabaseAutoConfiguration, org.springframework.boot.autoconfigure.jdbc.DataSourceAutoConfiguration, org.springframework.boot.autoconfigure.cache.CacheAutoConfiguration, org.springframework.boot.autoconfigure.flyway.FlywayAutoConfiguration, org.springframework.boot.autoconfigure.jdbc.DataSourceTransactionManagerAutoConfiguration, org.springframework.boot.autoconfigure.jdbc.JdbcTemplateAutoConfiguration, org.springframework.boot.autoconfigure.liquibase.LiquibaseAutoConfiguration, org.springframework.boot.autoconfigure.transaction.TransactionAutoConfiguration, org.springframework.boot.autoconfigure.sql.init.SqlInitializationAutoConfiguration, org.mybatis.spring.boot.autoconfigure.MybatisLanguageDriverAutoConfiguration, org.mybatis.spring.boot.autoconfigure.MybatisAutoConfiguration]], org.springframework.boot.test.context.filter.ExcludeFilterContextCustomizer@497486b3, org.springframework.boot.test.json.DuplicateJsonObjectContextCustomizerFactory$DuplicateJsonObjectContextCustomizer@6127a7e, org.springframework.boot.test.mock.mockito.MockitoContextCustomizer@0, org.springframework.boot.test.context.SpringBootTestArgs@1, org.springframework.boot.test.context.SpringBootTestWebEnvironment@0], contextLoader = 'org.springframework.boot.test.context.SpringBootContextLoader', parent = [null]], attributes = map['org.springframework.test.context.event.ApplicationEventsTestExecutionListener.recordApplicationEvents' -> false]]; transaction manager [org.springframework.jdbc.support.JdbcTransactionManager@69bdb27c]; rollback [true]
    2026-04-15 09:04:28.037 DEBUG 83996 --- [    Test worker] i.s.i.m.m.ArticleFavoriteMapper.find     : ==>  Preparing: select AF.article_id articleFavoriteArticleId, AF.user_id articleFavoriteUserId from article_favorites AF where AF.article_id = ? and AF.user_id = ?
    2026-04-15 09:04:28.038 DEBUG 83996 --- [    Test worker] i.s.i.m.m.ArticleFavoriteMapper.find     : ==> Parameters: 123(String), 456(String)
    2026-04-15 09:04:28.038 DEBUG 83996 --- [    Test worker] i.s.i.m.m.ArticleFavoriteMapper.insert   : ==>  Preparing: insert into article_favorites (article_id, user_id) values (?, ?)
    2026-04-15 09:04:28.038 DEBUG 83996 --- [    Test worker] i.s.i.m.m.ArticleFavoriteMapper.insert   : ==> Parameters: 123(String), 456(String)
    2026-04-15 09:04:28.038 DEBUG 83996 --- [    Test worker] i.s.i.m.m.ArticleFavoriteMapper.insert   : <==    Updates: 1
    2026-04-15 09:04:28.038 DEBUG 83996 --- [    Test worker] i.s.i.m.m.ArticleFavoriteMapper.find     : ==>  Preparing: select AF.article_id articleFavoriteArticleId, AF.user_id articleFavoriteUserId from article_favorites AF where AF.article_id = ? and AF.user_id = ?
    2026-04-15 09:04:28.038 DEBUG 83996 --- [    Test worker] i.s.i.m.m.ArticleFavoriteMapper.find     : ==> Parameters: 123(String), 456(String)
    2026-04-15 09:04:28.039 DEBUG 83996 --- [    Test worker] i.s.i.m.m.ArticleFavoriteMapper.find     : <==      Total: 1
    2026-04-15 09:04:28.040  INFO 83996 --- [    Test worker] o.s.t.c.transaction.TransactionContext   : Rolled back transaction for test: [DefaultTestContext@213031ce testClass = MyBatisArticleFavoriteRepositoryTest, testInstance = io.spring.infrastructure.favorite.MyBatisArticleFavoriteRepositoryTest@6ae91e0b, testMethod = should_save_and_fetch_articleFavorite_success@MyBatisArticleFavoriteRepositoryTest, testException = [null], mergedContextConfiguration = [MergedContextConfiguration@e9b227f testClass = MyBatisArticleFavoriteRepositoryTest, locations = '{}', classes = '{class io.spring.RealWorldApplication}', contextInitializerClasses = '[]', activeProfiles = '{test}', propertySourceLocations = '{}', propertySourceProperties = '{org.mybatis.spring.boot.test.autoconfigure.MybatisTestContextBootstrapper=true}', contextCustomizers = set[org.springframework.boot.test.autoconfigure.OverrideAutoConfigurationContextCustomizerFactory$DisableAutoConfigurationContextCustomizer@4e9bd2c8, org.springframework.boot.test.autoconfigure.actuate.metrics.MetricsExportContextCustomizerFactory$DisableMetricExportContextCustomizer@146587a2, org.springframework.boot.test.autoconfigure.filter.TypeExcludeFiltersContextCustomizer@351584c0, org.springframework.boot.test.autoconfigure.properties.PropertyMappingContextCustomizer@a3d5432f, org.springframework.boot.test.autoconfigure.web.servlet.WebDriverContextCustomizerFactory$Customizer@115667d, [ImportsContextCustomizer@49a344c7 key = [io.spring.infrastructure.repository.MyBatisArticleFavoriteRepository, org.springframework.boot.test.autoconfigure.jdbc.TestDatabaseAutoConfiguration, org.springframework.boot.autoconfigure.jdbc.DataSourceAutoConfiguration, org.springframework.boot.autoconfigure.cache.CacheAutoConfiguration, org.springframework.boot.autoconfigure.flyway.FlywayAutoConfiguration, org.springframework.boot.autoconfigure.jdbc.DataSourceTransactionManagerAutoConfiguration, org.springframework.boot.autoconfigure.jdbc.JdbcTemplateAutoConfiguration, org.springframework.boot.autoconfigure.liquibase.LiquibaseAutoConfiguration, org.springframework.boot.autoconfigure.transaction.TransactionAutoConfiguration, org.springframework.boot.autoconfigure.sql.init.SqlInitializationAutoConfiguration, org.mybatis.spring.boot.autoconfigure.MybatisLanguageDriverAutoConfiguration, org.mybatis.spring.boot.autoconfigure.MybatisAutoConfiguration]], org.springframework.boot.test.context.filter.ExcludeFilterContextCustomizer@497486b3, org.springframework.boot.test.json.DuplicateJsonObjectContextCustomizerFactory$DuplicateJsonObjectContextCustomizer@6127a7e, org.springframework.boot.test.mock.mockito.MockitoContextCustomizer@0, org.springframework.boot.test.context.SpringBootTestArgs@1, org.springframework.boot.test.context.SpringBootTestWebEnvironment@0], contextLoader = 'org.springframework.boot.test.context.SpringBootContextLoader', parent = [null]], attributes = map['org.springframework.test.context.event.ApplicationEventsTestExecutionListener.recordApplicationEvents' -> false]]

MyBatisUserRepositoryTest STANDARD_OUT
    2026-04-15 09:04:28.106  INFO 83996 --- [    Test worker] m.s.b.t.a.MybatisTestContextBootstrapper : Neither @ContextConfiguration nor @ContextHierarchy found for test class [io.spring.infrastructure.user.MyBatisUserRepositoryTest], using SpringBootContextLoader
    2026-04-15 09:04:28.106  INFO 83996 --- [    Test worker] o.s.t.c.support.AbstractContextLoader    : Could not detect default resource locations for test class [io.spring.infrastructure.user.MyBatisUserRepositoryTest]: no resource found for suffixes {-context.xml, Context.groovy}.
    2026-04-15 09:04:28.107  INFO 83996 --- [    Test worker] t.c.s.AnnotationConfigContextLoaderUtils : Could not detect default configuration classes for test class [io.spring.infrastructure.user.MyBatisUserRepositoryTest]: MyBatisUserRepositoryTest does not declare any static, non-private, non-final, nested classes annotated with @Configuration.
    2026-04-15 09:04:28.110  INFO 83996 --- [    Test worker] .b.t.c.SpringBootTestContextBootstrapper : Found @SpringBootConfiguration io.spring.RealWorldApplication for test class io.spring.infrastructure.user.MyBatisUserRepositoryTest
    2026-04-15 09:04:28.111  INFO 83996 --- [    Test worker] m.s.b.t.a.MybatisTestContextBootstrapper : Loaded default TestExecutionListener class names from location [META-INF/spring.factories]: [org.springframework.security.test.context.support.WithSecurityContextTestExecutionListener, org.springframework.security.test.context.support.ReactorContextTestExecutionListener, org.springframework.boot.test.autoconfigure.restdocs.RestDocsTestExecutionListener, org.springframework.boot.test.autoconfigure.web.client.MockRestServiceServerResetTestExecutionListener, org.springframework.boot.test.autoconfigure.web.servlet.MockMvcPrintOnlyOnFailureTestExecutionListener, org.springframework.boot.test.autoconfigure.web.servlet.WebDriverTestExecutionListener, org.springframework.boot.test.autoconfigure.webservices.client.MockWebServiceServerTestExecutionListener, org.springframework.boot.test.mock.mockito.MockitoTestExecutionListener, org.springframework.boot.test.mock.mockito.ResetMocksTestExecutionListener, org.springframework.test.context.web.ServletTestExecutionListener, org.springframework.test.context.support.DirtiesContextBeforeModesTestExecutionListener, org.springframework.test.context.event.ApplicationEventsTestExecutionListener, org.springframework.test.context.support.DependencyInjectionTestExecutionListener, org.springframework.test.context.support.DirtiesContextTestExecutionListener, org.springframework.test.context.transaction.TransactionalTestExecutionListener, org.springframework.test.context.jdbc.SqlScriptsTestExecutionListener, org.springframework.test.context.event.EventPublishingTestExecutionListener]
    2026-04-15 09:04:28.111  INFO 83996 --- [    Test worker] m.s.b.t.a.MybatisTestContextBootstrapper : Using TestExecutionListeners: [org.springframework.test.context.web.ServletTestExecutionListener@11f237b3, org.springframework.test.context.support.DirtiesContextBeforeModesTestExecutionListener@1c22aae1, org.springframework.test.context.event.ApplicationEventsTestExecutionListener@9129682, org.springframework.boot.test.mock.mockito.MockitoTestExecutionListener@58cce034, org.springframework.boot.test.autoconfigure.SpringBootDependencyInjectionTestExecutionListener@58830b31, org.springframework.test.context.support.DirtiesContextTestExecutionListener@517fd762, org.springframework.test.context.transaction.TransactionalTestExecutionListener@4c44ed49, org.springframework.test.context.jdbc.SqlScriptsTestExecutionListener@73b669b5, org.springframework.security.test.context.support.WithSecurityContextTestExecutionListener@332c3e71, org.springframework.test.context.event.EventPublishingTestExecutionListener@1cc73bb1, org.springframework.security.test.context.support.ReactorContextTestExecutionListener@7782b3c5, org.springframework.boot.test.autoconfigure.restdocs.RestDocsTestExecutionListener@37b98741, org.springframework.boot.test.autoconfigure.web.client.MockRestServiceServerResetTestExecutionListener@6534f871, org.springframework.boot.test.autoconfigure.web.servlet.MockMvcPrintOnlyOnFailureTestExecutionListener@400b4dd5, org.springframework.boot.test.autoconfigure.web.servlet.WebDriverTestExecutionListener@2275d28a, org.springframework.boot.test.autoconfigure.webservices.client.MockWebServiceServerTestExecutionListener@598dca0a, org.springframework.boot.test.mock.mockito.ResetMocksTestExecutionListener@1b38563a]

      .   ____          _            __ _ _
     /\\ / ___'_ __ _ _(_)_ __  __ _ \ \ \ \
    ( ( )\___ | '_ | '_| | '_ \/ _` | \ \ \ \
     \\/  ___)| |_)| | | | | || (_| |  ) ) ) )
      '  |____| .__|_| |_|_| |_\__, | / / / /
     =========|_|==============|___/=/_/_/_/
     :: Spring Boot ::                (v2.6.3)

    2026-04-15 09:04:28.126  INFO 83996 --- [    Test worker] i.s.i.user.MyBatisUserRepositoryTest     : Starting MyBatisUserRepositoryTest using Java 11.0.30 on devin-box with PID 83996 (started by ubuntu in /home/ubuntu/repos/spring-boot-realworld-example-app)
    2026-04-15 09:04:28.126  INFO 83996 --- [    Test worker] i.s.i.user.MyBatisUserRepositoryTest     : The following profiles are active: test
    2026-04-15 09:04:28.297  INFO 83996 --- [    Test worker] com.zaxxer.hikari.HikariDataSource       : HikariPool-10 - Starting...
    2026-04-15 09:04:28.298  INFO 83996 --- [    Test worker] com.zaxxer.hikari.HikariDataSource       : HikariPool-10 - Start completed.
    2026-04-15 09:04:28.298  INFO 83996 --- [    Test worker] o.f.c.internal.license.VersionPrinter    : Flyway Community Edition 8.0.5 by Redgate
    2026-04-15 09:04:28.298  INFO 83996 --- [    Test worker] o.f.c.i.database.base.BaseDatabaseType   : Database: jdbc:sqlite::memory: (SQLite 3.36)
    2026-04-15 09:04:28.299  INFO 83996 --- [    Test worker] o.f.core.internal.command.DbValidate     : Successfully validated 1 migration (execution time 00:00.000s)
    2026-04-15 09:04:28.299  INFO 83996 --- [    Test worker] o.f.c.i.s.JdbcTableSchemaHistory         : Creating Schema History table "main"."flyway_schema_history" ...
    2026-04-15 09:04:28.301  INFO 83996 --- [    Test worker] o.f.core.internal.command.DbMigrate      : Current version of schema "main": << Empty Schema >>
    2026-04-15 09:04:28.303  INFO 83996 --- [    Test worker] o.f.core.internal.command.DbMigrate      : Migrating schema "main" to version "1 - create tables"
    2026-04-15 09:04:28.304  INFO 83996 --- [    Test worker] o.f.core.internal.command.DbMigrate      : Successfully applied 1 migration to schema "main", now at version v1 (execution time 00:00.003s)
    2026-04-15 09:04:28.322  INFO 83996 --- [    Test worker] i.s.i.user.MyBatisUserRepositoryTest     : Started MyBatisUserRepositoryTest in 0.209 seconds (JVM running for 15.931)

MyBatisUserRepositoryTest > should_update_user_success() STANDARD_OUT
    2026-04-15 09:04:28.324  INFO 83996 --- [    Test worker] o.s.t.c.transaction.TransactionContext   : Began transaction (1) for test context [DefaultTestContext@38c9a48 testClass = MyBatisUserRepositoryTest, testInstance = io.spring.infrastructure.user.MyBatisUserRepositoryTest@2c2b93df, testMethod = should_update_user_success@MyBatisUserRepositoryTest, testException = [null], mergedContextConfiguration = [MergedContextConfiguration@3fcd5561 testClass = MyBatisUserRepositoryTest, locations = '{}', classes = '{class io.spring.RealWorldApplication}', contextInitializerClasses = '[]', activeProfiles = '{test}', propertySourceLocations = '{}', propertySourceProperties = '{org.mybatis.spring.boot.test.autoconfigure.MybatisTestContextBootstrapper=true}', contextCustomizers = set[org.springframework.boot.test.autoconfigure.OverrideAutoConfigurationContextCustomizerFactory$DisableAutoConfigurationContextCustomizer@4e9bd2c8, org.springframework.boot.test.autoconfigure.actuate.metrics.MetricsExportContextCustomizerFactory$DisableMetricExportContextCustomizer@146587a2, org.springframework.boot.test.autoconfigure.filter.TypeExcludeFiltersContextCustomizer@351584c0, org.springframework.boot.test.autoconfigure.properties.PropertyMappingContextCustomizer@a3d5432f, org.springframework.boot.test.autoconfigure.web.servlet.WebDriverContextCustomizerFactory$Customizer@115667d, [ImportsContextCustomizer@7224267f key = [io.spring.infrastructure.repository.MyBatisUserRepository, org.springframework.boot.test.autoconfigure.jdbc.TestDatabaseAutoConfiguration, org.springframework.boot.autoconfigure.jdbc.DataSourceAutoConfiguration, org.springframework.boot.autoconfigure.cache.CacheAutoConfiguration, org.springframework.boot.autoconfigure.flyway.FlywayAutoConfiguration, org.springframework.boot.autoconfigure.jdbc.DataSourceTransactionManagerAutoConfiguration, org.springframework.boot.autoconfigure.jdbc.JdbcTemplateAutoConfiguration, org.springframework.boot.autoconfigure.liquibase.LiquibaseAutoConfiguration, org.springframework.boot.autoconfigure.transaction.TransactionAutoConfiguration, org.springframework.boot.autoconfigure.sql.init.SqlInitializationAutoConfiguration, org.mybatis.spring.boot.autoconfigure.MybatisLanguageDriverAutoConfiguration, org.mybatis.spring.boot.autoconfigure.MybatisAutoConfiguration]], org.springframework.boot.test.context.filter.ExcludeFilterContextCustomizer@497486b3, org.springframework.boot.test.json.DuplicateJsonObjectContextCustomizerFactory$DuplicateJsonObjectContextCustomizer@6127a7e, org.springframework.boot.test.mock.mockito.MockitoContextCustomizer@0, org.springframework.boot.test.context.SpringBootTestArgs@1, org.springframework.boot.test.context.SpringBootTestWebEnvironment@0], contextLoader = 'org.springframework.boot.test.context.SpringBootContextLoader', parent = [null]], attributes = map['org.springframework.test.context.event.ApplicationEventsTestExecutionListener.recordApplicationEvents' -> false]]; transaction manager [org.springframework.jdbc.support.JdbcTransactionManager@151daca9]; rollback [true]
    2026-04-15 09:04:28.326 DEBUG 83996 --- [    Test worker] i.s.i.m.mapper.UserMapper.findById       : ==>  Preparing: select id, username, email, password, bio, image from users where id = ?
    2026-04-15 09:04:28.326 DEBUG 83996 --- [    Test worker] i.s.i.m.mapper.UserMapper.findById       : ==> Parameters: 68830a59-22cb-44ac-b718-63e29b67bb40(String)
    2026-04-15 09:04:28.326 DEBUG 83996 --- [    Test worker] i.s.i.mybatis.mapper.UserMapper.insert   : ==>  Preparing: insert into users (id, username, email, password, bio, image) values( ?, ?, ?, ?, ?, ? )
    2026-04-15 09:04:28.326 DEBUG 83996 --- [    Test worker] i.s.i.mybatis.mapper.UserMapper.insert   : ==> Parameters: 68830a59-22cb-44ac-b718-63e29b67bb40(String), aisensiy(String), newemail@email.com(String), 123(String), (String), default(String)
    2026-04-15 09:04:28.326 DEBUG 83996 --- [    Test worker] i.s.i.mybatis.mapper.UserMapper.insert   : <==    Updates: 1
    2026-04-15 09:04:28.326 DEBUG 83996 --- [    Test worker] i.s.i.m.m.UserMapper.findByUsername      : ==>  Preparing: select * from users where username = ?
    2026-04-15 09:04:28.326 DEBUG 83996 --- [    Test worker] i.s.i.m.m.UserMapper.findByUsername      : ==> Parameters: aisensiy(String)
    2026-04-15 09:04:28.327 DEBUG 83996 --- [    Test worker] i.s.i.m.m.UserMapper.findByUsername      : <==      Total: 1
    2026-04-15 09:04:28.327 DEBUG 83996 --- [    Test worker] i.s.i.m.mapper.UserMapper.findById       : ==>  Preparing: select id, username, email, password, bio, image from users where id = ?
    2026-04-15 09:04:28.327 DEBUG 83996 --- [    Test worker] i.s.i.m.mapper.UserMapper.findById       : ==> Parameters: 68830a59-22cb-44ac-b718-63e29b67bb40(String)
    2026-04-15 09:04:28.328 DEBUG 83996 --- [    Test worker] i.s.i.m.mapper.UserMapper.findById       : <==      Total: 1
    2026-04-15 09:04:28.329 DEBUG 83996 --- [    Test worker] i.s.i.mybatis.mapper.UserMapper.update   : ==>  Preparing: update users SET username = ?, email = ?, password = ?, image = ? where id = ?
    2026-04-15 09:04:28.329 DEBUG 83996 --- [    Test worker] i.s.i.mybatis.mapper.UserMapper.update   : ==> Parameters: newUsername(String), newemail@email.com(String), 123(String), default(String), 68830a59-22cb-44ac-b718-63e29b67bb40(String)
    2026-04-15 09:04:28.329 DEBUG 83996 --- [    Test worker] i.s.i.mybatis.mapper.UserMapper.update   : <==    Updates: 1
    2026-04-15 09:04:28.329 DEBUG 83996 --- [    Test worker] i.s.i.m.mapper.UserMapper.findByEmail    : ==>  Preparing: select id, username, email, password, bio, image from users where email = ?
    2026-04-15 09:04:28.330 DEBUG 83996 --- [    Test worker] i.s.i.m.mapper.UserMapper.findByEmail    : ==> Parameters: newemail@email.com(String)
    2026-04-15 09:04:28.330 DEBUG 83996 --- [    Test worker] i.s.i.m.mapper.UserMapper.findByEmail    : <==      Total: 1
    2026-04-15 09:04:28.331  INFO 83996 --- [    Test worker] o.s.t.c.transaction.TransactionContext   : Rolled back transaction for test: [DefaultTestContext@38c9a48 testClass = MyBatisUserRepositoryTest, testInstance = io.spring.infrastructure.user.MyBatisUserRepositoryTest@2c2b93df, testMethod = should_update_user_success@MyBatisUserRepositoryTest, testException = [null], mergedContextConfiguration = [MergedContextConfiguration@3fcd5561 testClass = MyBatisUserRepositoryTest, locations = '{}', classes = '{class io.spring.RealWorldApplication}', contextInitializerClasses = '[]', activeProfiles = '{test}', propertySourceLocations = '{}', propertySourceProperties = '{org.mybatis.spring.boot.test.autoconfigure.MybatisTestContextBootstrapper=true}', contextCustomizers = set[org.springframework.boot.test.autoconfigure.OverrideAutoConfigurationContextCustomizerFactory$DisableAutoConfigurationContextCustomizer@4e9bd2c8, org.springframework.boot.test.autoconfigure.actuate.metrics.MetricsExportContextCustomizerFactory$DisableMetricExportContextCustomizer@146587a2, org.springframework.boot.test.autoconfigure.filter.TypeExcludeFiltersContextCustomizer@351584c0, org.springframework.boot.test.autoconfigure.properties.PropertyMappingContextCustomizer@a3d5432f, org.springframework.boot.test.autoconfigure.web.servlet.WebDriverContextCustomizerFactory$Customizer@115667d, [ImportsContextCustomizer@7224267f key = [io.spring.infrastructure.repository.MyBatisUserRepository, org.springframework.boot.test.autoconfigure.jdbc.TestDatabaseAutoConfiguration, org.springframework.boot.autoconfigure.jdbc.DataSourceAutoConfiguration, org.springframework.boot.autoconfigure.cache.CacheAutoConfiguration, org.springframework.boot.autoconfigure.flyway.FlywayAutoConfiguration, org.springframework.boot.autoconfigure.jdbc.DataSourceTransactionManagerAutoConfiguration, org.springframework.boot.autoconfigure.jdbc.JdbcTemplateAutoConfiguration, org.springframework.boot.autoconfigure.liquibase.LiquibaseAutoConfiguration, org.springframework.boot.autoconfigure.transaction.TransactionAutoConfiguration, org.springframework.boot.autoconfigure.sql.init.SqlInitializationAutoConfiguration, org.mybatis.spring.boot.autoconfigure.MybatisLanguageDriverAutoConfiguration, org.mybatis.spring.boot.autoconfigure.MybatisAutoConfiguration]], org.springframework.boot.test.context.filter.ExcludeFilterContextCustomizer@497486b3, org.springframework.boot.test.json.DuplicateJsonObjectContextCustomizerFactory$DuplicateJsonObjectContextCustomizer@6127a7e, org.springframework.boot.test.mock.mockito.MockitoContextCustomizer@0, org.springframework.boot.test.context.SpringBootTestArgs@1, org.springframework.boot.test.context.SpringBootTestWebEnvironment@0], contextLoader = 'org.springframework.boot.test.context.SpringBootContextLoader', parent = [null]], attributes = map['org.springframework.test.context.event.ApplicationEventsTestExecutionListener.recordApplicationEvents' -> false]]

MyBatisUserRepositoryTest > should_create_new_user_follow_success() STANDARD_OUT
    2026-04-15 09:04:28.332  INFO 83996 --- [    Test worker] o.s.t.c.transaction.TransactionContext   : Began transaction (1) for test context [DefaultTestContext@38c9a48 testClass = MyBatisUserRepositoryTest, testInstance = io.spring.infrastructure.user.MyBatisUserRepositoryTest@63af8885, testMethod = should_create_new_user_follow_success@MyBatisUserRepositoryTest, testException = [null], mergedContextConfiguration = [MergedContextConfiguration@3fcd5561 testClass = MyBatisUserRepositoryTest, locations = '{}', classes = '{class io.spring.RealWorldApplication}', contextInitializerClasses = '[]', activeProfiles = '{test}', propertySourceLocations = '{}', propertySourceProperties = '{org.mybatis.spring.boot.test.autoconfigure.MybatisTestContextBootstrapper=true}', contextCustomizers = set[org.springframework.boot.test.autoconfigure.OverrideAutoConfigurationContextCustomizerFactory$DisableAutoConfigurationContextCustomizer@4e9bd2c8, org.springframework.boot.test.autoconfigure.actuate.metrics.MetricsExportContextCustomizerFactory$DisableMetricExportContextCustomizer@146587a2, org.springframework.boot.test.autoconfigure.filter.TypeExcludeFiltersContextCustomizer@351584c0, org.springframework.boot.test.autoconfigure.properties.PropertyMappingContextCustomizer@a3d5432f, org.springframework.boot.test.autoconfigure.web.servlet.WebDriverContextCustomizerFactory$Customizer@115667d, [ImportsContextCustomizer@7224267f key = [io.spring.infrastructure.repository.MyBatisUserRepository, org.springframework.boot.test.autoconfigure.jdbc.TestDatabaseAutoConfiguration, org.springframework.boot.autoconfigure.jdbc.DataSourceAutoConfiguration, org.springframework.boot.autoconfigure.cache.CacheAutoConfiguration, org.springframework.boot.autoconfigure.flyway.FlywayAutoConfiguration, org.springframework.boot.autoconfigure.jdbc.DataSourceTransactionManagerAutoConfiguration, org.springframework.boot.autoconfigure.jdbc.JdbcTemplateAutoConfiguration, org.springframework.boot.autoconfigure.liquibase.LiquibaseAutoConfiguration, org.springframework.boot.autoconfigure.transaction.TransactionAutoConfiguration, org.springframework.boot.autoconfigure.sql.init.SqlInitializationAutoConfiguration, org.mybatis.spring.boot.autoconfigure.MybatisLanguageDriverAutoConfiguration, org.mybatis.spring.boot.autoconfigure.MybatisAutoConfiguration]], org.springframework.boot.test.context.filter.ExcludeFilterContextCustomizer@497486b3, org.springframework.boot.test.json.DuplicateJsonObjectContextCustomizerFactory$DuplicateJsonObjectContextCustomizer@6127a7e, org.springframework.boot.test.mock.mockito.MockitoContextCustomizer@0, org.springframework.boot.test.context.SpringBootTestArgs@1, org.springframework.boot.test.context.SpringBootTestWebEnvironment@0], contextLoader = 'org.springframework.boot.test.context.SpringBootContextLoader', parent = [null]], attributes = map['org.springframework.test.context.event.ApplicationEventsTestExecutionListener.recordApplicationEvents' -> false]]; transaction manager [org.springframework.jdbc.support.JdbcTransactionManager@151daca9]; rollback [true]
    2026-04-15 09:04:28.333 DEBUG 83996 --- [    Test worker] i.s.i.m.mapper.UserMapper.findById       : ==>  Preparing: select id, username, email, password, bio, image from users where id = ?
    2026-04-15 09:04:28.333 DEBUG 83996 --- [    Test worker] i.s.i.m.mapper.UserMapper.findById       : ==> Parameters: 61990b82-8d36-4bc0-ba8f-bc934e1c9e9f(String)
    2026-04-15 09:04:28.333 DEBUG 83996 --- [    Test worker] i.s.i.mybatis.mapper.UserMapper.insert   : ==>  Preparing: insert into users (id, username, email, password, bio, image) values( ?, ?, ?, ?, ?, ? )
    2026-04-15 09:04:28.333 DEBUG 83996 --- [    Test worker] i.s.i.mybatis.mapper.UserMapper.insert   : ==> Parameters: 61990b82-8d36-4bc0-ba8f-bc934e1c9e9f(String), other(String), other@example.com(String), 123(String), (String), (String)
    2026-04-15 09:04:28.333 DEBUG 83996 --- [    Test worker] i.s.i.mybatis.mapper.UserMapper.insert   : <==    Updates: 1
    2026-04-15 09:04:28.333 DEBUG 83996 --- [    Test worker] i.s.i.m.mapper.UserMapper.findRelation   : ==>  Preparing: SELECT F.user_id followUserId, F.follow_id followTargetId from follows F where F.user_id = ? and F.follow_id = ?
    2026-04-15 09:04:28.333 DEBUG 83996 --- [    Test worker] i.s.i.m.mapper.UserMapper.findRelation   : ==> Parameters: b2b14be9-deb9-4ca1-bd96-837da6ca8c24(String), 61990b82-8d36-4bc0-ba8f-bc934e1c9e9f(String)
    2026-04-15 09:04:28.334 DEBUG 83996 --- [    Test worker] i.s.i.m.mapper.UserMapper.saveRelation   : ==>  Preparing: insert into follows(user_id, follow_id) values (?, ?)
    2026-04-15 09:04:28.334 DEBUG 83996 --- [    Test worker] i.s.i.m.mapper.UserMapper.saveRelation   : ==> Parameters: b2b14be9-deb9-4ca1-bd96-837da6ca8c24(String), 61990b82-8d36-4bc0-ba8f-bc934e1c9e9f(String)
    2026-04-15 09:04:28.334 DEBUG 83996 --- [    Test worker] i.s.i.m.mapper.UserMapper.saveRelation   : <==    Updates: 1
    2026-04-15 09:04:28.334 DEBUG 83996 --- [    Test worker] i.s.i.m.mapper.UserMapper.findRelation   : ==>  Preparing: SELECT F.user_id followUserId, F.follow_id followTargetId from follows F where F.user_id = ? and F.follow_id = ?
    2026-04-15 09:04:28.334 DEBUG 83996 --- [    Test worker] i.s.i.m.mapper.UserMapper.findRelation   : ==> Parameters: b2b14be9-deb9-4ca1-bd96-837da6ca8c24(String), 61990b82-8d36-4bc0-ba8f-bc934e1c9e9f(String)
    2026-04-15 09:04:28.334 DEBUG 83996 --- [    Test worker] i.s.i.m.mapper.UserMapper.findRelation   : <==      Total: 1
    2026-04-15 09:04:28.335  INFO 83996 --- [    Test worker] o.s.t.c.transaction.TransactionContext   : Rolled back transaction for test: [DefaultTestContext@38c9a48 testClass = MyBatisUserRepositoryTest, testInstance = io.spring.infrastructure.user.MyBatisUserRepositoryTest@63af8885, testMethod = should_create_new_user_follow_success@MyBatisUserRepositoryTest, testException = [null], mergedContextConfiguration = [MergedContextConfiguration@3fcd5561 testClass = MyBatisUserRepositoryTest, locations = '{}', classes = '{class io.spring.RealWorldApplication}', contextInitializerClasses = '[]', activeProfiles = '{test}', propertySourceLocations = '{}', propertySourceProperties = '{org.mybatis.spring.boot.test.autoconfigure.MybatisTestContextBootstrapper=true}', contextCustomizers = set[org.springframework.boot.test.autoconfigure.OverrideAutoConfigurationContextCustomizerFactory$DisableAutoConfigurationContextCustomizer@4e9bd2c8, org.springframework.boot.test.autoconfigure.actuate.metrics.MetricsExportContextCustomizerFactory$DisableMetricExportContextCustomizer@146587a2, org.springframework.boot.test.autoconfigure.filter.TypeExcludeFiltersContextCustomizer@351584c0, org.springframework.boot.test.autoconfigure.properties.PropertyMappingContextCustomizer@a3d5432f, org.springframework.boot.test.autoconfigure.web.servlet.WebDriverContextCustomizerFactory$Customizer@115667d, [ImportsContextCustomizer@7224267f key = [io.spring.infrastructure.repository.MyBatisUserRepository, org.springframework.boot.test.autoconfigure.jdbc.TestDatabaseAutoConfiguration, org.springframework.boot.autoconfigure.jdbc.DataSourceAutoConfiguration, org.springframework.boot.autoconfigure.cache.CacheAutoConfiguration, org.springframework.boot.autoconfigure.flyway.FlywayAutoConfiguration, org.springframework.boot.autoconfigure.jdbc.DataSourceTransactionManagerAutoConfiguration, org.springframework.boot.autoconfigure.jdbc.JdbcTemplateAutoConfiguration, org.springframework.boot.autoconfigure.liquibase.LiquibaseAutoConfiguration, org.springframework.boot.autoconfigure.transaction.TransactionAutoConfiguration, org.springframework.boot.autoconfigure.sql.init.SqlInitializationAutoConfiguration, org.mybatis.spring.boot.autoconfigure.MybatisLanguageDriverAutoConfiguration, org.mybatis.spring.boot.autoconfigure.MybatisAutoConfiguration]], org.springframework.boot.test.context.filter.ExcludeFilterContextCustomizer@497486b3, org.springframework.boot.test.json.DuplicateJsonObjectContextCustomizerFactory$DuplicateJsonObjectContextCustomizer@6127a7e, org.springframework.boot.test.mock.mockito.MockitoContextCustomizer@0, org.springframework.boot.test.context.SpringBootTestArgs@1, org.springframework.boot.test.context.SpringBootTestWebEnvironment@0], contextLoader = 'org.springframework.boot.test.context.SpringBootContextLoader', parent = [null]], attributes = map['org.springframework.test.context.event.ApplicationEventsTestExecutionListener.recordApplicationEvents' -> false]]

MyBatisUserRepositoryTest > should_save_and_fetch_user_success() STANDARD_OUT
    2026-04-15 09:04:28.336  INFO 83996 --- [    Test worker] o.s.t.c.transaction.TransactionContext   : Began transaction (1) for test context [DefaultTestContext@38c9a48 testClass = MyBatisUserRepositoryTest, testInstance = io.spring.infrastructure.user.MyBatisUserRepositoryTest@3dd4d6e6, testMethod = should_save_and_fetch_user_success@MyBatisUserRepositoryTest, testException = [null], mergedContextConfiguration = [MergedContextConfiguration@3fcd5561 testClass = MyBatisUserRepositoryTest, locations = '{}', classes = '{class io.spring.RealWorldApplication}', contextInitializerClasses = '[]', activeProfiles = '{test}', propertySourceLocations = '{}', propertySourceProperties = '{org.mybatis.spring.boot.test.autoconfigure.MybatisTestContextBootstrapper=true}', contextCustomizers = set[org.springframework.boot.test.autoconfigure.OverrideAutoConfigurationContextCustomizerFactory$DisableAutoConfigurationContextCustomizer@4e9bd2c8, org.springframework.boot.test.autoconfigure.actuate.metrics.MetricsExportContextCustomizerFactory$DisableMetricExportContextCustomizer@146587a2, org.springframework.boot.test.autoconfigure.filter.TypeExcludeFiltersContextCustomizer@351584c0, org.springframework.boot.test.autoconfigure.properties.PropertyMappingContextCustomizer@a3d5432f, org.springframework.boot.test.autoconfigure.web.servlet.WebDriverContextCustomizerFactory$Customizer@115667d, [ImportsContextCustomizer@7224267f key = [io.spring.infrastructure.repository.MyBatisUserRepository, org.springframework.boot.test.autoconfigure.jdbc.TestDatabaseAutoConfiguration, org.springframework.boot.autoconfigure.jdbc.DataSourceAutoConfiguration, org.springframework.boot.autoconfigure.cache.CacheAutoConfiguration, org.springframework.boot.autoconfigure.flyway.FlywayAutoConfiguration, org.springframework.boot.autoconfigure.jdbc.DataSourceTransactionManagerAutoConfiguration, org.springframework.boot.autoconfigure.jdbc.JdbcTemplateAutoConfiguration, org.springframework.boot.autoconfigure.liquibase.LiquibaseAutoConfiguration, org.springframework.boot.autoconfigure.transaction.TransactionAutoConfiguration, org.springframework.boot.autoconfigure.sql.init.SqlInitializationAutoConfiguration, org.mybatis.spring.boot.autoconfigure.MybatisLanguageDriverAutoConfiguration, org.mybatis.spring.boot.autoconfigure.MybatisAutoConfiguration]], org.springframework.boot.test.context.filter.ExcludeFilterContextCustomizer@497486b3, org.springframework.boot.test.json.DuplicateJsonObjectContextCustomizerFactory$DuplicateJsonObjectContextCustomizer@6127a7e, org.springframework.boot.test.mock.mockito.MockitoContextCustomizer@0, org.springframework.boot.test.context.SpringBootTestArgs@1, org.springframework.boot.test.context.SpringBootTestWebEnvironment@0], contextLoader = 'org.springframework.boot.test.context.SpringBootContextLoader', parent = [null]], attributes = map['org.springframework.test.context.event.ApplicationEventsTestExecutionListener.recordApplicationEvents' -> false]]; transaction manager [org.springframework.jdbc.support.JdbcTransactionManager@151daca9]; rollback [true]
    2026-04-15 09:04:28.337 DEBUG 83996 --- [    Test worker] i.s.i.m.mapper.UserMapper.findById       : ==>  Preparing: select id, username, email, password, bio, image from users where id = ?
    2026-04-15 09:04:28.337 DEBUG 83996 --- [    Test worker] i.s.i.m.mapper.UserMapper.findById       : ==> Parameters: 52069680-d15d-4459-9519-624877a48ab5(String)
    2026-04-15 09:04:28.337 DEBUG 83996 --- [    Test worker] i.s.i.mybatis.mapper.UserMapper.insert   : ==>  Preparing: insert into users (id, username, email, password, bio, image) values( ?, ?, ?, ?, ?, ? )
    2026-04-15 09:04:28.337 DEBUG 83996 --- [    Test worker] i.s.i.mybatis.mapper.UserMapper.insert   : ==> Parameters: 52069680-d15d-4459-9519-624877a48ab5(String), aisensiy(String), aisensiy@163.com(String), 123(String), (String), default(String)
    2026-04-15 09:04:28.338 DEBUG 83996 --- [    Test worker] i.s.i.mybatis.mapper.UserMapper.insert   : <==    Updates: 1
    2026-04-15 09:04:28.338 DEBUG 83996 --- [    Test worker] i.s.i.m.m.UserMapper.findByUsername      : ==>  Preparing: select * from users where username = ?
    2026-04-15 09:04:28.338 DEBUG 83996 --- [    Test worker] i.s.i.m.m.UserMapper.findByUsername      : ==> Parameters: aisensiy(String)
    2026-04-15 09:04:28.338 DEBUG 83996 --- [    Test worker] i.s.i.m.m.UserMapper.findByUsername      : <==      Total: 1
    2026-04-15 09:04:28.338 DEBUG 83996 --- [    Test worker] i.s.i.m.mapper.UserMapper.findByEmail    : ==>  Preparing: select id, username, email, password, bio, image from users where email = ?
    2026-04-15 09:04:28.338 DEBUG 83996 --- [    Test worker] i.s.i.m.mapper.UserMapper.findByEmail    : ==> Parameters: aisensiy@163.com(String)
    2026-04-15 09:04:28.338 DEBUG 83996 --- [    Test worker] i.s.i.m.mapper.UserMapper.findByEmail    : <==      Total: 1
    2026-04-15 09:04:28.339  INFO 83996 --- [    Test worker] o.s.t.c.transaction.TransactionContext   : Rolled back transaction for test: [DefaultTestContext@38c9a48 testClass = MyBatisUserRepositoryTest, testInstance = io.spring.infrastructure.user.MyBatisUserRepositoryTest@3dd4d6e6, testMethod = should_save_and_fetch_user_success@MyBatisUserRepositoryTest, testException = [null], mergedContextConfiguration = [MergedContextConfiguration@3fcd5561 testClass = MyBatisUserRepositoryTest, locations = '{}', classes = '{class io.spring.RealWorldApplication}', contextInitializerClasses = '[]', activeProfiles = '{test}', propertySourceLocations = '{}', propertySourceProperties = '{org.mybatis.spring.boot.test.autoconfigure.MybatisTestContextBootstrapper=true}', contextCustomizers = set[org.springframework.boot.test.autoconfigure.OverrideAutoConfigurationContextCustomizerFactory$DisableAutoConfigurationContextCustomizer@4e9bd2c8, org.springframework.boot.test.autoconfigure.actuate.metrics.MetricsExportContextCustomizerFactory$DisableMetricExportContextCustomizer@146587a2, org.springframework.boot.test.autoconfigure.filter.TypeExcludeFiltersContextCustomizer@351584c0, org.springframework.boot.test.autoconfigure.properties.PropertyMappingContextCustomizer@a3d5432f, org.springframework.boot.test.autoconfigure.web.servlet.WebDriverContextCustomizerFactory$Customizer@115667d, [ImportsContextCustomizer@7224267f key = [io.spring.infrastructure.repository.MyBatisUserRepository, org.springframework.boot.test.autoconfigure.jdbc.TestDatabaseAutoConfiguration, org.springframework.boot.autoconfigure.jdbc.DataSourceAutoConfiguration, org.springframework.boot.autoconfigure.cache.CacheAutoConfiguration, org.springframework.boot.autoconfigure.flyway.FlywayAutoConfiguration, org.springframework.boot.autoconfigure.jdbc.DataSourceTransactionManagerAutoConfiguration, org.springframework.boot.autoconfigure.jdbc.JdbcTemplateAutoConfiguration, org.springframework.boot.autoconfigure.liquibase.LiquibaseAutoConfiguration, org.springframework.boot.autoconfigure.transaction.TransactionAutoConfiguration, org.springframework.boot.autoconfigure.sql.init.SqlInitializationAutoConfiguration, org.mybatis.spring.boot.autoconfigure.MybatisLanguageDriverAutoConfiguration, org.mybatis.spring.boot.autoconfigure.MybatisAutoConfiguration]], org.springframework.boot.test.context.filter.ExcludeFilterContextCustomizer@497486b3, org.springframework.boot.test.json.DuplicateJsonObjectContextCustomizerFactory$DuplicateJsonObjectContextCustomizer@6127a7e, org.springframework.boot.test.mock.mockito.MockitoContextCustomizer@0, org.springframework.boot.test.context.SpringBootTestArgs@1, org.springframework.boot.test.context.SpringBootTestWebEnvironment@0], contextLoader = 'org.springframework.boot.test.context.SpringBootContextLoader', parent = [null]], attributes = map['org.springframework.test.context.event.ApplicationEventsTestExecutionListener.recordApplicationEvents' -> false]]

MyBatisUserRepositoryTest > should_unfollow_user_success() STANDARD_OUT
    2026-04-15 09:04:28.340  INFO 83996 --- [    Test worker] o.s.t.c.transaction.TransactionContext   : Began transaction (1) for test context [DefaultTestContext@38c9a48 testClass = MyBatisUserRepositoryTest, testInstance = io.spring.infrastructure.user.MyBatisUserRepositoryTest@4898cd22, testMethod = should_unfollow_user_success@MyBatisUserRepositoryTest, testException = [null], mergedContextConfiguration = [MergedContextConfiguration@3fcd5561 testClass = MyBatisUserRepositoryTest, locations = '{}', classes = '{class io.spring.RealWorldApplication}', contextInitializerClasses = '[]', activeProfiles = '{test}', propertySourceLocations = '{}', propertySourceProperties = '{org.mybatis.spring.boot.test.autoconfigure.MybatisTestContextBootstrapper=true}', contextCustomizers = set[org.springframework.boot.test.autoconfigure.OverrideAutoConfigurationContextCustomizerFactory$DisableAutoConfigurationContextCustomizer@4e9bd2c8, org.springframework.boot.test.autoconfigure.actuate.metrics.MetricsExportContextCustomizerFactory$DisableMetricExportContextCustomizer@146587a2, org.springframework.boot.test.autoconfigure.filter.TypeExcludeFiltersContextCustomizer@351584c0, org.springframework.boot.test.autoconfigure.properties.PropertyMappingContextCustomizer@a3d5432f, org.springframework.boot.test.autoconfigure.web.servlet.WebDriverContextCustomizerFactory$Customizer@115667d, [ImportsContextCustomizer@7224267f key = [io.spring.infrastructure.repository.MyBatisUserRepository, org.springframework.boot.test.autoconfigure.jdbc.TestDatabaseAutoConfiguration, org.springframework.boot.autoconfigure.jdbc.DataSourceAutoConfiguration, org.springframework.boot.autoconfigure.cache.CacheAutoConfiguration, org.springframework.boot.autoconfigure.flyway.FlywayAutoConfiguration, org.springframework.boot.autoconfigure.jdbc.DataSourceTransactionManagerAutoConfiguration, org.springframework.boot.autoconfigure.jdbc.JdbcTemplateAutoConfiguration, org.springframework.boot.autoconfigure.liquibase.LiquibaseAutoConfiguration, org.springframework.boot.autoconfigure.transaction.TransactionAutoConfiguration, org.springframework.boot.autoconfigure.sql.init.SqlInitializationAutoConfiguration, org.mybatis.spring.boot.autoconfigure.MybatisLanguageDriverAutoConfiguration, org.mybatis.spring.boot.autoconfigure.MybatisAutoConfiguration]], org.springframework.boot.test.context.filter.ExcludeFilterContextCustomizer@497486b3, org.springframework.boot.test.json.DuplicateJsonObjectContextCustomizerFactory$DuplicateJsonObjectContextCustomizer@6127a7e, org.springframework.boot.test.mock.mockito.MockitoContextCustomizer@0, org.springframework.boot.test.context.SpringBootTestArgs@1, org.springframework.boot.test.context.SpringBootTestWebEnvironment@0], contextLoader = 'org.springframework.boot.test.context.SpringBootContextLoader', parent = [null]], attributes = map['org.springframework.test.context.event.ApplicationEventsTestExecutionListener.recordApplicationEvents' -> false]]; transaction manager [org.springframework.jdbc.support.JdbcTransactionManager@151daca9]; rollback [true]
    2026-04-15 09:04:28.341 DEBUG 83996 --- [    Test worker] i.s.i.m.mapper.UserMapper.findById       : ==>  Preparing: select id, username, email, password, bio, image from users where id = ?
    2026-04-15 09:04:28.341 DEBUG 83996 --- [    Test worker] i.s.i.m.mapper.UserMapper.findById       : ==> Parameters: 144dbe3e-f964-4bb0-aa41-230da62e12a0(String)
    2026-04-15 09:04:28.341 DEBUG 83996 --- [    Test worker] i.s.i.mybatis.mapper.UserMapper.insert   : ==>  Preparing: insert into users (id, username, email, password, bio, image) values( ?, ?, ?, ?, ?, ? )
    2026-04-15 09:04:28.341 DEBUG 83996 --- [    Test worker] i.s.i.mybatis.mapper.UserMapper.insert   : ==> Parameters: 144dbe3e-f964-4bb0-aa41-230da62e12a0(String), other(String), other@example.com(String), 123(String), (String), (String)
    2026-04-15 09:04:28.341 DEBUG 83996 --- [    Test worker] i.s.i.mybatis.mapper.UserMapper.insert   : <==    Updates: 1
    2026-04-15 09:04:28.342 DEBUG 83996 --- [    Test worker] i.s.i.m.mapper.UserMapper.findRelation   : ==>  Preparing: SELECT F.user_id followUserId, F.follow_id followTargetId from follows F where F.user_id = ? and F.follow_id = ?
    2026-04-15 09:04:28.342 DEBUG 83996 --- [    Test worker] i.s.i.m.mapper.UserMapper.findRelation   : ==> Parameters: 75173e6d-f23d-429c-818b-8cb85e55da87(String), 144dbe3e-f964-4bb0-aa41-230da62e12a0(String)
    2026-04-15 09:04:28.342 DEBUG 83996 --- [    Test worker] i.s.i.m.mapper.UserMapper.saveRelation   : ==>  Preparing: insert into follows(user_id, follow_id) values (?, ?)
    2026-04-15 09:04:28.342 DEBUG 83996 --- [    Test worker] i.s.i.m.mapper.UserMapper.saveRelation   : ==> Parameters: 75173e6d-f23d-429c-818b-8cb85e55da87(String), 144dbe3e-f964-4bb0-aa41-230da62e12a0(String)
    2026-04-15 09:04:28.342 DEBUG 83996 --- [    Test worker] i.s.i.m.mapper.UserMapper.saveRelation   : <==    Updates: 1
    2026-04-15 09:04:28.342 DEBUG 83996 --- [    Test worker] i.s.i.m.m.UserMapper.deleteRelation      : ==>  Preparing: delete from follows where user_id = ? and follow_id = ?
    2026-04-15 09:04:28.342 DEBUG 83996 --- [    Test worker] i.s.i.m.m.UserMapper.deleteRelation      : ==> Parameters: 75173e6d-f23d-429c-818b-8cb85e55da87(String), 144dbe3e-f964-4bb0-aa41-230da62e12a0(String)
    2026-04-15 09:04:28.342 DEBUG 83996 --- [    Test worker] i.s.i.m.m.UserMapper.deleteRelation      : <==    Updates: 1
    2026-04-15 09:04:28.343 DEBUG 83996 --- [    Test worker] i.s.i.m.mapper.UserMapper.findRelation   : ==>  Preparing: SELECT F.user_id followUserId, F.follow_id followTargetId from follows F where F.user_id = ? and F.follow_id = ?
    2026-04-15 09:04:28.343 DEBUG 83996 --- [    Test worker] i.s.i.m.mapper.UserMapper.findRelation   : ==> Parameters: 75173e6d-f23d-429c-818b-8cb85e55da87(String), 144dbe3e-f964-4bb0-aa41-230da62e12a0(String)
    2026-04-15 09:04:28.343  INFO 83996 --- [    Test worker] o.s.t.c.transaction.TransactionContext   : Rolled back transaction for test: [DefaultTestContext@38c9a48 testClass = MyBatisUserRepositoryTest, testInstance = io.spring.infrastructure.user.MyBatisUserRepositoryTest@4898cd22, testMethod = should_unfollow_user_success@MyBatisUserRepositoryTest, testException = [null], mergedContextConfiguration = [MergedContextConfiguration@3fcd5561 testClass = MyBatisUserRepositoryTest, locations = '{}', classes = '{class io.spring.RealWorldApplication}', contextInitializerClasses = '[]', activeProfiles = '{test}', propertySourceLocations = '{}', propertySourceProperties = '{org.mybatis.spring.boot.test.autoconfigure.MybatisTestContextBootstrapper=true}', contextCustomizers = set[org.springframework.boot.test.autoconfigure.OverrideAutoConfigurationContextCustomizerFactory$DisableAutoConfigurationContextCustomizer@4e9bd2c8, org.springframework.boot.test.autoconfigure.actuate.metrics.MetricsExportContextCustomizerFactory$DisableMetricExportContextCustomizer@146587a2, org.springframework.boot.test.autoconfigure.filter.TypeExcludeFiltersContextCustomizer@351584c0, org.springframework.boot.test.autoconfigure.properties.PropertyMappingContextCustomizer@a3d5432f, org.springframework.boot.test.autoconfigure.web.servlet.WebDriverContextCustomizerFactory$Customizer@115667d, [ImportsContextCustomizer@7224267f key = [io.spring.infrastructure.repository.MyBatisUserRepository, org.springframework.boot.test.autoconfigure.jdbc.TestDatabaseAutoConfiguration, org.springframework.boot.autoconfigure.jdbc.DataSourceAutoConfiguration, org.springframework.boot.autoconfigure.cache.CacheAutoConfiguration, org.springframework.boot.autoconfigure.flyway.FlywayAutoConfiguration, org.springframework.boot.autoconfigure.jdbc.DataSourceTransactionManagerAutoConfiguration, org.springframework.boot.autoconfigure.jdbc.JdbcTemplateAutoConfiguration, org.springframework.boot.autoconfigure.liquibase.LiquibaseAutoConfiguration, org.springframework.boot.autoconfigure.transaction.TransactionAutoConfiguration, org.springframework.boot.autoconfigure.sql.init.SqlInitializationAutoConfiguration, org.mybatis.spring.boot.autoconfigure.MybatisLanguageDriverAutoConfiguration, org.mybatis.spring.boot.autoconfigure.MybatisAutoConfiguration]], org.springframework.boot.test.context.filter.ExcludeFilterContextCustomizer@497486b3, org.springframework.boot.test.json.DuplicateJsonObjectContextCustomizerFactory$DuplicateJsonObjectContextCustomizer@6127a7e, org.springframework.boot.test.mock.mockito.MockitoContextCustomizer@0, org.springframework.boot.test.context.SpringBootTestArgs@1, org.springframework.boot.test.context.SpringBootTestWebEnvironment@0], contextLoader = 'org.springframework.boot.test.context.SpringBootContextLoader', parent = [null]], attributes = map['org.springframework.test.context.event.ApplicationEventsTestExecutionListener.recordApplicationEvents' -> false]]

Gradle Test Executor 1 finished executing tests.

> Task :test
2026-04-15 09:04:28.356  INFO 83996 --- [ionShutdownHook] com.zaxxer.hikari.HikariDataSource       : HikariPool-1 - Shutdown initiated...
2026-04-15 09:04:28.367  INFO 83996 --- [ionShutdownHook] com.zaxxer.hikari.HikariDataSource       : HikariPool-1 - Shutdown completed.
2026-04-15 09:04:28.380  INFO 83996 --- [ionShutdownHook] com.zaxxer.hikari.HikariDataSource       : HikariPool-2 - Shutdown initiated...
2026-04-15 09:04:28.382  INFO 83996 --- [ionShutdownHook] com.zaxxer.hikari.HikariDataSource       : HikariPool-2 - Shutdown completed.
2026-04-15 09:04:28.383  INFO 83996 --- [ionShutdownHook] com.zaxxer.hikari.HikariDataSource       : HikariPool-3 - Shutdown initiated...
2026-04-15 09:04:28.384  INFO 83996 --- [ionShutdownHook] com.zaxxer.hikari.HikariDataSource       : HikariPool-3 - Shutdown completed.
2026-04-15 09:04:28.385  INFO 83996 --- [ionShutdownHook] com.zaxxer.hikari.HikariDataSource       : HikariPool-4 - Shutdown initiated...
2026-04-15 09:04:28.386  INFO 83996 --- [ionShutdownHook] com.zaxxer.hikari.HikariDataSource       : HikariPool-4 - Shutdown completed.
2026-04-15 09:04:28.387  INFO 83996 --- [ionShutdownHook] com.zaxxer.hikari.HikariDataSource       : HikariPool-5 - Shutdown initiated...
2026-04-15 09:04:28.388  INFO 83996 --- [ionShutdownHook] com.zaxxer.hikari.HikariDataSource       : HikariPool-5 - Shutdown completed.
2026-04-15 09:04:28.391  INFO 83996 --- [ionShutdownHook] com.zaxxer.hikari.HikariDataSource       : HikariPool-6 - Shutdown initiated...
2026-04-15 09:04:28.392  INFO 83996 --- [ionShutdownHook] com.zaxxer.hikari.HikariDataSource       : HikariPool-6 - Shutdown completed.
2026-04-15 09:04:28.393  INFO 83996 --- [ionShutdownHook] com.zaxxer.hikari.HikariDataSource       : HikariPool-7 - Shutdown initiated...
2026-04-15 09:04:28.394  INFO 83996 --- [ionShutdownHook] com.zaxxer.hikari.HikariDataSource       : HikariPool-7 - Shutdown completed.
2026-04-15 09:04:28.395  INFO 83996 --- [ionShutdownHook] com.zaxxer.hikari.HikariDataSource       : HikariPool-8 - Shutdown initiated...
2026-04-15 09:04:28.397  INFO 83996 --- [ionShutdownHook] com.zaxxer.hikari.HikariDataSource       : HikariPool-8 - Shutdown completed.
2026-04-15 09:04:28.398  INFO 83996 --- [ionShutdownHook] com.zaxxer.hikari.HikariDataSource       : HikariPool-9 - Shutdown initiated...
2026-04-15 09:04:28.399  INFO 83996 --- [ionShutdownHook] com.zaxxer.hikari.HikariDataSource       : HikariPool-9 - Shutdown completed.
2026-04-15 09:04:28.402  INFO 83996 --- [ionShutdownHook] com.zaxxer.hikari.HikariDataSource       : HikariPool-10 - Shutdown initiated...
2026-04-15 09:04:28.404  INFO 83996 --- [ionShutdownHook] com.zaxxer.hikari.HikariDataSource       : HikariPool-10 - Shutdown completed.
Finished generating test XML results (0.071 secs) into: /home/ubuntu/repos/spring-boot-realworld-example-app/build/test-results/test
Generating HTML test report...
Finished generating test html results (0.073 secs) into: /home/ubuntu/repos/spring-boot-realworld-example-app/build/reports/tests/test
Watching 97 directories to track changes
Watching 102 directories to track changes
Watching 103 directories to track changes
:test (Thread[Execution worker for ':' Thread 6,5,main]) completed. Took 17.421 secs.
producer locations for task group 1 (Thread[Execution worker for ':' Thread 6,5,main]) started.
producer locations for task group 1 (Thread[Execution worker for ':' Thread 6,5,main]) completed. Took 0.0 secs.

BUILD SUCCESSFUL in 24s
5 actionable tasks: 5 executed
